wasmthing.export_chacha_enable("M".charCodeAt(0))
Array [ 77 ]
arras.io:200:21
undefined
bigf 0, fa=1415250072, y=2715669, r=307, n=428580, *n=-402932954, g=332728, *g=0, xd=0, *xd=
bigf 1, fa=1415250072, y=1671, r=294, n=428580, *n=-402932954, g=332736, *g=2006, xd=1420944, *xd=0
bigf 2, fa=1415250072, y=1, r=46, n=428580, *n=-402932954, g=332744, *g=9, xd=-9223372036854773802, *xd=0
bigf 3, fa=1415250072, y=3263589, r=618, n=428584, *n=-1415248072, g=332752, *g=719032, xd=1, *xd=0
bigf 4, fa=1415250072, y=2008, r=589, n=428584, *n=-1415248072, g=332744, *g=2006, xd=-9223372036854773801, *xd=0
bigf 5, fa=1415250072, y=1, r=383, n=428588, *n=-269296388, g=332744, *g=2006, xd=-9223372036854773801, *xd=0
bigf 6, fa=1145953684, y=3213372, r=342, n=428596, *n=-1145948324, g=332744, *g=2006, xd=-9223372036854773801, *xd=0
bigf 7, fa=1145953684, y=1977, r=747, n=428596, *n=-1145948324, g=332728, *g=0, xd=0, *xd=
bigf 8, fa=1145953684, y=1, r=352, n=428596, *n=-1145948324, g=332736, *g=1422944, xd=718272, *xd=531157731
bigf 9, fa=1145953684, y=3662961, r=793, n=428604, *n=1001529964, g=332736, *g=1422944, xd=723632, *xd=49
bigf 10, fa=1145953684, y=2254, r=211, n=428604, *n=1001529964, g=332736, *g=1422944, xd=49, *xd=0
bigf 11, fa=1145953684, y=1, r=629, n=428604, *n=1001529964, g=332736, *g=1422944, xd=49, *xd=0
bigf 12, fa=1145953684, y=3105661, r=468, n=428612, *n=523754062, g=332744, *g=2006, xd=2147483648, *xd=
bigf 13, fa=1145953684, y=1911, r=286, n=428612, *n=523754062, g=332736, *g=49, xd=0, *xd=
bigf 14, fa=1145953684, y=1, r=286, n=428612, *n=523754062, g=332736, *g=49, xd=0, *xd=
bigf 15, fa=1145953684, y=3668137, r=746, n=428616, *n=-1144731712, g=332736, *g=49, xd=0, *xd=
bigf 16, fa=1145953684, y=2257, r=512, n=428620, *n=-260450304, g=332728, *g=0, xd=0, *xd=
bigf 17, fa=1145953684, y=1, r=632, n=428620, *n=-260450304, g=332736, *g=49, xd=1398520, *xd=1078390861
bigf 18, fa=1145953684, y=1960, r=550, n=428624, *n=-133761918, g=332744, *g=2006, xd=255, *xd=0
bigf 19, fa=1145953684, y=1, r=335, n=428624, *n=-133761918, g=332736, *g=1398520, xd=248, *xd=0
bigf 20, fa=1145953684, y=3263512, r=391, n=428628, *n=583058097, g=332736, *g=1398520, xd=248, *xd=0
bigf 21, fa=1145953684, y=2008, r=512, n=428628, *n=583058097, g=332728, *g=0, xd=0, *xd=
bigf 22, fa=1145953684, y=1, r=383, n=428628, *n=583058097, g=332736, *g=1398520, xd=1398520, *xd=1078390861
bigf 23, fa=1729011781, y=3045800, r=629, n=428636, *n=-1729012037, g=332736, *g=1398520, xd=1398520, *xd=1078390861
bigf 24, fa=1729011781, y=1874, r=550, n=428640, *n=-456044890, g=332744, *g=2006, xd=4294967040, *xd=
bigf 25, fa=1729011781, y=1, r=249, n=428640, *n=-456044890, g=332736, *g=1398520, xd=1398272, *xd=-8388747
bigf 26, fa=1729011781, y=3423989, r=391, n=428644, *n=-973327890, g=332736, *g=1398520, xd=1398272, *xd=-8388747
bigf 27, fa=1729011781, y=2107, r=114, n=428644, *n=-973327890, g=332728, *g=0, xd=0, *xd=
bigf 28, fa=1729011781, y=1, r=482, n=428644, *n=-973327890, g=332736, *g=1398520, xd=49, *xd=0
bigf 29, fa=1729011781, y=3105661, r=391, n=428648, *n=358366092, g=332736, *g=1398520, xd=49, *xd=0
bigf 30, fa=1729011781, y=1911, r=286, n=428648, *n=358366092, g=332728, *g=0, xd=0, *xd=
bigf 31, fa=1729011781, y=1, r=286, n=428648, *n=358366092, g=332728, *g=0, xd=0, *xd=
bigf 32, fa=1729011781, y=3925165, r=373, n=428652, *n=-1728688761, g=332728, *g=0, xd=0, *xd=
bigf 33, fa=1729011781, y=3662848, r=717, n=323024, *n=418471868, g=332728, *g=0, xd=0, *xd=
bigf 34, fa=1729011781, y=1, r=629, n=323024, *n=418471868, g=332736, *g=1398520, xd=2147483649, *xd=
bigf 35, fa=1729011781, y=3105758, r=468, n=323032, *n=712652740, g=332744, *g=2006, xd=2147483649, *xd=
bigf 36, fa=1729011781, y=1911, r=383, n=323032, *n=712652740, g=332736, *g=-2147483647, xd=1, *xd=0
bigf 37, fa=-1853302775, y=1, r=286, n=323036, *n=-1542686150, g=332736, *g=-2147483647, xd=1, *xd=0
bigf 38, fa=-1853302775, y=3193842, r=746, n=323040, *n=1853956355, g=332736, *g=-2147483647, xd=1, *xd=0
bigf 39, fa=-1853302775, y=3663133, r=429, n=653584, *n=-961711167, g=332728, *g=0, xd=0, *xd=
bigf 40, fa=-1853302775, y=2254, r=383, n=653584, *n=-961711167, g=332736, *g=-2147483647, xd=49, *xd=0
bigf 41, fa=1479953354, y=1, r=629, n=653588, *n=667530298, g=332736, *g=-2147483647, xd=49, *xd=0
bigf 42, fa=1479953354, y=3105661, r=468, n=653596, *n=-346502108, g=332744, *g=2006, xd=2147483652, *xd=
bigf 43, fa=1479953354, y=1911, r=286, n=653596, *n=-346502108, g=332736, *g=49, xd=0, *xd=
bigf 44, fa=1479953354, y=1, r=286, n=653596, *n=-346502108, g=332736, *g=49, xd=0, *xd=
bigf 45, fa=1479953354, y=3338133, r=746, n=653600, *n=-1479395030, g=332736, *g=49, xd=0, *xd=
bigf 46, fa=1479953354, y=2054, r=383, n=653604, *n=-405119871, g=332728, *g=0, xd=0, *xd=
bigf 47, fa=1074833483, y=1, r=429, n=653608, *n=-318799979, g=332728, *g=0, xd=0, *xd=
bigf 48, fa=1074833483, y=3105876, r=629, n=653612, *n=1072650165, g=332736, *g=49, xd=49, *xd=0
bigf 49, fa=1074833483, y=1911, r=501, n=653616, *n=1019299888, g=332744, *g=2006, xd=2147483648, *xd=
bigf 50, fa=1074833483, y=1, r=286, n=653616, *n=1019299888, g=332736, *g=49, xd=1, *xd=0
bigf 51, fa=1074833483, y=3929322, r=746, n=653620, *n=-1073650631, g=332736, *g=49, xd=1, *xd=0
bigf 52, fa=1074833483, y=3531637, r=41, n=1182856, *n=58630505, g=332728, *g=0, xd=0, *xd=
bigf 53, fa=1074833483, y=2173, r=512, n=1182856, *n=58630505, g=332736, *g=49, xd=248, *xd=0
bigf 54, fa=1074833483, y=1, r=548, n=1182856, *n=58630505, g=332744, *g=2006, xd=1398272, *xd=-8388747
bigf 55, fa=1074833483, y=3338141, r=488, n=1182860, *n=-517300229, g=332736, *g=248, xd=1398520, *xd=1078390861
bigf 56, fa=1074833483, y=2054, r=391, n=1182860, *n=-517300229, g=332736, *g=248, xd=1398520, *xd=1078390861
bigf 57, fa=1074833483, y=1, r=429, n=1182860, *n=-517300229, g=332728, *g=0, xd=0, *xd=
bigf 58, fa=1074833483, y=2983722, r=629, n=1182864, *n=1072650165, g=332736, *g=248, xd=49, *xd=0
bigf 59, fa=1074833483, y=1836, r=222, n=1182868, *n=1014086164, g=332744, *g=2006, xd=2147483648, *xd=
bigf 60, fa=1074833483, y=1, r=211, n=1182868, *n=1014086164, g=332736, *g=49, xd=2147483697, *xd=
bigf 61, fa=1074833483, y=3926114, r=22, n=1182872, *n=74534275, g=332736, *g=49, xd=2147483697, *xd=
bigf 62, fa=1074833483, y=2416, r=114, n=1182872, *n=74534275, g=332744, *g=2006, xd=2, *xd=0
bigf 63, fa=1074833483, y=1, r=791, n=1182872, *n=74534275, g=332752, *g=719032, xd=2147483697, *xd=
bigf 64, fa=1074833483, y=3347928, r=383, n=1182876, *n=-1596654319, g=332760, *g=9, xd=4, *xd=0
bigf 65, fa=-521820836, y=2060, r=428, n=1182880, *n=-1687045430, g=332760, *g=9, xd=4, *xd=0
bigf 66, fa=-521820836, y=1, r=435, n=1182880, *n=-1687045430, g=332752, *g=-2147483599, xd=0, *xd=
bigf 67, fa=-521820836, y=3924379, r=780, n=1182884, *n=522310580, g=332736, *g=-2147483599, xd=2, *xd=0
bigf 68, fa=-521820836, y=2810035, r=307, n=1243216, *n=1554927790, g=332728, *g=0, xd=0, *xd=
bigf 69, fa=-521820836, y=1729, r=410, n=1243216, *n=1554927790, g=332736, *g=-2147483599, xd=1420944, *xd=0
bigf 70, fa=-521820836, y=1, r=104, n=1243216, *n=1554927790, g=332744, *g=2, xd=1398520, *xd=1078390861
bigf 71, fa=-521820836, y=3276383, r=204, n=1243220, *n=-1270275318, g=332752, *g=-2147483599, xd=9, *xd=0
bigf 72, fa=-521820836, y=2016, r=383, n=1243220, *n=-1270275318, g=332752, *g=-2147483599, xd=9, *xd=0
bigf 73, fa=-1792096154, y=1, r=391, n=1243224, *n=-1461828925, g=332752, *g=-2147483599, xd=9, *xd=0
bigf 74, fa=-1792096154, y=3281266, r=592, n=1243228, *n=-1089114251, g=332744, *g=1398520, xd=1398520, *xd=1078390861
bigf 75, fa=-1792096154, y=2019, r=391, n=1243228, *n=-1089114251, g=332744, *g=1398520, xd=1398520, *xd=1078390861
bigf 76, fa=-1792096154, y=1, r=394, n=1243228, *n=-1089114251, g=332736, *g=1420944, xd=1420944, *xd=0
bigf 77, fa=-1792096154, y=3510629, r=391, n=1243232, *n=1792414314, g=332736, *g=1420944, xd=1420944, *xd=0
bigf 78, fa=-1792096154, y=2160, r=629, n=1243232, *n=1792414314, g=332728, *g=0, xd=0, *xd=
bigf 79, fa=-1792096154, y=1, r=535, n=1243236, *n=-595177626, g=332736, *g=1420944, xd=318160, *xd=-1818886144
bigf 80, fa=-1792096154, y=3814590, r=391, n=1243240, *n=-614501771, g=332736, *g=1420944, xd=318160, *xd=-1818886144
bigf 81, fa=-1792096154, y=2347, r=715, n=1243240, *n=-614501771, g=332728, *g=0, xd=0, *xd=
bigf 82, fa=-1792096154, y=1, r=722, n=1243240, *n=-614501771, g=332736, *g=1420944, xd=9, *xd=0
bigf 83, fa=-1792096154, y=3802698, r=746, n=1243244, *n=1793069654, g=332736, *g=1420944, xd=0, *xd=
bigf 84, fa=-1792096154, y=2340, r=198, n=1243248, *n=2131100882, g=332728, *g=0, xd=0, *xd=
bigf 85, fa=-1792096154, y=1, r=715, n=1243248, *n=2131100882, g=332736, *g=1420944, xd=318160, *xd=-1818886144
bigf 86, fa=-1792096154, y=2849243, r=478, n=1243252, *n=2117537188, g=332744, *g=1398520, xd=9, *xd=0
bigf 87, fa=-1792096154, y=1753, r=618, n=1243252, *n=2117537188, g=332752, *g=-2147483599, xd=4294967295, *xd=
bigf 88, fa=-1792096154, y=1, r=128, n=1243252, *n=2117537188, g=332744, *g=9, xd=4294967304, *xd=0
bigf 89, fa=-1792096154, y=2840896, r=659, n=1243256, *n=1913790977, g=332744, *g=9, xd=8, *xd=0
bigf 90, fa=-1792096154, y=1, r=123, n=1243256, *n=1913790977, g=332744, *g=9, xd=8, *xd=0
bigf 91, fa=-1792096154, y=2715514, r=198, n=1243260, *n=-761923524, g=332728, *g=0, xd=0, *xd=
bigf 92, fa=-1792096154, y=1671, r=139, n=1243260, *n=-761923524, g=332736, *g=318556, xd=318160, *xd=-1818886144
bigf 93, fa=-1792096154, y=1, r=46, n=1243260, *n=-761923524, g=332744, *g=9, xd=1398520, *xd=1078390861
bigf 94, fa=-1792096154, y=3711977, r=618, n=1243264, *n=2117515796, g=332752, *g=-2147483599, xd=1, *xd=0
bigf 95, fa=-1792096154, y=2284, r=477, n=1243264, *n=2117515796, g=332744, *g=1398520, xd=1398521, *xd=-1019197712
bigf 96, fa=-1792096154, y=1, r=659, n=1243264, *n=2117515796, g=332744, *g=1398520, xd=1398521, *xd=-1019197712
bigf 97, fa=-1792096154, y=1748, r=383, n=1243268, *n=-87077657, g=332744, *g=1398520, xd=1398521, *xd=-1019197712
bigf 98, fa=-1879173811, y=1, r=123, n=1243272, *n=-1963910096, g=332744, *g=1398520, xd=1398521, *xd=-1019197712
bigf 99, fa=-1879173811, y=2918707, r=139, n=1243276, *n=-2067191353, g=332728, *g=0, xd=0, *xd=
bigf 100, fa=-1879173811, y=1796, r=207, n=1243276, *n=-2067191353, g=332736, *g=318552, xd=1398520, *xd=1078390861
bigf 101, fa=-1879173811, y=1, r=171, n=1243276, *n=-2067191353, g=332736, *g=318552, xd=77, *xd=0
bigf 102, fa=-1879173811, y=2855149, r=632, n=1243280, *n=-2106479132, g=332736, *g=318552, xd=77, *xd=0
bigf 103, fa=-1879173811, y=1, r=132, n=1243280, *n=-2106479132, g=332744, *g=1398520, xd=24, *xd=0
bigf 104, fa=-1879173811, y=2830972, r=478, n=1243284, *n=-1660109316, g=332736, *g=77, xd=1291845632, *xd=
bigf 105, fa=-1879173811, y=1742, r=222, n=1243284, *n=-1660109316, g=332744, *g=1398520, xd=4294967295, *xd=
bigf 106, fa=-1879173811, y=1, r=117, n=1243284, *n=-1660109316, g=332736, *g=1291845632, xd=3003121663, *xd=
bigf 107, fa=-1879173811, y=3105661, r=669, n=1243288, *n=-329684330, g=332736, *g=1291845632, xd=0, *xd=
bigf 108, fa=-1879173811, y=1911, r=286, n=1243288, *n=-329684330, g=332736, *g=1291845632, xd=0, *xd=
bigf 109, fa=-1879173811, y=1, r=286, n=1243288, *n=-329684330, g=332736, *g=1291845632, xd=0, *xd=
bigf 110, fa=-1879173811, y=3924384, r=780, n=1243292, *n=1880236091, g=332736, *g=1291845632, xd=0, *xd=
bigf 111, fa=-1879173811, y=3276204, r=791, n=1062284, *n=-746295751, g=332728, *g=0, xd=0, *xd=
bigf 112, fa=-1879173811, y=2016, r=204, n=1062284, *n=-746295751, g=332736, *g=1291845632, xd=4, *xd=0
bigf 113, fa=-1879173811, y=1, r=391, n=1062284, *n=-746295751, g=332736, *g=1291845632, xd=4, *xd=0
bigf 114, fa=-1879173811, y=3668008, r=359, n=1062288, *n=87077657, g=332728, *g=0, xd=0, *xd=
bigf 115, fa=-1879173811, y=2257, r=383, n=1062288, *n=87077657, g=332736, *g=1291845632, xd=77, *xd=0
bigf 116, fa=-1792096154, y=1, r=632, n=1062292, *n=-1572477137, g=332736, *g=1291845632, xd=77, *xd=0
bigf 117, fa=-1792096154, y=1977, r=550, n=1062296, *n=1792096087, g=332744, *g=1398520, xd=255, *xd=0
bigf 118, fa=-1792096154, y=1, r=352, n=1062296, *n=1792096087, g=332736, *g=77, xd=77, *xd=0
bigf 119, fa=-1792096154, y=3924428, r=780, n=1062304, *n=1792792758, g=332736, *g=77, xd=4294967306, *xd=0
bigf 120, fa=-1792096154, y=3106097, r=648, n=816684, *n=-791423646, g=332728, *g=0, xd=0, *xd=
bigf 121, fa=-1792096154, y=1911, r=722, n=816684, *n=-791423646, g=332736, *g=77, xd=8, *xd=0
bigf 122, fa=-1792096154, y=1, r=286, n=816684, *n=-791423646, g=332736, *g=77, xd=0, *xd=
bigf 123, fa=-1792096154, y=3693823, r=746, n=816688, *n=1793069654, g=332736, *g=77, xd=0, *xd=
bigf 124, fa=-1792096154, y=2273, r=198, n=816692, *n=-2050319539, g=332728, *g=0, xd=0, *xd=
bigf 125, fa=-1792096154, y=1, r=648, n=816692, *n=-2050319539, g=332736, *g=77, xd=318160, *xd=-1818886144
bigf 126, fa=-1792096154, y=2919118, r=478, n=816696, *n=-1490867608, g=332744, *g=1398520, xd=8, *xd=0
bigf 127, fa=-1792096154, y=1796, r=618, n=816696, *n=-1490867608, g=332752, *g=-2147483599, xd=4294967295, *xd=
bigf 128, fa=-1792096154, y=1, r=171, n=816696, *n=-1490867608, g=332744, *g=8, xd=4294967303, *xd=0
bigf 129, fa=-1792096154, y=3263396, r=659, n=816700, *n=1831699054, g=332744, *g=8, xd=7, *xd=0
bigf 130, fa=-1792096154, y=1, r=383, n=816700, *n=1831699054, g=332744, *g=8, xd=7, *xd=0
bigf 131, fa=39602900, y=2699323, r=123, n=816708, *n=1524651396, g=332744, *g=8, xd=7, *xd=0
bigf 132, fa=39602900, y=1661, r=198, n=816708, *n=1524651396, g=332728, *g=0, xd=0, *xd=
bigf 133, fa=39602900, y=1, r=36, n=816708, *n=1524651396, g=332736, *g=318556, xd=318160, *xd=-1818886144
bigf 134, fa=39602900, y=3603243, r=46, n=816712, *n=285831634, g=332744, *g=8, xd=1398521, *xd=-1019197712
bigf 135, fa=39602900, y=2217, r=618, n=816712, *n=285831634, g=332752, *g=-2147483599, xd=1, *xd=0
bigf 136, fa=39602900, y=1, r=592, n=816712, *n=285831634, g=332744, *g=1398521, xd=1398522, *xd=834879558
bigf 137, fa=39602900, y=2840892, r=659, n=816716, *n=499421011, g=332744, *g=1398521, xd=1398522, *xd=834879558
bigf 138, fa=39602900, y=1, r=123, n=816716, *n=499421011, g=332744, *g=1398521, xd=1398522, *xd=834879558
bigf 139, fa=39602900, y=2972332, r=36, n=816720, *n=308999232, g=332728, *g=0, xd=0, *xd=
bigf 140, fa=39602900, y=1829, r=207, n=816720, *n=308999232, g=332736, *g=318552, xd=1398521, *xd=-1019197712
bigf 141, fa=39602900, y=1, r=204, n=816720, *n=308999232, g=332736, *g=318552, xd=240, *xd=0
bigf 142, fa=39602900, y=2855149, r=632, n=816724, *n=269711453, g=332736, *g=318552, xd=240, *xd=0
bigf 143, fa=39602900, y=1, r=132, n=816724, *n=269711453, g=332744, *g=1398521, xd=24, *xd=0
bigf 144, fa=39602900, y=2830972, r=478, n=816728, *n=716081269, g=332736, *g=240, xd=4026531840, *xd=
bigf 145, fa=39602900, y=1742, r=222, n=816728, *n=716081269, g=332744, *g=1398521, xd=4294967295, *xd=
bigf 146, fa=39602900, y=1, r=117, n=816728, *n=716081269, g=332736, *g=-268435456, xd=268435455, *xd=
bigf 147, fa=39602900, y=3105661, r=669, n=816732, *n=2046506255, g=332736, *g=-268435456, xd=4, *xd=0
bigf 148, fa=39602900, y=1911, r=286, n=816732, *n=2046506255, g=332736, *g=-268435456, xd=4, *xd=0
bigf 149, fa=39602900, y=1, r=286, n=816732, *n=2046506255, g=332736, *g=-268435456, xd=4, *xd=0
bigf 150, fa=39602900, y=3924384, r=780, n=816736, *n=-38568516, g=332736, *g=-268435456, xd=4, *xd=0
bigf 151, fa=39602900, y=2692899, r=715, n=758172, *n=972171482, g=332728, *g=0, xd=0, *xd=
bigf 152, fa=39602900, y=1657, r=274, n=758172, *n=972171482, g=332736, *g=-268435456, xd=240, *xd=0
bigf 153, fa=39602900, y=3263255, r=632, n=758176, *n=-1831699054, g=332736, *g=-268435456, xd=272, *xd=0
bigf 154, fa=39602900, y=1, r=383, n=758176, *n=-1831699054, g=332744, *g=1398521, xd=255, *xd=0
bigf 155, fa=-1792096154, y=2690007, r=550, n=758184, *n=-1747187327, g=332744, *g=1398521, xd=255, *xd=0
bigf 156, fa=-1792096154, y=1655, r=632, n=758184, *n=-1747187327, g=332736, *g=272, xd=16, *xd=0
bigf 157, fa=-1792096154, y=3105661, r=315, n=758188, *n=-2026974521, g=332744, *g=1398521, xd=30, *xd=0
bigf 158, fa=-1792096154, y=1911, r=286, n=758188, *n=-2026974521, g=332736, *g=16, xd=0, *xd=
bigf 159, fa=-1792096154, y=1, r=286, n=758188, *n=-2026974521, g=332736, *g=16, xd=0, *xd=
bigf 160, fa=-1792096154, y=2933484, r=746, n=758192, *n=1793069654, g=332736, *g=16, xd=0, *xd=
bigf 161, fa=-1792096154, y=1805, r=359, n=758196, *n=-1371908165, g=332728, *g=0, xd=0, *xd=
bigf 162, fa=-1792096154, y=1, r=180, n=758196, *n=-1371908165, g=332736, *g=16, xd=7, *xd=0
bigf 163, fa=-1792096154, y=3336602, r=352, n=758200, *n=1792096152, g=332744, *g=1398521, xd=4, *xd=0
bigf 164, fa=-1792096154, y=2053, r=477, n=758204, *n=-1554564271, g=332744, *g=1398521, xd=4294967298, *xd=0
bigf 165, fa=-1792096154, y=1, r=428, n=758204, *n=-1554564271, g=332744, *g=1398521, xd=2, *xd=0
bigf 166, fa=-1792096154, y=3224198, r=746, n=758208, *n=1793069654, g=332736, *g=7, xd=0, *xd=
bigf 167, fa=-1792096154, y=1984, r=198, n=758212, *n=-761438231, g=332728, *g=0, xd=0, *xd=
bigf 168, fa=-1792096154, y=1, r=359, n=758212, *n=-761438231, g=332736, *g=7, xd=318160, *xd=-1818886144
bigf 169, fa=-1792096154, y=3712276, r=36, n=758216, *n=-1979827121, g=332744, *g=1398521, xd=7, *xd=0
bigf 170, fa=-1792096154, y=2284, r=776, n=758216, *n=-1979827121, g=332752, *g=-2147483599, xd=2, *xd=0
bigf 171, fa=-1792096154, y=1, r=659, n=758216, *n=-1979827121, g=332744, *g=7, xd=5, *xd=0
bigf 172, fa=-1792096154, y=1823, r=123, n=758220, *n=-870906253, g=332744, *g=7, xd=5, *xd=0
bigf 173, fa=-1792096154, y=1, r=198, n=758220, *n=-870906253, g=332728, *g=0, xd=0, *xd=
bigf 174, fa=-1792096154, y=3644911, r=139, n=758224, *n=-1466675139, g=332736, *g=318556, xd=318160, *xd=-1818886144
bigf 175, fa=-1792096154, y=2243, r=36, n=758224, *n=-1466675139, g=332744, *g=7, xd=1398522, *xd=834879558
bigf 176, fa=-1792096154, y=1, r=618, n=758224, *n=-1466675139, g=332752, *g=-2147483599, xd=2, *xd=0
bigf 177, fa=-1792096154, y=3278284, r=128, n=758228, *n=-2026396644, g=332744, *g=1398522, xd=1398524, *xd=858927555
bigf 178, fa=-1792096154, y=2017, r=659, n=758228, *n=-2026396644, g=332744, *g=1398522, xd=1398524, *xd=858927555
bigf 179, fa=-1792096154, y=2933840, r=123, n=758232, *n=-2051283368, g=332744, *g=1398522, xd=1398524, *xd=858927555
bigf 180, fa=-1792096154, y=1805, r=715, n=758232, *n=-2051283368, g=332728, *g=0, xd=0, *xd=
bigf 181, fa=-1792096154, y=1, r=180, n=758232, *n=-2051283368, g=332736, *g=318552, xd=240, *xd=0
bigf 182, fa=-1792096154, y=2918525, r=274, n=758236, *n=-1554671884, g=332744, *g=1398522, xd=4, *xd=0
bigf 183, fa=-1792096154, y=1, r=171, n=758236, *n=-1554671884, g=332744, *g=1398522, xd=29, *xd=0
bigf 184, fa=-1792096154, y=3224132, r=383, n=758240, *n=1831699054, g=332744, *g=1398522, xd=29, *xd=0
bigf 185, fa=39602900, y=1984, r=132, n=758244, *n=993213527, g=332744, *g=1398522, xd=29, *xd=0
bigf 186, fa=39602900, y=1, r=359, n=758244, *n=993213527, g=332736, *g=240, xd=128849018880, *xd=
bigf 187, fa=39602900, y=3276204, r=552, n=758248, *n=716789136, g=332744, *g=1398522, xd=29, *xd=0
bigf 188, fa=39602900, y=2016, r=204, n=758248, *n=716789136, g=332736, *g=0, xd=0, *xd=
bigf 189, fa=39602900, y=1, r=391, n=758248, *n=716789136, g=332736, *g=0, xd=0, *xd=
bigf 190, fa=39602900, y=3106097, r=36, n=758252, *n=1629331346, g=332728, *g=0, xd=0, *xd=
bigf 191, fa=39602900, y=1911, r=722, n=758252, *n=1629331346, g=332736, *g=0, xd=2, *xd=0
bigf 192, fa=39602900, y=1, r=286, n=758252, *n=1629331346, g=332736, *g=0, xd=0, *xd=
bigf 193, fa=39602900, y=3667661, r=746, n=758256, *n=-38568516, g=332736, *g=0, xd=0, *xd=
bigf 194, fa=39602900, y=2257, r=36, n=758260, *n=1220868982, g=332728, *g=0, xd=0, *xd=
bigf 195, fa=39602900, y=1, r=632, n=758260, *n=1220868982, g=332736, *g=0, xd=2, *xd=0
bigf 196, fa=39602900, y=2102, r=550, n=758264, *n=716080983, g=332744, *g=1398522, xd=7, *xd=0
bigf 197, fa=39602900, y=1, r=477, n=758264, *n=716080983, g=332736, *g=2, xd=2, *xd=0
bigf 198, fa=39602900, y=3105661, r=383, n=758268, *n=-1172811171, g=332736, *g=2, xd=2, *xd=0
bigf 199, fa=-1133208271, y=1911, r=286, n=758272, *n=1889050142, g=332736, *g=2, xd=2, *xd=0
bigf 200, fa=-1133208271, y=1, r=286, n=758272, *n=1889050142, g=332736, *g=2, xd=2, *xd=0
bigf 201, fa=-1133208271, y=3105758, r=746, n=758276, *n=1133274915, g=332736, *g=2, xd=2, *xd=0
bigf 202, fa=-1133208271, y=3276171, r=139, n=66648, *n=1889496654, g=332728, *g=0, xd=0, *xd=
bigf 203, fa=-1133208271, y=2016, r=171, n=66648, *n=1889496654, g=332736, *g=2, xd=1398522, *xd=834879558
bigf 204, fa=-1133208271, y=1, r=391, n=66648, *n=1889496654, g=332736, *g=2, xd=1398522, *xd=834879558
bigf 205, fa=-1133208271, y=3106033, r=383, n=66652, *n=-1943716979, g=332728, *g=0, xd=0, *xd=
bigf 206, fa=1218042046, y=1911, r=658, n=66656, *n=-287919491, g=332728, *g=0, xd=0, *xd=
bigf 207, fa=1218042046, y=1, r=286, n=66656, *n=-287919491, g=332728, *g=0, xd=0, *xd=
bigf 208, fa=1218042046, y=3213008, r=180, n=66660, *n=-1178439146, g=332728, *g=0, xd=0, *xd=
bigf 209, fa=1218042046, y=1977, r=383, n=66660, *n=-1178439146, g=332736, *g=2, xd=4, *xd=0
bigf 210, fa=39602900, y=1, r=352, n=66664, *n=-39602903, g=332736, *g=2, xd=4, *xd=0
bigf 211, fa=39602900, y=3336132, r=632, n=66672, *n=1849434346, g=332736, *g=2, xd=4294967297, *xd=0
bigf 212, fa=39602900, y=1, r=428, n=66672, *n=1849434346, g=332744, *g=1398522, xd=7, *xd=0
bigf 213, fa=39602900, y=3803109, r=746, n=66676, *n=-38568516, g=332736, *g=1, xd=1, *xd=0
bigf 214, fa=39602900, y=3719899, r=198, n=1034388, *n=995967548, g=332728, *g=0, xd=0, *xd=
bigf 215, fa=39602900, y=2289, r=274, n=1034388, *n=995967548, g=332736, *g=1, xd=318160, *xd=-1818886144
bigf 216, fa=39602900, y=3277899, r=198, n=1034392, *n=483558354, g=332736, *g=1, xd=318824, *xd=1
bigf 217, fa=39602900, y=2017, r=274, n=1034392, *n=483558354, g=332744, *g=1398522, xd=318160, *xd=-1818886144
bigf 218, fa=39602900, y=2962570, r=629, n=1034396, *n=-39602750, g=332744, *g=1398522, xd=318552, *xd=1398524
bigf 219, fa=39602900, y=1823, r=195, n=1034400, *n=2055491999, g=332752, *g=-2147483599, xd=150, *xd=0
call 0, 371(318824, 318552)
call 1, 531(1244788, 1398525, 3)
call 2, 302(3)
call 3, 423(1400192, 1398525, 3)
bigf 220, fa=39602900, y=1, r=198, n=1034400, *n=2055491999, g=332728, *g=0, xd=0, *xd=
bigf 221, fa=39602900, y=3929914, r=274, n=1034404, *n=1622125733, g=332736, *g=318824, xd=318160, *xd=-1818886144
bigf 222, fa=39602900, y=1, r=793, n=1034404, *n=1622125733, g=332736, *g=318824, xd=318824, *xd=3
bigf 223, fa=39602900, y=3663227, r=383, n=1034408, *n=-1831699054, g=332736, *g=318824, xd=3, *xd=0
bigf 224, fa=-1792096154, y=2254, r=477, n=1034412, *n=-355387494, g=332736, *g=318824, xd=3, *xd=0
bigf 225, fa=-1792096154, y=1, r=629, n=1034412, *n=-355387494, g=332736, *g=318824, xd=3, *xd=0
bigf 226, fa=-1792096154, y=3105661, r=468, n=1034420, *n=-1779017396, g=332744, *g=318552, xd=2147483648, *xd=
bigf 227, fa=-1792096154, y=1911, r=286, n=1034420, *n=-1779017396, g=332736, *g=3, xd=0, *xd=
bigf 228, fa=-1792096154, y=1, r=286, n=1034420, *n=-1779017396, g=332736, *g=3, xd=0, *xd=
bigf 229, fa=-1792096154, y=3086073, r=746, n=1034424, *n=1793069654, g=332736, *g=3, xd=0, *xd=
bigf 230, fa=-1792096154, y=1899, r=198, n=1034428, *n=-938331849, g=332728, *g=0, xd=0, *xd=
bigf 231, fa=-1792096154, y=1, r=274, n=1034428, *n=-938331849, g=332736, *g=3, xd=318160, *xd=-1818886144
bigf 232, fa=-1792096154, y=2217, r=793, n=1034432, *n=-1779017751, g=332736, *g=3, xd=318828, *xd=1400192
bigf 233, fa=-1792096154, y=1, r=592, n=1034432, *n=-1779017751, g=332736, *g=3, xd=1400192, *xd=1848848945
bigf 234, fa=-1792096154, y=3086073, r=391, n=1034436, *n=-2050034970, g=332736, *g=3, xd=1400192, *xd=1848848945
bigf 235, fa=-1792096154, y=1899, r=198, n=1034436, *n=-2050034970, g=332728, *g=0, xd=0, *xd=
bigf 236, fa=-1792096154, y=1, r=274, n=1034436, *n=-2050034970, g=332736, *g=3, xd=318160, *xd=-1818886144
bigf 237, fa=-1792096154, y=1796, r=793, n=1034440, *n=-1779017751, g=332736, *g=3, xd=318832, *xd=3
bigf 238, fa=-1792096154, y=1, r=171, n=1034440, *n=-1779017751, g=332736, *g=3, xd=3, *xd=0
bigf 239, fa=-1792096154, y=3086073, r=391, n=1034444, *n=-1779017478, g=332736, *g=3, xd=3, *xd=0
bigf 240, fa=-1792096154, y=1899, r=198, n=1034444, *n=-1779017478, g=332728, *g=0, xd=0, *xd=
bigf 241, fa=-1792096154, y=1, r=274, n=1034444, *n=-1779017478, g=332736, *g=3, xd=318160, *xd=-1818886144
bigf 242, fa=-1792096154, y=1899, r=198, n=1034448, *n=-1986926750, g=332736, *g=3, xd=318824, *xd=3
bigf 243, fa=-1792096154, y=1, r=274, n=1034448, *n=-1986926750, g=332744, *g=318552, xd=318160, *xd=-1818886144
bigf 244, fa=-1792096154, y=1820, r=629, n=1034452, *n=1792096205, g=332744, *g=318552, xd=318552, *xd=1398528
bigf 245, fa=-1792096154, y=1, r=195, n=1034456, *n=-1778717319, g=332752, *g=-2147483599, xd=51, *xd=0
call 4, 455(318824, 318552)
bigf 246, fa=-1792096154, y=3086258, r=198, n=1034460, *n=162217798, g=332728, *g=0, xd=0, *xd=
bigf 247, fa=-1792096154, y=1899, r=383, n=1034460, *n=162217798, g=332736, *g=318824, xd=318160, *xd=-1818886144
bigf 248, fa=-1629878356, y=1, r=274, n=1034464, *n=1751684145, g=332736, *g=318824, xd=318160, *xd=-1818886144
bigf 249, fa=-1629878356, y=1671, r=207, n=1034468, *n=-1909404939, g=332736, *g=318824, xd=318824, *xd=0
bigf 250, fa=-1629878356, y=1, r=46, n=1034468, *n=-1909404939, g=332736, *g=318824, xd=0, *xd=
bigf 251, fa=-1629878356, y=3105661, r=501, n=1034472, *n=1725563977, g=332744, *g=318552, xd=1, *xd=0
bigf 252, fa=-1629878356, y=1911, r=286, n=1034472, *n=1725563977, g=332736, *g=0, xd=1, *xd=0
bigf 253, fa=-1629878356, y=1, r=286, n=1034472, *n=1725563977, g=332736, *g=0, xd=1, *xd=0
bigf 254, fa=-1629878356, y=2699508, r=746, n=1034476, *n=1630157596, g=332736, *g=0, xd=1, *xd=0
bigf 255, fa=-1629878356, y=3726399, r=198, n=279244, *n=1968501524, g=332728, *g=0, xd=0, *xd=
bigf 256, fa=-1629878356, y=2293, r=274, n=279244, *n=1968501524, g=332736, *g=0, xd=318160, *xd=-1818886144
bigf 257, fa=-1629878356, y=2849008, r=793, n=279248, *n=-162217798, g=332736, *g=0, xd=318828, *xd=1
bigf 258, fa=-1629878356, y=1753, r=383, n=279248, *n=-162217798, g=332736, *g=0, xd=1, *xd=0
bigf 259, fa=-1792096154, y=1, r=128, n=279252, *n=-1554564626, g=332736, *g=0, xd=1, *xd=0
bigf 260, fa=-1792096154, y=3224198, r=391, n=279256, *n=2117888188, g=332736, *g=0, xd=1, *xd=0
bigf 261, fa=-1792096154, y=1984, r=198, n=279256, *n=2117888188, g=332728, *g=0, xd=0, *xd=
bigf 262, fa=-1792096154, y=1, r=359, n=279256, *n=2117888188, g=332736, *g=0, xd=318160, *xd=-1818886144
bigf 263, fa=-1792096154, y=2841112, r=659, n=279260, *n=-762473194, g=332744, *g=318552, xd=3, *xd=0
bigf 264, fa=-1792096154, y=1, r=123, n=279260, *n=-762473194, g=332744, *g=318552, xd=3, *xd=0
bigf 265, fa=-1792096154, y=3711639, r=198, n=279264, *n=-1979826909, g=332728, *g=0, xd=0, *xd=
bigf 266, fa=-1792096154, y=2284, r=139, n=279264, *n=-1979826909, g=332736, *g=318772, xd=318160, *xd=-1818886144
bigf 267, fa=-1792096154, y=1, r=659, n=279264, *n=-1979826909, g=332744, *g=318552, xd=1400192, *xd=1848848945
bigf 268, fa=-1792096154, y=1823, r=123, n=279268, *n=-906862119, g=332744, *g=318552, xd=1400192, *xd=1848848945
bigf 269, fa=-1792096154, y=1, r=198, n=279268, *n=-906862119, g=332728, *g=0, xd=0, *xd=
bigf 270, fa=-1792096154, y=3622784, r=648, n=279272, *n=-614502394, g=332736, *g=318768, xd=318160, *xd=-1818886144
bigf 271, fa=-1792096154, y=2229, r=659, n=279272, *n=-614502394, g=332744, *g=318552, xd=1, *xd=0
bigf 272, fa=-1792096154, y=3802698, r=123, n=279276, *n=2117868688, g=332744, *g=318552, xd=1, *xd=0
bigf 273, fa=-1792096154, y=2340, r=198, n=279276, *n=2117868688, g=332728, *g=0, xd=0, *xd=
bigf 274, fa=-1792096154, y=1, r=715, n=279276, *n=2117868688, g=332736, *g=318764, xd=318160, *xd=-1818886144
bigf 275, fa=-1792096154, y=2841100, r=659, n=279280, *n=1991119690, g=332744, *g=318552, xd=17984, *xd=0
bigf 276, fa=-1792096154, y=1, r=123, n=279280, *n=1991119690, g=332744, *g=318552, xd=17984, *xd=0
bigf 277, fa=-1792096154, y=2763101, r=36, n=279284, *n=-833360175, g=332728, *g=0, xd=0, *xd=
bigf 278, fa=-1792096154, y=1700, r=601, n=279284, *n=-833360175, g=332736, *g=318760, xd=3, *xd=0
bigf 279, fa=-1792096154, y=1, r=75, n=279284, *n=-833360175, g=332744, *g=318552, xd=8, *xd=0
bigf 280, fa=-1792096154, y=3668016, r=592, n=279288, *n=-1470055253, g=332736, *g=3, xd=0, *xd=
bigf 281, fa=-1792096154, y=2257, r=391, n=279288, *n=-1470055253, g=332736, *g=3, xd=0, *xd=
bigf 282, fa=-1792096154, y=1, r=632, n=279288, *n=-1470055253, g=332728, *g=0, xd=0, *xd=
bigf 283, fa=-1792096154, y=2016, r=204, n=279292, *n=-415493269, g=332736, *g=3, xd=14, *xd=0
bigf 284, fa=-1792096154, y=1, r=391, n=279292, *n=-415493269, g=332736, *g=3, xd=14, *xd=0
bigf 285, fa=-1792096154, y=3925165, r=373, n=279296, *n=1792996866, g=332728, *g=0, xd=0, *xd=
bigf 286, fa=-1792096154, y=3711780, r=198, n=900716, *n=-1979471210, g=332728, *g=0, xd=0, *xd=
bigf 287, fa=-1792096154, y=2284, r=280, n=900716, *n=-1979471210, g=332736, *g=3, xd=318160, *xd=-1818886144
bigf 288, fa=-1792096154, y=1, r=659, n=900716, *n=-1979471210, g=332744, *g=318552, xd=0, *xd=
bigf 289, fa=-1792096154, y=1823, r=342, n=900720, *n=-1382174907, g=332744, *g=318552, xd=0, *xd=
bigf 290, fa=-1792096154, y=1, r=198, n=900720, *n=-1382174907, g=332728, *g=0, xd=0, *xd=
bigf 291, fa=-1792096154, y=3330284, r=360, n=900724, *n=-1979705300, g=332736, *g=318592, xd=318160, *xd=-1818886144
bigf 292, fa=-1792096154, y=2049, r=659, n=900724, *n=-1979705300, g=332744, *g=318552, xd=0, *xd=
bigf 293, fa=-1792096154, y=2962573, r=342, n=900728, *n=-1490536493, g=332744, *g=318552, xd=0, *xd=
bigf 294, fa=-1792096154, y=1823, r=198, n=900728, *n=-1490536493, g=332728, *g=0, xd=0, *xd=
bigf 295, fa=-1792096154, y=1, r=198, n=900728, *n=-1490536493, g=332736, *g=318584, xd=318160, *xd=-1818886144
bigf 296, fa=-1792096154, y=3263600, r=274, n=900732, *n=157918043, g=332744, *g=318552, xd=318160, *xd=-1818886144
bigf 297, fa=-1792096154, y=1, r=383, n=900732, *n=157918043, g=332744, *g=318552, xd=318760, *xd=17984
bigf 298, fa=-1634178111, y=3711812, r=26, n=900740, *n=-2137389269, g=332744, *g=318552, xd=318760, *xd=17984
bigf 299, fa=-1634178111, y=2284, r=312, n=900740, *n=-2137389269, g=332744, *g=318552, xd=4294985280, *xd=0
bigf 300, fa=-1634178111, y=1, r=659, n=900740, *n=-2137389269, g=332744, *g=318552, xd=4294985280, *xd=0
bigf 301, fa=-1634178111, y=1823, r=342, n=900744, *n=-1054843737, g=332744, *g=318552, xd=4294985280, *xd=0
bigf 302, fa=-1634178111, y=1, r=198, n=900744, *n=-1054843737, g=332728, *g=0, xd=0, *xd=
bigf 303, fa=-1634178111, y=3628899, r=198, n=900748, *n=-920173659, g=332736, *g=318576, xd=318160, *xd=-1818886144
bigf 304, fa=-1634178111, y=2233, r=274, n=900748, *n=-920173659, g=332744, *g=318552, xd=318160, *xd=-1818886144
bigf 305, fa=-1634178111, y=3711773, r=26, n=900752, *n=-2137389277, g=332744, *g=318552, xd=318768, *xd=1400192
bigf 306, fa=-1634178111, y=2284, r=273, n=900752, *n=-2137389277, g=332744, *g=318552, xd=12886302080, *xd=1848848945
bigf 307, fa=-1634178111, y=1, r=659, n=900752, *n=-2137389277, g=332744, *g=318552, xd=12886302080, *xd=1848848945
bigf 308, fa=-1634178111, y=1823, r=342, n=900756, *n=-1592905774, g=332744, *g=318552, xd=12886302080, *xd=1848848945
bigf 309, fa=-1634178111, y=1, r=198, n=900756, *n=-1592905774, g=332728, *g=0, xd=0, *xd=
bigf 310, fa=-1634178111, y=3297784, r=36, n=900760, *n=-772419887, g=332736, *g=318568, xd=318160, *xd=-1818886144
bigf 311, fa=-1634178111, y=2029, r=659, n=900760, *n=-772419887, g=332744, *g=318552, xd=3, *xd=0
bigf 312, fa=-1634178111, y=3802698, r=673, n=900764, *n=-1904919776, g=332744, *g=318552, xd=3, *xd=0
bigf 313, fa=-1634178111, y=2340, r=198, n=900764, *n=-1904919776, g=332728, *g=0, xd=0, *xd=
bigf 314, fa=-1634178111, y=1, r=715, n=900764, *n=-1904919776, g=332736, *g=318564, xd=318160, *xd=-1818886144
bigf 315, fa=-1634178111, y=3105775, r=659, n=900768, *n=-573411312, g=332744, *g=318552, xd=14, *xd=0
bigf 316, fa=-1634178111, y=1, r=286, n=900768, *n=-573411312, g=332744, *g=318552, xd=14, *xd=0
bigf 317, fa=-1634178111, y=3925165, r=373, n=900772, *n=1635413843, g=332744, *g=318552, xd=14, *xd=0
bigf 318, fa=-1634178111, y=3263198, r=123, n=1235736, *n=1090739799, g=332744, *g=318552, xd=14, *xd=0
bigf 319, fa=-1634178111, y=2008, r=198, n=1235736, *n=1090739799, g=332728, *g=0, xd=0, *xd=
bigf 320, fa=-1634178111, y=1, r=383, n=1235736, *n=1090739799, g=332736, *g=318560, xd=318160, *xd=-1818886144
bigf 321, fa=-543438312, y=3299409, r=139, n=1235744, *n=910807146, g=332736, *g=318560, xd=318160, *xd=-1818886144
bigf 322, fa=-543438312, y=2030, r=659, n=1235744, *n=910807146, g=332744, *g=318552, xd=0, *xd=
bigf 323, fa=-543438312, y=2866698, r=209, n=1235748, *n=741511819, g=332744, *g=318552, xd=0, *xd=
bigf 324, fa=-543438312, y=1764, r=198, n=1235748, *n=741511819, g=332728, *g=0, xd=0, *xd=
bigf 325, fa=-543438312, y=1, r=139, n=1235748, *n=741511819, g=332736, *g=318565, xd=318160, *xd=-1818886144
bigf 326, fa=-543438312, y=2762516, r=632, n=1235752, *n=-1973726325, g=332744, *g=318552, xd=0, *xd=
bigf 327, fa=-543438312, y=1, r=75, n=1235752, *n=-1973726325, g=332752, *g=-2147483599, xd=16, *xd=0
bigf 328, fa=-543438312, y=3734657, r=659, n=1235756, *n=-1844867102, g=332744, *g=0, xd=0, *xd=
bigf 329, fa=-543438312, y=1, r=673, n=1235756, *n=-1844867102, g=332744, *g=0, xd=0, *xd=
bigf 330, fa=-543438312, y=3813955, r=632, n=1235760, *n=1267292058, g=332728, *g=0, xd=0, *xd=
bigf 331, fa=-543438312, y=1, r=722, n=1235760, *n=1267292058, g=332736, *g=318567, xd=80, *xd=0
bigf 332, fa=-543438312, y=3086073, r=746, n=1235764, *n=544674096, g=332736, *g=318567, xd=0, *xd=
bigf 333, fa=-543438312, y=1899, r=198, n=1235768, *n=1267291752, g=332728, *g=0, xd=0, *xd=
bigf 334, fa=-543438312, y=1, r=274, n=1235768, *n=1267291752, g=332736, *g=318567, xd=318160, *xd=-1818886144
bigf 335, fa=-543438312, y=1899, r=198, n=1235772, *n=755715832, g=332736, *g=318567, xd=318600, *xd=1516422
bigf 336, fa=-543438312, y=1, r=274, n=1235772, *n=755715832, g=332744, *g=0, xd=318160, *xd=-1818886144
bigf 337, fa=-543438312, y=1705, r=632, n=1235776, *n=1299127316, g=332744, *g=0, xd=318680, *xd=1516422
bigf 338, fa=-543438312, y=3105664, r=629, n=1235780, *n=543438357, g=332752, *g=-2147483599, xd=80, *xd=0
bigf 339, fa=-543438312, y=1911, r=289, n=1235784, *n=-2081502702, g=332760, *g=9, xd=45, *xd=0
call 5, 423(318600, 318680, 80)
bigf 340, fa=-543438312, y=1, r=286, n=1235784, *n=-2081502702, g=332728, *g=0, xd=0, *xd=
bigf 341, fa=-543438312, y=3668333, r=782, n=1235788, *n=1146417344, g=332728, *g=0, xd=0, *xd=
bigf 342, fa=-543438312, y=2257, r=708, n=1235788, *n=1146417344, g=332736, *g=318600, xd=4294985280, *xd=0
bigf 343, fa=-543438312, y=1, r=632, n=1235788, *n=1146417344, g=332736, *g=318600, xd=4294985280, *xd=0
bigf 344, fa=-543438312, y=1853, r=564, n=1235792, *n=-1596142940, g=332744, *g=318680, xd=32, *xd=0
bigf 345, fa=-543438312, y=1, r=228, n=1235792, *n=-1596142940, g=332736, *g=17984, xd=1, *xd=0
bigf 346, fa=-543438312, y=3967016, r=669, n=1235796, *n=-2100502856, g=332736, *g=17984, xd=1, *xd=0
bigf 347, fa=-543438312, y=2441, r=391, n=1235796, *n=-2100502856, g=332736, *g=17984, xd=1, *xd=0
bigf 348, fa=-543438312, y=1, r=816, n=1235796, *n=-2100502856, g=332728, *g=0, xd=0, *xd=
bigf 349, fa=-543438312, y=3656641, r=128, n=1235800, *n=1576698520, g=332736, *g=17984, xd=4294985280, *xd=0
bigf 350, fa=-543438312, y=2250, r=391, n=1235800, *n=1576698520, g=332736, *g=17984, xd=17984, *xd=0
bigf 351, fa=-543438312, y=1, r=625, n=1235800, *n=1576698520, g=332728, *g=0, xd=0, *xd=
bigf 352, fa=-543438312, y=3276477, r=708, n=1235804, *n=1589571260, g=332736, *g=17984, xd=12886302080, *xd=1848848945
bigf 353, fa=-543438312, y=2016, r=477, n=1235804, *n=1589571260, g=332736, *g=17984, xd=12886302080, *xd=1848848945
bigf 354, fa=-543438312, y=1, r=391, n=1235804, *n=1589571260, g=332736, *g=17984, xd=1400192, *xd=1848848945
bigf 355, fa=-543438312, y=3284399, r=198, n=1235808, *n=-1844374566, g=332728, *g=0, xd=0, *xd=
bigf 356, fa=-543438312, y=2021, r=274, n=1235808, *n=-1844374566, g=332736, *g=17984, xd=318160, *xd=-1818886144
bigf 357, fa=-543438312, y=3814258, r=793, n=1235812, *n=-364449907, g=332736, *g=17984, xd=318556, *xd=0
bigf 358, fa=-543438312, y=2347, r=383, n=1235812, *n=-364449907, g=332736, *g=17984, xd=0, *xd=
bigf 359, fa=-907888219, y=1, r=722, n=1235816, *n=1838550840, g=332736, *g=17984, xd=0, *xd=
bigf 360, fa=-907888219, y=3213340, r=746, n=1235820, *n=908214783, g=332736, *g=17984, xd=1, *xd=0
bigf 361, fa=-907888219, y=3297399, r=198, n=326568, *n=1919669262, g=332728, *g=0, xd=0, *xd=
bigf 362, fa=-907888219, y=2029, r=274, n=326568, *n=1919669262, g=332736, *g=17984, xd=318160, *xd=-1818886144
bigf 363, fa=-907888219, y=3263259, r=793, n=326572, *n=1266372835, g=332736, *g=17984, xd=318564, *xd=3
bigf 364, fa=-907888219, y=2008, r=259, n=326572, *n=1266372835, g=332736, *g=17984, xd=3, *xd=0
bigf 365, fa=-907888219, y=1, r=383, n=326572, *n=1266372835, g=332736, *g=17984, xd=3, *xd=0
bigf 366, fa=358484616, y=2771257, r=391, n=326580, *n=397199606, g=332736, *g=17984, xd=3, *xd=0
bigf 367, fa=358484616, y=1705, r=632, n=326580, *n=397199606, g=332728, *g=0, xd=0, *xd=
bigf 368, fa=358484616, y=3105661, r=722, n=326584, *n=365369130, g=332736, *g=17984, xd=80, *xd=0
bigf 369, fa=358484616, y=1911, r=286, n=326584, *n=365369130, g=332736, *g=17984, xd=0, *xd=
bigf 370, fa=358484616, y=1, r=286, n=326584, *n=365369130, g=332736, *g=17984, xd=0, *xd=
bigf 371, fa=358484616, y=3086073, r=746, n=326588, *n=-358158008, g=332736, *g=17984, xd=0, *xd=
bigf 372, fa=358484616, y=1899, r=198, n=326592, *n=365368408, g=332728, *g=0, xd=0, *xd=
bigf 373, fa=358484616, y=1, r=274, n=326592, *n=365368408, g=332736, *g=17984, xd=318160, *xd=-1818886144
bigf 374, fa=358484616, y=1899, r=198, n=326596, *n=-146207096, g=332736, *g=17984, xd=318184, *xd=1516422
bigf 375, fa=358484616, y=1, r=274, n=326596, *n=-146207096, g=332744, *g=318680, xd=318160, *xd=-1818886144
bigf 376, fa=358484616, y=1705, r=632, n=326600, *n=397204388, g=332744, *g=318680, xd=318680, *xd=1516422
bigf 377, fa=358484616, y=3105664, r=629, n=326604, *n=-358484571, g=332752, *g=80, xd=80, *xd=0
bigf 378, fa=358484616, y=1911, r=289, n=326608, *n=-272956800, g=332760, *g=9, xd=45, *xd=0
call 6, 423(318184, 318680, 80)
bigf 379, fa=358484616, y=1, r=286, n=326608, *n=-272956800, g=332728, *g=0, xd=0, *xd=
bigf 380, fa=358484616, y=2693257, r=816, n=326612, *n=675219073, g=332728, *g=0, xd=0, *xd=
bigf 381, fa=358484616, y=1657, r=632, n=326612, *n=675219073, g=332736, *g=318184, xd=12886302080, *xd=1848848945
bigf 382, fa=358484616, y=3276750, r=564, n=326616, *n=1205338099, g=332744, *g=318680, xd=32, *xd=0
bigf 383, fa=358484616, y=2016, r=750, n=326616, *n=1205338099, g=332736, *g=1400192, xd=3, *xd=0
bigf 384, fa=358484616, y=1, r=391, n=326616, *n=1205338099, g=332736, *g=1400192, xd=3, *xd=0
bigf 385, fa=358484616, y=3602977, r=715, n=326620, *n=-358484620, g=332728, *g=0, xd=0, *xd=
bigf 386, fa=358484616, y=2217, r=352, n=326620, *n=-358484620, g=332736, *g=1400192, xd=14, *xd=0
bigf 387, fa=358484616, y=1, r=592, n=326624, *n=652893266, g=332736, *g=1400192, xd=4294967306, *xd=0
bigf 388, fa=358484616, y=3263011, r=632, n=326628, *n=2016315528, g=332736, *g=1400192, xd=10, *xd=0
bigf 389, fa=358484616, y=1, r=383, n=326628, *n=2016315528, g=332744, *g=318680, xd=11, *xd=0
bigf 390, fa=-1920167152, y=2670507, r=139, n=326636, *n=-1618874091, g=332744, *g=318680, xd=11, *xd=0
bigf 391, fa=-1920167152, y=1643, r=632, n=326636, *n=-1618874091, g=332752, *g=80, xd=10, *xd=0
bigf 392, fa=-1920167152, y=3105810, r=428, n=326640, *n=-288676364, g=332760, *g=9, xd=18, *xd=0
bigf 393, fa=-1920167152, y=1911, r=435, n=326640, *n=-288676364, g=332752, *g=10, xd=1, *xd=0
bigf 394, fa=-1920167152, y=1, r=286, n=326640, *n=-288676364, g=332736, *g=10, xd=10, *xd=0
bigf 395, fa=-1920167152, y=3924393, r=780, n=326644, *n=1920945088, g=332736, *g=10, xd=10, *xd=0
bigf 396, fa=-1920167152, y=2683227, r=308, n=869768, *n=1920169816, g=332728, *g=0, xd=0, *xd=
bigf 397, fa=-1920167152, y=1651, r=352, n=869768, *n=1920169816, g=332736, *g=10, xd=1420944, *xd=0
bigf 398, fa=-1920167152, y=1, r=26, n=869772, *n=1989395710, g=332736, *g=10, xd=1423608, *xd=1098084
bigf 399, fa=-1920167152, y=2683227, r=308, n=869776, *n=1920169824, g=332736, *g=10, xd=1098084, *xd=1632462947
bigf 400, fa=-1920167152, y=1651, r=352, n=869776, *n=1920169824, g=332744, *g=11, xd=1420944, *xd=0
bigf 401, fa=-1920167152, y=1, r=26, n=869780, *n=-1528777371, g=332744, *g=11, xd=1423616, *xd=1394200
bigf 402, fa=-1920167152, y=3161254, r=648, n=869784, *n=1920167429, g=332744, *g=11, xd=1394200, *xd=-1073741824
bigf 403, fa=-1920167152, y=1945, r=629, n=869784, *n=1920167429, g=332752, *g=10, xd=17984, *xd=0
bigf 404, fa=-1920167152, y=1, r=320, n=869788, *n=1987210392, g=332760, *g=9, xd=277, *xd=0
call 7, 319(1098084, 1394200, 17984)
call 8, 470(655640, 655708, 4)
bigf 405, fa=-1920167152, y=2681882, r=615, n=869792, *n=2008348341, g=332736, *g=1098084, xd=3539627043075364599, *xd=
bigf 406, fa=-1920167152, y=1650, r=632, n=869792, *n=2008348341, g=332736, *g=1098084, xd=3539627043075364599, *xd=
bigf 407, fa=-1920167152, y=2694890, r=564, n=869796, *n=-922249387, g=332744, *g=1394200, xd=25, *xd=0
bigf 408, fa=-1920167152, y=1658, r=640, n=869796, *n=-922249387, g=332736, *g=-1142974729, xd=105489106269, *xd=
bigf 409, fa=-1920167152, y=3534502, r=632, n=869800, *n=-1354440890, g=332736, *g=-1142974729, xd=105489106269, *xd=
bigf 410, fa=-1920167152, y=1, r=550, n=869800, *n=-1354440890, g=332744, *g=1394200, xd=127, *xd=0
bigf 411, fa=-1920167152, y=3268538, r=629, n=869804, *n=1937010161, g=332736, *g=-1885076131, xd=93, *xd=0
bigf 412, fa=-1920167152, y=2011, r=663, n=869808, *n=1937010161, g=332744, *g=1394200, xd=16843009, *xd=0
bigf 413, fa=-1920167152, y=1, r=386, n=869812, *n=-1560852097, g=332744, *g=1394200, xd=72340172838076673, *xd=0
bigf 414, fa=-1920167152, y=3141516, r=172, n=869816, *n=-1834823667, g=332736, *g=93, xd=6727636073941130589, *xd=
bigf 415, fa=-1920167152, y=1933, r=391, n=869816, *n=-1834823667, g=332736, *g=93, xd=6727636073941130589, *xd=
bigf 416, fa=-1920167152, y=1, r=308, n=869816, *n=-1834823667, g=332728, *g=0, xd=0, *xd=
bigf 417, fa=-1920167152, y=2972918, r=352, n=869820, *n=1920169800, g=332736, *g=93, xd=1420944, *xd=0
bigf 418, fa=-1920167152, y=1829, r=793, n=869824, *n=-607649636, g=332736, *g=93, xd=1423592, *xd=1594912
bigf 419, fa=-1920167152, y=1, r=204, n=869824, *n=-607649636, g=332736, *g=93, xd=1594912, *xd=-1
bigf 420, fa=-1920167152, y=3728102, r=383, n=869828, *n=-997914786, g=332736, *g=93, xd=1594912, *xd=-1
bigf 421, fa=1376885358, y=2294, r=352, n=869832, *n=-1376885374, g=332736, *g=93, xd=1594912, *xd=-1
bigf 422, fa=1376885358, y=1, r=669, n=869836, *n=-206143967, g=332736, *g=93, xd=4296562192, *xd=5
bigf 423, fa=1376885358, y=3361081, r=391, n=869840, *n=-446884467, g=332736, *g=93, xd=1594896, *xd=5
bigf 424, fa=1376885358, y=2068, r=581, n=869840, *n=-446884467, g=332728, *g=0, xd=0, *xd=
bigf 425, fa=1376885358, y=1, r=443, n=869840, *n=-446884467, g=332736, *g=93, xd=0, *xd=
bigf 426, fa=1376885358, y=3212933, r=391, n=869844, *n=-1376882706, g=332736, *g=93, xd=0, *xd=
bigf 427, fa=1376885358, y=1977, r=308, n=869844, *n=-1376882706, g=332728, *g=0, xd=0, *xd=
bigf 428, fa=1376885358, y=1, r=352, n=869844, *n=-1376882706, g=332736, *g=93, xd=1420944, *xd=0
bigf 429, fa=1376885358, y=2887796, r=793, n=869852, *n=-116413012, g=332736, *g=93, xd=1423596, *xd=3
bigf 430, fa=1376885358, y=1777, r=171, n=869852, *n=-116413012, g=332736, *g=93, xd=3, *xd=0
bigf 431, fa=1376885358, y=1, r=152, n=869852, *n=-116413012, g=332736, *g=93, xd=3, *xd=0
bigf 432, fa=1376885358, y=3416300, r=471, n=869856, *n=-621030641, g=332744, *g=1394200, xd=3539627043075364599, *xd=
bigf 433, fa=1376885358, y=2102, r=550, n=869856, *n=-621030641, g=332744, *g=1394200, xd=3151992567, *xd=
bigf 434, fa=1376885358, y=1, r=477, n=869856, *n=-621030641, g=332736, *g=3, xd=3, *xd=0
bigf 435, fa=1376885358, y=3105766, r=592, n=869860, *n=710492780, g=332736, *g=3, xd=3, *xd=0
bigf 436, fa=1376885358, y=1911, r=391, n=869860, *n=710492780, g=332736, *g=3, xd=3, *xd=0
bigf 437, fa=1376885358, y=1, r=286, n=869860, *n=710492780, g=332728, *g=0, xd=0, *xd=
bigf 438, fa=1376885358, y=3925165, r=638, n=869864, *n=-1375806958, g=332728, *g=0, xd=0, *xd=
bigf 439, fa=1376885358, y=3213008, r=308, n=1293564, *n=1383377147, g=332728, *g=0, xd=0, *xd=
bigf 440, fa=1376885358, y=1977, r=383, n=1293564, *n=1383377147, g=332736, *g=3, xd=1420944, *xd=0
bigf 441, fa=-1534704791, y=1, r=352, n=1293568, *n=1534707447, g=332736, *g=3, xd=1420944, *xd=0
bigf 442, fa=-1534704791, y=3105661, r=793, n=1293576, *n=-1830261259, g=332736, *g=3, xd=1423600, *xd=3
bigf 443, fa=-1534704791, y=1911, r=286, n=1293576, *n=-1830261259, g=332736, *g=3, xd=3, *xd=0
bigf 444, fa=-1534704791, y=1, r=286, n=1293576, *n=-1830261259, g=332736, *g=3, xd=3, *xd=0
bigf 445, fa=-1534704791, y=3212933, r=746, n=1293580, *n=1535916799, g=332736, *g=3, xd=3, *xd=0
bigf 446, fa=-1534704791, y=3644911, r=715, n=1212012, *n=-1747880368, g=332728, *g=0, xd=0, *xd=
bigf 447, fa=-1534704791, y=2243, r=36, n=1212012, *n=-1747880368, g=332736, *g=3, xd=1594912, *xd=-1
bigf 448, fa=-1534704791, y=1, r=618, n=1212012, *n=-1747880368, g=332744, *g=1394200, xd=3, *xd=0
bigf 449, fa=-1534704791, y=3263629, r=637, n=1212016, *n=-604357353, g=332736, *g=1594912, xd=1594915, *xd=-1
bigf 450, fa=-1534704791, y=2008, r=629, n=1212016, *n=-604357353, g=332736, *g=1594912, xd=-1, *xd=
bigf 451, fa=-1534704791, y=1, r=383, n=1212020, *n=-818012813, g=332744, *g=1394200, xd=2155905152, *xd=
bigf 452, fa=1942249692, y=3640550, r=663, n=1212028, *n=213655460, g=332744, *g=1394200, xd=2155905152, *xd=
bigf 453, fa=1942249692, y=2240, r=550, n=1212032, *n=-1186461611, g=332744, *g=1394200, xd=-9187201950435737472, *xd=
bigf 454, fa=1942249692, y=1, r=615, n=1212032, *n=-1186461611, g=332736, *g=-1, xd=-9187201950435737472, *xd=
bigf 455, fa=1942249692, y=3105725, r=581, n=1212036, *n=-378022321, g=332736, *g=-1, xd=-9187201950435737472, *xd=
bigf 456, fa=1942249692, y=1911, r=350, n=1212036, *n=-378022321, g=332744, *g=1394200, xd=0, *xd=
bigf 457, fa=1942249692, y=1, r=286, n=1212036, *n=-378022321, g=332736, *g=-2139062144, xd=1, *xd=0
bigf 458, fa=1942249692, y=3603226, r=746, n=1212040, *n=-1941037644, g=332736, *g=-2139062144, xd=1, *xd=0
bigf 459, fa=1942249692, y=3245277, r=715, n=1212052, *n=-1847064864, g=332728, *g=0, xd=0, *xd=
bigf 460, fa=1942249692, y=1997, r=152, n=1212052, *n=-1847064864, g=332736, *g=-2139062144, xd=1594912, *xd=-1
bigf 461, fa=1942249692, y=1, r=372, n=1212052, *n=-1847064864, g=332744, *g=1394200, xd=-9187201950435737472, *xd=
bigf 462, fa=1942249692, y=2699200, r=453, n=1212056, *n=-489321949, g=332744, *g=1394200, xd=7, *xd=0
bigf 463, fa=1942249692, y=1661, r=75, n=1212056, *n=-489321949, g=332752, *g=17984, xd=3, *xd=0
bigf 464, fa=1942249692, y=1, r=36, n=1212056, *n=-489321949, g=332744, *g=7, xd=0, *xd=
bigf 465, fa=1942249692, y=3534734, r=618, n=1212060, *n=-309720475, g=332752, *g=17984, xd=3, *xd=0
bigf 466, fa=1942249692, y=2175, r=359, n=1212060, *n=-309720475, g=332744, *g=0, xd=3, *xd=0
bigf 467, fa=1942249692, y=1, r=550, n=1212060, *n=-309720475, g=332752, *g=17984, xd=3, *xd=0
bigf 468, fa=1942249692, y=3645258, r=592, n=1212064, *n=1147052378, g=332744, *g=3, xd=3, *xd=0
bigf 469, fa=1942249692, y=2243, r=383, n=1212064, *n=1147052378, g=332744, *g=3, xd=3, *xd=0
bigf 470, fa=-1205665226, y=1, r=618, n=1212068, *n=-1554323320, g=332744, *g=3, xd=3, *xd=0
bigf 471, fa=-1205665226, y=3585227, r=500, n=1212072, *n=1961349084, g=332736, *g=1594912, xd=1594915, *xd=-1
bigf 472, fa=-1205665226, y=2206, r=477, n=1212072, *n=1961349084, g=332736, *g=1594912, xd=-1, *xd=
bigf 473, fa=-1205665226, y=1, r=581, n=1212072, *n=1961349084, g=332736, *g=1594912, xd=4294967295, *xd=
bigf 474, fa=-1205665226, y=3105661, r=358, n=1212076, *n=-1200092574, g=332744, *g=3, xd=0, *xd=
bigf 475, fa=-1205665226, y=1911, r=286, n=1212076, *n=-1200092574, g=332736, *g=-1, xd=1, *xd=0
bigf 476, fa=-1205665226, y=1, r=286, n=1212076, *n=-1200092574, g=332736, *g=-1, xd=1, *xd=0
bigf 477, fa=-1205665226, y=3803215, r=746, n=1212080, *n=1206877334, g=332736, *g=-1, xd=1, *xd=0
bigf 478, fa=-1205665226, y=3645014, r=715, n=1212112, *n=-1420372794, g=332728, *g=0, xd=0, *xd=
bigf 479, fa=-1205665226, y=2243, r=139, n=1212112, *n=-1420372794, g=332736, *g=-1, xd=1594912, *xd=-1
bigf 480, fa=-1205665226, y=1, r=618, n=1212112, *n=-1420372794, g=332744, *g=3, xd=3, *xd=0
bigf 481, fa=-1205665226, y=3667658, r=651, n=1212116, *n=-1321830068, g=332736, *g=1594912, xd=1594915, *xd=-1
bigf 482, fa=-1205665226, y=1, r=632, n=1212116, *n=-1321830068, g=332744, *g=3, xd=105489106269, *xd=
bigf 483, fa=-1205665226, y=2294, r=550, n=1212120, *n=-1200161187, g=332752, *g=17984, xd=127, *xd=0
bigf 484, fa=-1205665226, y=1, r=669, n=1212120, *n=-1200161187, g=332744, *g=-1885076131, xd=93, *xd=0
bigf 485, fa=-1205665226, y=3803173, r=383, n=1212124, *n=1241274527, g=332744, *g=-1885076131, xd=93, *xd=0
bigf 486, fa=35609301, y=2340, r=673, n=1212128, *n=2051768572, g=332744, *g=-1885076131, xd=93, *xd=0
bigf 487, fa=35609301, y=1, r=715, n=1212128, *n=2051768572, g=332728, *g=0, xd=0, *xd=
bigf 488, fa=35609301, y=3925165, r=373, n=1212132, *n=-34817213, g=332736, *g=1594915, xd=1594912, *xd=1577058303
bigf 489, fa=35609301, y=3263352, r=139, n=792092, *n=-35609309, g=332736, *g=1594915, xd=1594912, *xd=1577058303
bigf 490, fa=35609301, y=2008, r=352, n=792092, *n=-35609309, g=332744, *g=-1885076131, xd=3, *xd=0
bigf 491, fa=35609301, y=1, r=383, n=792096, *n=1604798888, g=332744, *g=-1885076131, xd=4294967291, *xd=
bigf 492, fa=1640408189, y=3645425, r=359, n=792104, *n=-1618212134, g=332744, *g=-1885076131, xd=4294967291, *xd=
bigf 493, fa=1640408189, y=2243, r=550, n=792104, *n=-1618212134, g=332752, *g=17984, xd=3, *xd=0
bigf 494, fa=1640408189, y=1, r=618, n=792104, *n=-1618212134, g=332744, *g=-5, xd=3, *xd=0
bigf 495, fa=1640408189, y=2654284, r=180, n=792108, *n=-826594516, g=332736, *g=1594912, xd=1594915, *xd=-163
bigf 496, fa=1640408189, y=1633, r=659, n=792108, *n=-826594516, g=332744, *g=-5, xd=93, *xd=0
bigf 497, fa=1640408189, y=3141433, r=673, n=792112, *n=-1544056712, g=332744, *g=-5, xd=93, *xd=0
bigf 498, fa=1640408189, y=1933, r=308, n=792112, *n=-1544056712, g=332728, *g=0, xd=0, *xd=
bigf 499, fa=1640408189, y=1, r=308, n=792112, *n=-1544056712, g=332736, *g=1594923, xd=1420944, *xd=0
