Welcome to Bananan Turd Labs. 
Compiled: 'Sat Nov  1 06:50:50 AM EDT 2025' arras.io:213:21
arras.io - build 4fdd064efd07e267 arras.io:552:13
WHAT THE SIGMA 2 arras.io:494:17
wasmthing.export_chacha_enable("M".charCodeAt(0))
Array [ 77 ]
arras.io:200:21
undefined
bigf 0, y=2715669, r=307, n=428580, *n+fa=1012317118, fa=1415250072, *n=-402932954 , g=332728, *g=0, xd=0, *xd= arras.io:213:21
bigf 1, y=1671, r=294, n=428580, *n+fa=1012317118, fa=1415250072, *n=-402932954 , g=332736, *g=163, xd=1669624, *xd=0 arras.io:213:21
bigf 2, y=1, r=46, n=428580, *n+fa=1012317118, fa=1415250072, *n=-402932954 , g=332744, *g=9, xd=-9223372036854775645, *xd=0 arras.io:213:21
bigf 3, y=3263589, r=618, n=428584, *n+fa=2000, fa=1415250072, *n=-1415248072 , g=332752, *g=719032, xd=1, *xd=0 arras.io:213:21
bigf 4, y=2008, r=589, n=428584, *n+fa=2000, fa=1415250072, *n=-1415248072 , g=332744, *g=163, xd=-9223372036854775644, *xd=0 arras.io:213:21
bigf 5, y=1, r=383, n=428588, *n+fa=1145953684, fa=1415250072, *n=-269296388 , g=332744, *g=163, xd=-9223372036854775644, *xd=0 arras.io:213:21
bigf 6, y=3213372, r=342, n=428596, *n+fa=5360, fa=1145953684, *n=-1145948324 , g=332744, *g=163, xd=-9223372036854775644, *xd=0 arras.io:213:21
bigf 7, y=1977, r=747, n=428596, *n+fa=5360, fa=1145953684, *n=-1145948324 , g=332728, *g=0, xd=0, *xd= arras.io:213:21
bigf 8, y=1, r=352, n=428596, *n+fa=5360, fa=1145953684, *n=-1145948324 , g=332736, *g=1671624, xd=718272, *xd=531157731 arras.io:213:21
bigf 9, y=3662961, r=793, n=428604, *n+fa=-2147483648, fa=1145953684, *n=1001529964 , g=332736, *g=1671624, xd=723632, *xd=49 arras.io:213:21
bigf 10, y=2254, r=211, n=428604, *n+fa=-2147483648, fa=1145953684, *n=1001529964 , g=332736, *g=1671624, xd=49, *xd=0 arras.io:213:21
bigf 11, y=1, r=629, n=428604, *n+fa=-2147483648, fa=1145953684, *n=1001529964 , g=332736, *g=1671624, xd=49, *xd=0 arras.io:213:21
bigf 12, y=3105661, r=468, n=428612, *n+fa=1669707746, fa=1145953684, *n=523754062 , g=332744, *g=163, xd=2147483648, *xd= arras.io:213:21
bigf 13, y=1911, r=286, n=428612, *n+fa=1669707746, fa=1145953684, *n=523754062 , g=332736, *g=49, xd=0, *xd= arras.io:213:21
bigf 14, y=1, r=286, n=428612, *n+fa=1669707746, fa=1145953684, *n=523754062 , g=332736, *g=49, xd=0, *xd= arras.io:213:21
bigf 15, y=3668137, r=746, n=428616, *n+fa=1221972, fa=1145953684, *n=-1144731712 , g=332736, *g=49, xd=0, *xd= arras.io:213:21
bigf 16, y=2257, r=512, n=428620, *n+fa=885503380, fa=1145953684, *n=-260450304 , g=332728, *g=0, xd=0, *xd= arras.io:213:21
bigf 17, y=1, r=632, n=428620, *n+fa=885503380, fa=1145953684, *n=-260450304 , g=332736, *g=49, xd=1565648, *xd=-839454643 arras.io:213:21
bigf 18, y=1960, r=550, n=428624, *n+fa=1012191766, fa=1145953684, *n=-133761918 , g=332744, *g=163, xd=255, *xd=0 arras.io:213:21
bigf 19, y=1, r=335, n=428624, *n+fa=1012191766, fa=1145953684, *n=-133761918 , g=332736, *g=1565648, xd=208, *xd=0 arras.io:213:21
bigf 20, y=3263512, r=391, n=428628, *n+fa=1729011781, fa=1145953684, *n=583058097 , g=332736, *g=1565648, xd=208, *xd=0 arras.io:213:21
bigf 21, y=2008, r=512, n=428628, *n+fa=1729011781, fa=1145953684, *n=583058097 , g=332728, *g=0, xd=0, *xd= arras.io:213:21
bigf 22, y=1, r=383, n=428628, *n+fa=1729011781, fa=1145953684, *n=583058097 , g=332736, *g=1565648, xd=1565648, *xd=-839454643 arras.io:213:21
bigf 23, y=3045800, r=629, n=428636, *n+fa=-256, fa=1729011781, *n=-1729012037 , g=332736, *g=1565648, xd=1565648, *xd=-839454643 arras.io:213:21
bigf 24, y=1874, r=550, n=428640, *n+fa=1272966891, fa=1729011781, *n=-456044890 , g=332744, *g=163, xd=4294967040, *xd= arras.io:213:21
bigf 25, y=1, r=249, n=428640, *n+fa=1272966891, fa=1729011781, *n=-456044890 , g=332736, *g=1565648, xd=1565440, *xd=1143361539 arras.io:213:21
bigf 26, y=3423989, r=391, n=428644, *n+fa=755683891, fa=1729011781, *n=-973327890 , g=332736, *g=1565648, xd=1565440, *xd=1143361539 arras.io:213:21
bigf 27, y=2107, r=114, n=428644, *n+fa=755683891, fa=1729011781, *n=-973327890 , g=332728, *g=0, xd=0, *xd= arras.io:213:21
bigf 28, y=1, r=482, n=428644, *n+fa=755683891, fa=1729011781, *n=-973327890 , g=332736, *g=1565648, xd=49, *xd=0 arras.io:213:21
bigf 29, y=3105661, r=391, n=428648, *n+fa=2087377873, fa=1729011781, *n=358366092 , g=332736, *g=1565648, xd=49, *xd=0 arras.io:213:21
bigf 30, y=1911, r=286, n=428648, *n+fa=2087377873, fa=1729011781, *n=358366092 , g=332728, *g=0, xd=0, *xd= arras.io:213:21
bigf 31, y=1, r=286, n=428648, *n+fa=2087377873, fa=1729011781, *n=358366092 , g=332728, *g=0, xd=0, *xd= arras.io:213:21
bigf 32, y=3925165, r=373, n=428652, *n+fa=323020, fa=1729011781, *n=-1728688761 , g=332728, *g=0, xd=0, *xd= arras.io:213:21
bigf 33, y=3662848, r=717, n=323024, *n+fa=-2147483647, fa=1729011781, *n=418471868 , g=332728, *g=0, xd=0, *xd= arras.io:213:21
bigf 34, y=1, r=629, n=323024, *n+fa=-2147483647, fa=1729011781, *n=418471868 , g=332736, *g=1565648, xd=2147483649, *xd= arras.io:213:21
bigf 35, y=3105758, r=468, n=323032, *n+fa=-1853302775, fa=1729011781, *n=712652740 , g=332744, *g=163, xd=2147483649, *xd= arras.io:213:21
bigf 36, y=1911, r=383, n=323032, *n+fa=-1853302775, fa=1729011781, *n=712652740 , g=332736, *g=-2147483647, xd=1, *xd=0 arras.io:213:21
bigf 37, y=1, r=286, n=323036, *n+fa=898978371, fa=-1853302775, *n=-1542686150 , g=332736, *g=-2147483647, xd=1, *xd=0 arras.io:213:21
bigf 38, y=3193842, r=746, n=323040, *n+fa=653580, fa=-1853302775, *n=1853956355 , g=332736, *g=-2147483647, xd=1, *xd=0 arras.io:213:21
bigf 39, y=3663133, r=429, n=653584, *n+fa=1479953354, fa=-1853302775, *n=-961711167 , g=332728, *g=0, xd=0, *xd= arras.io:213:21
bigf 40, y=2254, r=383, n=653584, *n+fa=1479953354, fa=-1853302775, *n=-961711167 , g=332736, *g=-2147483647, xd=49, *xd=0 arras.io:213:21
bigf 41, y=1, r=629, n=653588, *n+fa=-2147483644, fa=1479953354, *n=667530298 , g=332736, *g=-2147483647, xd=49, *xd=0 arras.io:213:21
bigf 42, y=3105661, r=468, n=653596, *n+fa=1133451246, fa=1479953354, *n=-346502108 , g=332744, *g=163, xd=2147483652, *xd= arras.io:213:21
bigf 43, y=1911, r=286, n=653596, *n+fa=1133451246, fa=1479953354, *n=-346502108 , g=332736, *g=49, xd=0, *xd= arras.io:213:21
bigf 44, y=1, r=286, n=653596, *n+fa=1133451246, fa=1479953354, *n=-346502108 , g=332736, *g=49, xd=0, *xd= arras.io:213:21
bigf 45, y=3338133, r=746, n=653600, *n+fa=558324, fa=1479953354, *n=-1479395030 , g=332736, *g=49, xd=0, *xd= arras.io:213:21
bigf 46, y=2054, r=383, n=653604, *n+fa=1074833483, fa=1479953354, *n=-405119871 , g=332728, *g=0, xd=0, *xd= arras.io:213:21
bigf 47, y=1, r=429, n=653608, *n+fa=756033504, fa=1074833483, *n=-318799979 , g=332728, *g=0, xd=0, *xd= arras.io:213:21
bigf 48, y=3105876, r=629, n=653612, *n+fa=-2147483648, fa=1074833483, *n=1072650165 , g=332736, *g=49, xd=49, *xd=0 arras.io:213:21
bigf 49, y=1911, r=501, n=653616, *n+fa=2094133371, fa=1074833483, *n=1019299888 , g=332744, *g=163, xd=2147483648, *xd= arras.io:213:21
bigf 50, y=1, r=286, n=653616, *n+fa=2094133371, fa=1074833483, *n=1019299888 , g=332736, *g=49, xd=1, *xd=0 arras.io:213:21
bigf 51, y=3929322, r=746, n=653620, *n+fa=1182852, fa=1074833483, *n=-1073650631 , g=332736, *g=49, xd=1, *xd=0 arras.io:213:21
bigf 52, y=3531637, r=41, n=1182856, *n+fa=1133463988, fa=1074833483, *n=58630505 , g=332728, *g=0, xd=0, *xd= arras.io:213:21
bigf 53, y=2173, r=512, n=1182856, *n+fa=1133463988, fa=1074833483, *n=58630505 , g=332736, *g=49, xd=208, *xd=0 arras.io:213:21
bigf 54, y=1, r=548, n=1182856, *n+fa=1133463988, fa=1074833483, *n=58630505 , g=332744, *g=163, xd=1565440, *xd=1143361539 arras.io:213:21
bigf 55, y=3338141, r=488, n=1182860, *n+fa=557533254, fa=1074833483, *n=-517300229 , g=332736, *g=208, xd=1565648, *xd=-839454643 arras.io:213:21
bigf 56, y=2054, r=391, n=1182860, *n+fa=557533254, fa=1074833483, *n=-517300229 , g=332736, *g=208, xd=1565648, *xd=-839454643 arras.io:213:21
bigf 57, y=1, r=429, n=1182860, *n+fa=557533254, fa=1074833483, *n=-517300229 , g=332728, *g=0, xd=0, *xd= arras.io:213:21
bigf 58, y=2983722, r=629, n=1182864, *n+fa=-2147483648, fa=1074833483, *n=1072650165 , g=332736, *g=208, xd=49, *xd=0 arras.io:213:21
bigf 59, y=1836, r=222, n=1182868, *n+fa=2088919647, fa=1074833483, *n=1014086164 , g=332744, *g=163, xd=2147483648, *xd= arras.io:213:21
bigf 60, y=1, r=211, n=1182868, *n+fa=2088919647, fa=1074833483, *n=1014086164 , g=332736, *g=49, xd=2147483697, *xd= arras.io:213:21
bigf 61, y=3926114, r=22, n=1182872, *n+fa=1149367758, fa=1074833483, *n=74534275 , g=332736, *g=49, xd=2147483697, *xd= arras.io:213:21
bigf 62, y=2416, r=114, n=1182872, *n+fa=1149367758, fa=1074833483, *n=74534275 , g=332744, *g=163, xd=2, *xd=0 arras.io:213:21
bigf 63, y=1, r=791, n=1182872, *n+fa=1149367758, fa=1074833483, *n=74534275 , g=332752, *g=719032, xd=2147483697, *xd= arras.io:213:21
bigf 64, y=3347928, r=383, n=1182876, *n+fa=-521820836, fa=1074833483, *n=-1596654319 , g=332760, *g=9, xd=4, *xd=0 arras.io:213:21
bigf 65, y=2060, r=428, n=1182880, *n+fa=2086101030, fa=-521820836, *n=-1687045430 , g=332760, *g=9, xd=4, *xd=0 arras.io:213:21
bigf 66, y=1, r=435, n=1182880, *n+fa=2086101030, fa=-521820836, *n=-1687045430 , g=332752, *g=-2147483599, xd=0, *xd= arras.io:213:21
bigf 67, y=3924379, r=780, n=1182884, *n+fa=489744, fa=-521820836, *n=522310580 , g=332736, *g=-2147483599, xd=2, *xd=0 arras.io:213:21
bigf 68, y=2810035, r=307, n=1243216, *n+fa=1033106954, fa=-521820836, *n=1554927790 , g=332728, *g=0, xd=0, *xd= arras.io:213:21
bigf 69, y=1729, r=410, n=1243216, *n+fa=1033106954, fa=-521820836, *n=1554927790 , g=332736, *g=-2147483599, xd=1669624, *xd=0 arras.io:213:21
bigf 70, y=1, r=104, n=1243216, *n+fa=1033106954, fa=-521820836, *n=1554927790 , g=332744, *g=2, xd=1565648, *xd=-839454643 arras.io:213:21
bigf 71, y=3276383, r=204, n=1243220, *n+fa=-1792096154, fa=-521820836, *n=-1270275318 , g=332752, *g=-2147483599, xd=9, *xd=0 arras.io:213:21
bigf 72, y=2016, r=383, n=1243220, *n+fa=-1792096154, fa=-521820836, *n=-1270275318 , g=332752, *g=-2147483599, xd=9, *xd=0 arras.io:213:21
bigf 73, y=1, r=391, n=1243224, *n+fa=1041042217, fa=-1792096154, *n=-1461828925 , g=332752, *g=-2147483599, xd=9, *xd=0 arras.io:213:21
bigf 74, y=3281266, r=592, n=1243228, *n+fa=1413756891, fa=-1792096154, *n=-1089114251 , g=332744, *g=1565648, xd=1565648, *xd=-839454643 arras.io:213:21
bigf 75, y=2019, r=391, n=1243228, *n+fa=1413756891, fa=-1792096154, *n=-1089114251 , g=332744, *g=1565648, xd=1565648, *xd=-839454643 arras.io:213:21
bigf 76, y=1, r=394, n=1243228, *n+fa=1413756891, fa=-1792096154, *n=-1089114251 , g=332736, *g=1669624, xd=1669624, *xd=0 arras.io:213:21
bigf 77, y=3510629, r=391, n=1243232, *n+fa=318160, fa=-1792096154, *n=1792414314 , g=332736, *g=1669624, xd=1669624, *xd=0 arras.io:213:21
bigf 78, y=2160, r=629, n=1243232, *n+fa=318160, fa=-1792096154, *n=1792414314 , g=332728, *g=0, xd=0, *xd= arras.io:213:21
bigf 79, y=1, r=535, n=1243236, *n+fa=1907693516, fa=-1792096154, *n=-595177626 , g=332736, *g=1669624, xd=318160, *xd=-1818886144 arras.io:213:21
bigf 80, y=3814590, r=391, n=1243240, *n+fa=1888369371, fa=-1792096154, *n=-614501771 , g=332736, *g=1669624, xd=318160, *xd=-1818886144 arras.io:213:21
bigf 81, y=2347, r=715, n=1243240, *n+fa=1888369371, fa=-1792096154, *n=-614501771 , g=332728, *g=0, xd=0, *xd= arras.io:213:21
bigf 82, y=1, r=722, n=1243240, *n+fa=1888369371, fa=-1792096154, *n=-614501771 , g=332736, *g=1669624, xd=9, *xd=0 arras.io:213:21
bigf 83, y=3802698, r=746, n=1243244, *n+fa=973500, fa=-1792096154, *n=1793069654 , g=332736, *g=1669624, xd=0, *xd= arras.io:213:21
bigf 84, y=2340, r=198, n=1243248, *n+fa=339004728, fa=-1792096154, *n=2131100882 , g=332728, *g=0, xd=0, *xd= arras.io:213:21
bigf 85, y=1, r=715, n=1243248, *n+fa=339004728, fa=-1792096154, *n=2131100882 , g=332736, *g=1669624, xd=318160, *xd=-1818886144 arras.io:213:21
bigf 86, y=2849243, r=478, n=1243252, *n+fa=325441034, fa=-1792096154, *n=2117537188 , g=332744, *g=1565648, xd=9, *xd=0 arras.io:213:21
bigf 87, y=1753, r=618, n=1243252, *n+fa=325441034, fa=-1792096154, *n=2117537188 , g=332752, *g=-2147483599, xd=4294967295, *xd= arras.io:213:21
bigf 88, y=1, r=128, n=1243252, *n+fa=325441034, fa=-1792096154, *n=2117537188 , g=332744, *g=9, xd=4294967304, *xd=0 arras.io:213:21
bigf 89, y=2840896, r=659, n=1243256, *n+fa=121694823, fa=-1792096154, *n=1913790977 , g=332744, *g=9, xd=8, *xd=0 arras.io:213:21
bigf 90, y=1, r=123, n=1243256, *n+fa=121694823, fa=-1792096154, *n=1913790977 , g=332744, *g=9, xd=8, *xd=0 arras.io:213:21
bigf 91, y=2715514, r=198, n=1243260, *n+fa=1740947618, fa=-1792096154, *n=-761923524 , g=332728, *g=0, xd=0, *xd= arras.io:213:21
bigf 92, y=1671, r=139, n=1243260, *n+fa=1740947618, fa=-1792096154, *n=-761923524 , g=332736, *g=318556, xd=318160, *xd=-1818886144 arras.io:213:21
bigf 93, y=1, r=46, n=1243260, *n+fa=1740947618, fa=-1792096154, *n=-761923524 , g=332744, *g=9, xd=1565648, *xd=-839454643 arras.io:213:21
bigf 94, y=3711977, r=618, n=1243264, *n+fa=325419642, fa=-1792096154, *n=2117515796 , g=332752, *g=-2147483599, xd=1, *xd=0 arras.io:213:21
bigf 95, y=2284, r=477, n=1243264, *n+fa=325419642, fa=-1792096154, *n=2117515796 , g=332744, *g=1565648, xd=1565649, *xd=-1009912080 arras.io:213:21
bigf 96, y=1, r=659, n=1243264, *n+fa=325419642, fa=-1792096154, *n=2117515796 , g=332744, *g=1565648, xd=1565649, *xd=-1009912080 arras.io:213:21
bigf 97, y=1748, r=383, n=1243268, *n+fa=-1879173811, fa=-1792096154, *n=-87077657 , g=332744, *g=1565648, xd=1565649, *xd=-1009912080 arras.io:213:21
bigf 98, y=1, r=123, n=1243272, *n+fa=451883389, fa=-1879173811, *n=-1963910096 , g=332744, *g=1565648, xd=1565649, *xd=-1009912080 arras.io:213:21
bigf 99, y=2918707, r=139, n=1243276, *n+fa=348602132, fa=-1879173811, *n=-2067191353 , g=332728, *g=0, xd=0, *xd= arras.io:213:21
bigf 100, y=1796, r=207, n=1243276, *n+fa=348602132, fa=-1879173811, *n=-2067191353 , g=332736, *g=318552, xd=1565648, *xd=-839454643 arras.io:213:21
bigf 101, y=1, r=171, n=1243276, *n+fa=348602132, fa=-1879173811, *n=-2067191353 , g=332736, *g=318552, xd=77, *xd=0 arras.io:213:21
bigf 102, y=2855149, r=632, n=1243280, *n+fa=309314353, fa=-1879173811, *n=-2106479132 , g=332736, *g=318552, xd=77, *xd=0 arras.io:213:21
bigf 103, y=1, r=132, n=1243280, *n+fa=309314353, fa=-1879173811, *n=-2106479132 , g=332744, *g=1565648, xd=24, *xd=0 arras.io:213:21
bigf 104, y=2830972, r=478, n=1243284, *n+fa=755684169, fa=-1879173811, *n=-1660109316 , g=332736, *g=77, xd=1291845632, *xd= arras.io:213:21
bigf 105, y=1742, r=222, n=1243284, *n+fa=755684169, fa=-1879173811, *n=-1660109316 , g=332744, *g=1565648, xd=4294967295, *xd= arras.io:213:21
bigf 106, y=1, r=117, n=1243284, *n+fa=755684169, fa=-1879173811, *n=-1660109316 , g=332736, *g=1291845632, xd=3003121663, *xd= arras.io:213:21
bigf 107, y=3105661, r=669, n=1243288, *n+fa=2086109155, fa=-1879173811, *n=-329684330 , g=332736, *g=1291845632, xd=0, *xd= arras.io:213:21
bigf 108, y=1911, r=286, n=1243288, *n+fa=2086109155, fa=-1879173811, *n=-329684330 , g=332736, *g=1291845632, xd=0, *xd= arras.io:213:21
bigf 109, y=1, r=286, n=1243288, *n+fa=2086109155, fa=-1879173811, *n=-329684330 , g=332736, *g=1291845632, xd=0, *xd= arras.io:213:21
bigf 110, y=3924384, r=780, n=1243292, *n+fa=1062280, fa=-1879173811, *n=1880236091 , g=332736, *g=1291845632, xd=0, *xd= arras.io:213:21
bigf 111, y=3276204, r=791, n=1062284, *n+fa=1669497734, fa=-1879173811, *n=-746295751 , g=332728, *g=0, xd=0, *xd= arras.io:213:21
bigf 112, y=2016, r=204, n=1062284, *n+fa=1669497734, fa=-1879173811, *n=-746295751 , g=332736, *g=1291845632, xd=4, *xd=0 arras.io:213:21
bigf 113, y=1, r=391, n=1062284, *n+fa=1669497734, fa=-1879173811, *n=-746295751 , g=332736, *g=1291845632, xd=4, *xd=0 arras.io:213:21
bigf 114, y=3668008, r=359, n=1062288, *n+fa=-1792096154, fa=-1879173811, *n=87077657 , g=332728, *g=0, xd=0, *xd= arras.io:213:21
bigf 115, y=2257, r=383, n=1062288, *n+fa=-1792096154, fa=-1879173811, *n=87077657 , g=332736, *g=1291845632, xd=77, *xd=0 arras.io:213:21
bigf 116, y=1, r=632, n=1062292, *n+fa=930394005, fa=-1792096154, *n=-1572477137 , g=332736, *g=1291845632, xd=77, *xd=0 arras.io:213:21
bigf 117, y=1977, r=550, n=1062296, *n+fa=-67, fa=-1792096154, *n=1792096087 , g=332744, *g=1565648, xd=255, *xd=0 arras.io:213:21
bigf 118, y=1, r=352, n=1062296, *n+fa=-67, fa=-1792096154, *n=1792096087 , g=332736, *g=77, xd=77, *xd=0 arras.io:213:21
bigf 119, y=3924428, r=780, n=1062304, *n+fa=696604, fa=-1792096154, *n=1792792758 , g=332736, *g=77, xd=4294967306, *xd=0 arras.io:213:21
bigf 120, y=3106097, r=648, n=816684, *n+fa=1711447496, fa=-1792096154, *n=-791423646 , g=332728, *g=0, xd=0, *xd= arras.io:213:21
bigf 121, y=1911, r=722, n=816684, *n+fa=1711447496, fa=-1792096154, *n=-791423646 , g=332736, *g=77, xd=8, *xd=0 arras.io:213:21
bigf 122, y=1, r=286, n=816684, *n+fa=1711447496, fa=-1792096154, *n=-791423646 , g=332736, *g=77, xd=0, *xd= arras.io:213:21
bigf 123, y=3693823, r=746, n=816688, *n+fa=973500, fa=-1792096154, *n=1793069654 , g=332736, *g=77, xd=0, *xd= arras.io:213:21
bigf 124, y=2273, r=198, n=816692, *n+fa=452551603, fa=-1792096154, *n=-2050319539 , g=332728, *g=0, xd=0, *xd= arras.io:213:21
bigf 125, y=1, r=648, n=816692, *n+fa=452551603, fa=-1792096154, *n=-2050319539 , g=332736, *g=77, xd=318160, *xd=-1818886144 arras.io:213:21
bigf 126, y=2919118, r=478, n=816696, *n+fa=1012003534, fa=-1792096154, *n=-1490867608 , g=332744, *g=1565648, xd=8, *xd=0 arras.io:213:21
bigf 127, y=1796, r=618, n=816696, *n+fa=1012003534, fa=-1792096154, *n=-1490867608 , g=332752, *g=-2147483599, xd=4294967295, *xd= arras.io:213:21
bigf 128, y=1, r=171, n=816696, *n+fa=1012003534, fa=-1792096154, *n=-1490867608 , g=332744, *g=8, xd=4294967303, *xd=0 arras.io:213:21
bigf 129, y=3263396, r=659, n=816700, *n+fa=39602900, fa=-1792096154, *n=1831699054 , g=332744, *g=8, xd=7, *xd=0 arras.io:213:21
bigf 130, y=1, r=383, n=816700, *n+fa=39602900, fa=-1792096154, *n=1831699054 , g=332744, *g=8, xd=7, *xd=0 arras.io:213:21
bigf 131, y=2699323, r=123, n=816708, *n+fa=1564254296, fa=39602900, *n=1524651396 , g=332744, *g=8, xd=7, *xd=0 arras.io:213:21
bigf 132, y=1661, r=198, n=816708, *n+fa=1564254296, fa=39602900, *n=1524651396 , g=332728, *g=0, xd=0, *xd= arras.io:213:21
bigf 133, y=1, r=36, n=816708, *n+fa=1564254296, fa=39602900, *n=1524651396 , g=332736, *g=318556, xd=318160, *xd=-1818886144 arras.io:213:21
bigf 134, y=3603243, r=46, n=816712, *n+fa=325434534, fa=39602900, *n=285831634 , g=332744, *g=8, xd=1565649, *xd=-1009912080 arras.io:213:21
bigf 135, y=2217, r=618, n=816712, *n+fa=325434534, fa=39602900, *n=285831634 , g=332752, *g=-2147483599, xd=1, *xd=0 arras.io:213:21
bigf 136, y=1, r=592, n=816712, *n+fa=325434534, fa=39602900, *n=285831634 , g=332744, *g=1565649, xd=1565650, *xd=834915830 arras.io:213:21
bigf 137, y=2840892, r=659, n=816716, *n+fa=539023911, fa=39602900, *n=499421011 , g=332744, *g=1565649, xd=1565650, *xd=834915830 arras.io:213:21
bigf 138, y=1, r=123, n=816716, *n+fa=539023911, fa=39602900, *n=499421011 , g=332744, *g=1565649, xd=1565650, *xd=834915830 arras.io:213:21
bigf 139, y=2972332, r=36, n=816720, *n+fa=348602132, fa=39602900, *n=308999232 , g=332728, *g=0, xd=0, *xd= arras.io:213:21
bigf 140, y=1829, r=207, n=816720, *n+fa=348602132, fa=39602900, *n=308999232 , g=332736, *g=318552, xd=1565649, *xd=-1009912080 arras.io:213:21
bigf 141, y=1, r=204, n=816720, *n+fa=348602132, fa=39602900, *n=308999232 , g=332736, *g=318552, xd=240, *xd=0 arras.io:213:21
bigf 142, y=2855149, r=632, n=816724, *n+fa=309314353, fa=39602900, *n=269711453 , g=332736, *g=318552, xd=240, *xd=0 arras.io:213:21
bigf 143, y=1, r=132, n=816724, *n+fa=309314353, fa=39602900, *n=269711453 , g=332744, *g=1565649, xd=24, *xd=0 arras.io:213:21
bigf 144, y=2830972, r=478, n=816728, *n+fa=755684169, fa=39602900, *n=716081269 , g=332736, *g=240, xd=4026531840, *xd= arras.io:213:21
bigf 145, y=1742, r=222, n=816728, *n+fa=755684169, fa=39602900, *n=716081269 , g=332744, *g=1565649, xd=4294967295, *xd= arras.io:213:21
bigf 146, y=1, r=117, n=816728, *n+fa=755684169, fa=39602900, *n=716081269 , g=332736, *g=-268435456, xd=268435455, *xd= arras.io:213:21
bigf 147, y=3105661, r=669, n=816732, *n+fa=2086109155, fa=39602900, *n=2046506255 , g=332736, *g=-268435456, xd=4, *xd=0 arras.io:213:21
bigf 148, y=1911, r=286, n=816732, *n+fa=2086109155, fa=39602900, *n=2046506255 , g=332736, *g=-268435456, xd=4, *xd=0 arras.io:213:21
bigf 149, y=1, r=286, n=816732, *n+fa=2086109155, fa=39602900, *n=2046506255 , g=332736, *g=-268435456, xd=4, *xd=0 arras.io:213:21
bigf 150, y=3924384, r=780, n=816736, *n+fa=1034384, fa=39602900, *n=-38568516 , g=332736, *g=-268435456, xd=4, *xd=0 arras.io:213:21
bigf 151, y=2692899, r=715, n=758172, *n+fa=1011774382, fa=39602900, *n=972171482 , g=332728, *g=0, xd=0, *xd= arras.io:213:21
bigf 152, y=1657, r=274, n=758172, *n+fa=1011774382, fa=39602900, *n=972171482 , g=332736, *g=-268435456, xd=240, *xd=0 arras.io:213:21
bigf 153, y=3263255, r=632, n=758176, *n+fa=-1792096154, fa=39602900, *n=-1831699054 , g=332736, *g=-268435456, xd=272, *xd=0 arras.io:213:21
bigf 154, y=1, r=383, n=758176, *n+fa=-1792096154, fa=39602900, *n=-1831699054 , g=332744, *g=1565649, xd=255, *xd=0 arras.io:213:21
bigf 155, y=2690007, r=550, n=758184, *n+fa=755683815, fa=-1792096154, *n=-1747187327 , g=332744, *g=1565649, xd=255, *xd=0 arras.io:213:21
bigf 156, y=1655, r=632, n=758184, *n+fa=755683815, fa=-1792096154, *n=-1747187327 , g=332736, *g=272, xd=16, *xd=0 arras.io:213:21
bigf 157, y=3105661, r=315, n=758188, *n+fa=475896621, fa=-1792096154, *n=-2026974521 , g=332744, *g=1565649, xd=30, *xd=0 arras.io:213:21
bigf 158, y=1911, r=286, n=758188, *n+fa=475896621, fa=-1792096154, *n=-2026974521 , g=332736, *g=16, xd=0, *xd= arras.io:213:21
bigf 159, y=1, r=286, n=758188, *n+fa=475896621, fa=-1792096154, *n=-2026974521 , g=332736, *g=16, xd=0, *xd= arras.io:213:21
bigf 160, y=2933484, r=746, n=758192, *n+fa=973500, fa=-1792096154, *n=1793069654 , g=332736, *g=16, xd=0, *xd= arras.io:213:21
bigf 161, y=1805, r=359, n=758196, *n+fa=1130962977, fa=-1792096154, *n=-1371908165 , g=332728, *g=0, xd=0, *xd= arras.io:213:21
bigf 162, y=1, r=180, n=758196, *n+fa=1130962977, fa=-1792096154, *n=-1371908165 , g=332736, *g=16, xd=7, *xd=0 arras.io:213:21
bigf 163, y=3336602, r=352, n=758200, *n+fa=-2, fa=-1792096154, *n=1792096152 , g=332744, *g=1565649, xd=4, *xd=0 arras.io:213:21
bigf 164, y=2053, r=477, n=758204, *n+fa=948306871, fa=-1792096154, *n=-1554564271 , g=332744, *g=1565649, xd=4294967298, *xd=0 arras.io:213:21
bigf 165, y=1, r=428, n=758204, *n+fa=948306871, fa=-1792096154, *n=-1554564271 , g=332744, *g=1565649, xd=2, *xd=0 arras.io:213:21
bigf 166, y=3224198, r=746, n=758208, *n+fa=973500, fa=-1792096154, *n=1793069654 , g=332736, *g=7, xd=0, *xd= arras.io:213:21
bigf 167, y=1984, r=198, n=758212, *n+fa=1741432911, fa=-1792096154, *n=-761438231 , g=332728, *g=0, xd=0, *xd= arras.io:213:21
bigf 168, y=1, r=359, n=758212, *n+fa=1741432911, fa=-1792096154, *n=-761438231 , g=332736, *g=7, xd=318160, *xd=-1818886144 arras.io:213:21
bigf 169, y=3712276, r=36, n=758216, *n+fa=523044021, fa=-1792096154, *n=-1979827121 , g=332744, *g=1565649, xd=7, *xd=0 arras.io:213:21
bigf 170, y=2284, r=776, n=758216, *n+fa=523044021, fa=-1792096154, *n=-1979827121 , g=332752, *g=-2147483599, xd=2, *xd=0 arras.io:213:21
bigf 171, y=1, r=659, n=758216, *n+fa=523044021, fa=-1792096154, *n=-1979827121 , g=332744, *g=7, xd=5, *xd=0 arras.io:213:21
bigf 172, y=1823, r=123, n=758220, *n+fa=1631964889, fa=-1792096154, *n=-870906253 , g=332744, *g=7, xd=5, *xd=0 arras.io:213:21
bigf 173, y=1, r=198, n=758220, *n+fa=1631964889, fa=-1792096154, *n=-870906253 , g=332728, *g=0, xd=0, *xd= arras.io:213:21
bigf 174, y=3644911, r=139, n=758224, *n+fa=1036196003, fa=-1792096154, *n=-1466675139 , g=332736, *g=318556, xd=318160, *xd=-1818886144 arras.io:213:21
bigf 175, y=2243, r=36, n=758224, *n+fa=1036196003, fa=-1792096154, *n=-1466675139 , g=332744, *g=7, xd=1565650, *xd=834915830 arras.io:213:21
bigf 176, y=1, r=618, n=758224, *n+fa=1036196003, fa=-1792096154, *n=-1466675139 , g=332752, *g=-2147483599, xd=2, *xd=0 arras.io:213:21
bigf 177, y=3278284, r=128, n=758228, *n+fa=476474498, fa=-1792096154, *n=-2026396644 , g=332744, *g=1565650, xd=1565652, *xd=858927555 arras.io:213:21
bigf 178, y=2017, r=659, n=758228, *n+fa=476474498, fa=-1792096154, *n=-2026396644 , g=332744, *g=1565650, xd=1565652, *xd=858927555 arras.io:213:21
bigf 179, y=2933840, r=123, n=758232, *n+fa=451587774, fa=-1792096154, *n=-2051283368 , g=332744, *g=1565650, xd=1565652, *xd=858927555 arras.io:213:21
bigf 180, y=1805, r=715, n=758232, *n+fa=451587774, fa=-1792096154, *n=-2051283368 , g=332728, *g=0, xd=0, *xd= arras.io:213:21
bigf 181, y=1, r=180, n=758232, *n+fa=451587774, fa=-1792096154, *n=-2051283368 , g=332736, *g=318552, xd=240, *xd=0 arras.io:213:21
bigf 182, y=2918525, r=274, n=758236, *n+fa=948199258, fa=-1792096154, *n=-1554671884 , g=332744, *g=1565650, xd=4, *xd=0 arras.io:213:21
bigf 183, y=1, r=171, n=758236, *n+fa=948199258, fa=-1792096154, *n=-1554671884 , g=332744, *g=1565650, xd=29, *xd=0 arras.io:213:21
bigf 184, y=3224132, r=383, n=758240, *n+fa=39602900, fa=-1792096154, *n=1831699054 , g=332744, *g=1565650, xd=29, *xd=0 arras.io:213:21
bigf 185, y=1984, r=132, n=758244, *n+fa=1032816427, fa=39602900, *n=993213527 , g=332744, *g=1565650, xd=29, *xd=0 arras.io:213:21
bigf 186, y=1, r=359, n=758244, *n+fa=1032816427, fa=39602900, *n=993213527 , g=332736, *g=240, xd=128849018880, *xd= arras.io:213:21
bigf 187, y=3276204, r=552, n=758248, *n+fa=756392036, fa=39602900, *n=716789136 , g=332744, *g=1565650, xd=29, *xd=0 arras.io:213:21
bigf 188, y=2016, r=204, n=758248, *n+fa=756392036, fa=39602900, *n=716789136 , g=332736, *g=0, xd=0, *xd= arras.io:213:21
bigf 189, y=1, r=391, n=758248, *n+fa=756392036, fa=39602900, *n=716789136 , g=332736, *g=0, xd=0, *xd= arras.io:213:21
bigf 190, y=3106097, r=36, n=758252, *n+fa=1668934246, fa=39602900, *n=1629331346 , g=332728, *g=0, xd=0, *xd= arras.io:213:21
bigf 191, y=1911, r=722, n=758252, *n+fa=1668934246, fa=39602900, *n=1629331346 , g=332736, *g=0, xd=2, *xd=0 arras.io:213:21
bigf 192, y=1, r=286, n=758252, *n+fa=1668934246, fa=39602900, *n=1629331346 , g=332736, *g=0, xd=0, *xd= arras.io:213:21
bigf 193, y=3667661, r=746, n=758256, *n+fa=1034384, fa=39602900, *n=-38568516 , g=332736, *g=0, xd=0, *xd= arras.io:213:21
bigf 194, y=2257, r=36, n=758260, *n+fa=1260471882, fa=39602900, *n=1220868982 , g=332728, *g=0, xd=0, *xd= arras.io:213:21
bigf 195, y=1, r=632, n=758260, *n+fa=1260471882, fa=39602900, *n=1220868982 , g=332736, *g=0, xd=2, *xd=0 arras.io:213:21
bigf 196, y=2102, r=550, n=758264, *n+fa=755683883, fa=39602900, *n=716080983 , g=332744, *g=1565650, xd=7, *xd=0 arras.io:213:21
bigf 197, y=1, r=477, n=758264, *n+fa=755683883, fa=39602900, *n=716080983 , g=332736, *g=2, xd=2, *xd=0 arras.io:213:21
bigf 198, y=3105661, r=383, n=758268, *n+fa=-1133208271, fa=39602900, *n=-1172811171 , g=332736, *g=2, xd=2, *xd=0 arras.io:213:21
bigf 199, y=1911, r=286, n=758272, *n+fa=755841871, fa=-1133208271, *n=1889050142 , g=332736, *g=2, xd=2, *xd=0 arras.io:213:21
bigf 200, y=1, r=286, n=758272, *n+fa=755841871, fa=-1133208271, *n=1889050142 , g=332736, *g=2, xd=2, *xd=0 arras.io:213:21
bigf 201, y=3105758, r=746, n=758276, *n+fa=66644, fa=-1133208271, *n=1133274915 , g=332736, *g=2, xd=2, *xd=0 arras.io:213:21
bigf 202, y=3276171, r=139, n=66648, *n+fa=756288383, fa=-1133208271, *n=1889496654 , g=332728, *g=0, xd=0, *xd= arras.io:213:21
bigf 203, y=2016, r=171, n=66648, *n+fa=756288383, fa=-1133208271, *n=1889496654 , g=332736, *g=2, xd=1565650, *xd=834915830 arras.io:213:21
bigf 204, y=1, r=391, n=66648, *n+fa=756288383, fa=-1133208271, *n=1889496654 , g=332736, *g=2, xd=1565650, *xd=834915830 arras.io:213:21
bigf 205, y=3106033, r=383, n=66652, *n+fa=1218042046, fa=-1133208271, *n=-1943716979 , g=332728, *g=0, xd=0, *xd= arras.io:213:21
bigf 206, y=1911, r=658, n=66656, *n+fa=930122555, fa=1218042046, *n=-287919491 , g=332728, *g=0, xd=0, *xd= arras.io:213:21
bigf 207, y=1, r=286, n=66656, *n+fa=930122555, fa=1218042046, *n=-287919491 , g=332728, *g=0, xd=0, *xd= arras.io:213:21
bigf 208, y=3213008, r=180, n=66660, *n+fa=39602900, fa=1218042046, *n=-1178439146 , g=332728, *g=0, xd=0, *xd= arras.io:213:21
bigf 209, y=1977, r=383, n=66660, *n+fa=39602900, fa=1218042046, *n=-1178439146 , g=332736, *g=2, xd=4, *xd=0 arras.io:213:21
bigf 210, y=1, r=352, n=66664, *n+fa=-3, fa=39602900, *n=-39602903 , g=332736, *g=2, xd=4, *xd=0 arras.io:213:21
bigf 211, y=3336132, r=632, n=66672, *n+fa=1889037246, fa=39602900, *n=1849434346 , g=332736, *g=2, xd=4294967297, *xd=0 arras.io:213:21
bigf 212, y=1, r=428, n=66672, *n+fa=1889037246, fa=39602900, *n=1849434346 , g=332744, *g=1565650, xd=7, *xd=0 arras.io:213:21
bigf 213, y=3803109, r=746, n=66676, *n+fa=1034384, fa=39602900, *n=-38568516 , g=332736, *g=1, xd=1, *xd=0 arras.io:213:21
bigf 214, y=3719899, r=198, n=1034388, *n+fa=1035570448, fa=39602900, *n=995967548 , g=332728, *g=0, xd=0, *xd= arras.io:213:21
bigf 215, y=2289, r=274, n=1034388, *n+fa=1035570448, fa=39602900, *n=995967548 , g=332736, *g=1, xd=318160, *xd=-1818886144 arras.io:213:21
bigf 216, y=3277899, r=198, n=1034392, *n+fa=523161254, fa=39602900, *n=483558354 , g=332736, *g=1, xd=318824, *xd=1 arras.io:213:21
bigf 217, y=2017, r=274, n=1034392, *n+fa=523161254, fa=39602900, *n=483558354 , g=332744, *g=1565650, xd=318160, *xd=-1818886144 arras.io:213:21
bigf 218, y=2962570, r=629, n=1034396, *n+fa=150, fa=39602900, *n=-39602750 , g=332744, *g=1565650, xd=318552, *xd=1565652 arras.io:213:21
bigf 219, y=1823, r=195, n=1034400, *n+fa=2095094899, fa=39602900, *n=2055491999 , g=332752, *g=-2147483599, xd=150, *xd=0 arras.io:213:21
call 0, 371(318824, 318552) arras.io:213:21
call 1, 531(1244788, 1565653, 3) arras.io:213:21
call 2, 302(3) arras.io:213:21
call 3, 423(1551432, 1565653, 3) arras.io:213:21
bigf 220, y=1, r=198, n=1034400, *n+fa=2095094899, fa=39602900, *n=2055491999 , g=332728, *g=0, xd=0, *xd= arras.io:213:21
bigf 221, y=3929914, r=274, n=1034404, *n+fa=1661728633, fa=39602900, *n=1622125733 , g=332736, *g=318824, xd=318160, *xd=-1818886144 arras.io:213:21
bigf 222, y=1, r=793, n=1034404, *n+fa=1661728633, fa=39602900, *n=1622125733 , g=332736, *g=318824, xd=318824, *xd=3 arras.io:213:21
bigf 223, y=3663227, r=383, n=1034408, *n+fa=-1792096154, fa=39602900, *n=-1831699054 , g=332736, *g=318824, xd=3, *xd=0 arras.io:213:21
bigf 224, y=2254, r=477, n=1034412, *n+fa=-2147483648, fa=-1792096154, *n=-355387494 , g=332736, *g=318824, xd=3, *xd=0 arras.io:213:21
bigf 225, y=1, r=629, n=1034412, *n+fa=-2147483648, fa=-1792096154, *n=-355387494 , g=332736, *g=318824, xd=3, *xd=0 arras.io:213:21
bigf 226, y=3105661, r=468, n=1034420, *n+fa=723853746, fa=-1792096154, *n=-1779017396 , g=332744, *g=318552, xd=2147483648, *xd= arras.io:213:21
bigf 227, y=1911, r=286, n=1034420, *n+fa=723853746, fa=-1792096154, *n=-1779017396 , g=332736, *g=3, xd=0, *xd= arras.io:213:21
bigf 228, y=1, r=286, n=1034420, *n+fa=723853746, fa=-1792096154, *n=-1779017396 , g=332736, *g=3, xd=0, *xd= arras.io:213:21
bigf 229, y=3086073, r=746, n=1034424, *n+fa=973500, fa=-1792096154, *n=1793069654 , g=332736, *g=3, xd=0, *xd= arras.io:213:21
bigf 230, y=1899, r=198, n=1034428, *n+fa=1564539293, fa=-1792096154, *n=-938331849 , g=332728, *g=0, xd=0, *xd= arras.io:213:21
bigf 231, y=1, r=274, n=1034428, *n+fa=1564539293, fa=-1792096154, *n=-938331849 , g=332736, *g=3, xd=318160, *xd=-1818886144 arras.io:213:21
bigf 232, y=2217, r=793, n=1034432, *n+fa=723853391, fa=-1792096154, *n=-1779017751 , g=332736, *g=3, xd=318828, *xd=1551432 arras.io:213:21
bigf 233, y=1, r=592, n=1034432, *n+fa=723853391, fa=-1792096154, *n=-1779017751 , g=332736, *g=3, xd=1551432, *xd=3355185 arras.io:213:21
bigf 234, y=3086073, r=391, n=1034436, *n+fa=452836172, fa=-1792096154, *n=-2050034970 , g=332736, *g=3, xd=1551432, *xd=3355185 arras.io:213:21
bigf 235, y=1899, r=198, n=1034436, *n+fa=452836172, fa=-1792096154, *n=-2050034970 , g=332728, *g=0, xd=0, *xd= arras.io:213:21
bigf 236, y=1, r=274, n=1034436, *n+fa=452836172, fa=-1792096154, *n=-2050034970 , g=332736, *g=3, xd=318160, *xd=-1818886144 arras.io:213:21
bigf 237, y=1796, r=793, n=1034440, *n+fa=723853391, fa=-1792096154, *n=-1779017751 , g=332736, *g=3, xd=318832, *xd=3 arras.io:213:21
bigf 238, y=1, r=171, n=1034440, *n+fa=723853391, fa=-1792096154, *n=-1779017751 , g=332736, *g=3, xd=3, *xd=0 arras.io:213:21
bigf 239, y=3086073, r=391, n=1034444, *n+fa=723853664, fa=-1792096154, *n=-1779017478 , g=332736, *g=3, xd=3, *xd=0 arras.io:213:21
bigf 240, y=1899, r=198, n=1034444, *n+fa=723853664, fa=-1792096154, *n=-1779017478 , g=332728, *g=0, xd=0, *xd= arras.io:213:21
bigf 241, y=1, r=274, n=1034444, *n+fa=723853664, fa=-1792096154, *n=-1779017478 , g=332736, *g=3, xd=318160, *xd=-1818886144 arras.io:213:21
bigf 242, y=1899, r=198, n=1034448, *n+fa=515944392, fa=-1792096154, *n=-1986926750 , g=332736, *g=3, xd=318824, *xd=3 arras.io:213:21
bigf 243, y=1, r=274, n=1034448, *n+fa=515944392, fa=-1792096154, *n=-1986926750 , g=332744, *g=318552, xd=318160, *xd=-1818886144 arras.io:213:21
bigf 244, y=1820, r=629, n=1034452, *n+fa=51, fa=-1792096154, *n=1792096205 , g=332744, *g=318552, xd=318552, *xd=1565656 arras.io:213:21
bigf 245, y=1, r=195, n=1034456, *n+fa=724153823, fa=-1792096154, *n=-1778717319 , g=332752, *g=-2147483599, xd=51, *xd=0 arras.io:213:21
call 4, 455(318824, 318552) arras.io:213:21
bigf 246, y=3086258, r=198, n=1034460, *n+fa=-1629878356, fa=-1792096154, *n=162217798 , g=332728, *g=0, xd=0, *xd= arras.io:213:21
bigf 247, y=1899, r=383, n=1034460, *n+fa=-1629878356, fa=-1792096154, *n=162217798 , g=332736, *g=318824, xd=318160, *xd=-1818886144 arras.io:213:21
bigf 248, y=1, r=274, n=1034464, *n+fa=121805789, fa=-1629878356, *n=1751684145 , g=332736, *g=318824, xd=318160, *xd=-1818886144 arras.io:213:21
bigf 249, y=1671, r=207, n=1034468, *n+fa=755684001, fa=-1629878356, *n=-1909404939 , g=332736, *g=318824, xd=318824, *xd=0 arras.io:213:21
bigf 250, y=1, r=46, n=1034468, *n+fa=755684001, fa=-1629878356, *n=-1909404939 , g=332736, *g=318824, xd=0, *xd= arras.io:213:21
bigf 251, y=3105661, r=501, n=1034472, *n+fa=95685621, fa=-1629878356, *n=1725563977 , g=332744, *g=318552, xd=1, *xd=0 arras.io:213:21
bigf 252, y=1911, r=286, n=1034472, *n+fa=95685621, fa=-1629878356, *n=1725563977 , g=332736, *g=0, xd=1, *xd=0 arras.io:213:21
bigf 253, y=1, r=286, n=1034472, *n+fa=95685621, fa=-1629878356, *n=1725563977 , g=332736, *g=0, xd=1, *xd=0 arras.io:213:21
bigf 254, y=2699508, r=746, n=1034476, *n+fa=279240, fa=-1629878356, *n=1630157596 , g=332736, *g=0, xd=1, *xd=0 arras.io:213:21
bigf 255, y=3726399, r=198, n=279244, *n+fa=338623168, fa=-1629878356, *n=1968501524 , g=332728, *g=0, xd=0, *xd= arras.io:213:21
bigf 256, y=2293, r=274, n=279244, *n+fa=338623168, fa=-1629878356, *n=1968501524 , g=332736, *g=0, xd=318160, *xd=-1818886144 arras.io:213:21
bigf 257, y=2849008, r=793, n=279248, *n+fa=-1792096154, fa=-1629878356, *n=-162217798 , g=332736, *g=0, xd=318828, *xd=1 arras.io:213:21
bigf 258, y=1753, r=383, n=279248, *n+fa=-1792096154, fa=-1629878356, *n=-162217798 , g=332736, *g=0, xd=1, *xd=0 arras.io:213:21
bigf 259, y=1, r=128, n=279252, *n+fa=948306516, fa=-1792096154, *n=-1554564626 , g=332736, *g=0, xd=1, *xd=0 arras.io:213:21
bigf 260, y=3224198, r=391, n=279256, *n+fa=325792034, fa=-1792096154, *n=2117888188 , g=332736, *g=0, xd=1, *xd=0 arras.io:213:21
bigf 261, y=1984, r=198, n=279256, *n+fa=325792034, fa=-1792096154, *n=2117888188 , g=332728, *g=0, xd=0, *xd= arras.io:213:21
bigf 262, y=1, r=359, n=279256, *n+fa=325792034, fa=-1792096154, *n=2117888188 , g=332736, *g=0, xd=318160, *xd=-1818886144 arras.io:213:21
bigf 263, y=2841112, r=659, n=279260, *n+fa=1740397948, fa=-1792096154, *n=-762473194 , g=332744, *g=318552, xd=3, *xd=0 arras.io:213:21
bigf 264, y=1, r=123, n=279260, *n+fa=1740397948, fa=-1792096154, *n=-762473194 , g=332744, *g=318552, xd=3, *xd=0 arras.io:213:21
bigf 265, y=3711639, r=198, n=279264, *n+fa=523044233, fa=-1792096154, *n=-1979826909 , g=332728, *g=0, xd=0, *xd= arras.io:213:21
bigf 266, y=2284, r=139, n=279264, *n+fa=523044233, fa=-1792096154, *n=-1979826909 , g=332736, *g=318772, xd=318160, *xd=-1818886144 arras.io:213:21
bigf 267, y=1, r=659, n=279264, *n+fa=523044233, fa=-1792096154, *n=-1979826909 , g=332744, *g=318552, xd=1551432, *xd=3355185 arras.io:213:21
bigf 268, y=1823, r=123, n=279268, *n+fa=1596009023, fa=-1792096154, *n=-906862119 , g=332744, *g=318552, xd=1551432, *xd=3355185 arras.io:213:21
bigf 269, y=1, r=198, n=279268, *n+fa=1596009023, fa=-1792096154, *n=-906862119 , g=332728, *g=0, xd=0, *xd= arras.io:213:21
bigf 270, y=3622784, r=648, n=279272, *n+fa=1888368748, fa=-1792096154, *n=-614502394 , g=332736, *g=318768, xd=318160, *xd=-1818886144 arras.io:213:21
bigf 271, y=2229, r=659, n=279272, *n+fa=1888368748, fa=-1792096154, *n=-614502394 , g=332744, *g=318552, xd=1, *xd=0 arras.io:213:21
bigf 272, y=3802698, r=123, n=279276, *n+fa=325772534, fa=-1792096154, *n=2117868688 , g=332744, *g=318552, xd=1, *xd=0 arras.io:213:21
bigf 273, y=2340, r=198, n=279276, *n+fa=325772534, fa=-1792096154, *n=2117868688 , g=332728, *g=0, xd=0, *xd= arras.io:213:21
bigf 274, y=1, r=715, n=279276, *n+fa=325772534, fa=-1792096154, *n=2117868688 , g=332736, *g=318764, xd=318160, *xd=-1818886144 arras.io:213:21
bigf 275, y=2841100, r=659, n=279280, *n+fa=199023536, fa=-1792096154, *n=1991119690 , g=332744, *g=318552, xd=63181, *xd=0 arras.io:213:21
bigf 276, y=1, r=123, n=279280, *n+fa=199023536, fa=-1792096154, *n=1991119690 , g=332744, *g=318552, xd=63181, *xd=0 arras.io:213:21
bigf 277, y=2763101, r=36, n=279284, *n+fa=1669510967, fa=-1792096154, *n=-833360175 , g=332728, *g=0, xd=0, *xd= arras.io:213:21
bigf 278, y=1700, r=601, n=279284, *n+fa=1669510967, fa=-1792096154, *n=-833360175 , g=332736, *g=318760, xd=3, *xd=0 arras.io:213:21
bigf 279, y=1, r=75, n=279284, *n+fa=1669510967, fa=-1792096154, *n=-833360175 , g=332744, *g=318552, xd=8, *xd=0 arras.io:213:21
bigf 280, y=3668016, r=592, n=279288, *n+fa=1032815889, fa=-1792096154, *n=-1470055253 , g=332736, *g=3, xd=0, *xd= arras.io:213:21
bigf 281, y=2257, r=391, n=279288, *n+fa=1032815889, fa=-1792096154, *n=-1470055253 , g=332736, *g=3, xd=0, *xd= arras.io:213:21
bigf 282, y=1, r=632, n=279288, *n+fa=1032815889, fa=-1792096154, *n=-1470055253 , g=332728, *g=0, xd=0, *xd= arras.io:213:21
bigf 283, y=2016, r=204, n=279292, *n+fa=2087377873, fa=-1792096154, *n=-415493269 , g=332736, *g=3, xd=14, *xd=0 arras.io:213:21
bigf 284, y=1, r=391, n=279292, *n+fa=2087377873, fa=-1792096154, *n=-415493269 , g=332736, *g=3, xd=14, *xd=0 arras.io:213:21
bigf 285, y=3925165, r=373, n=279296, *n+fa=900712, fa=-1792096154, *n=1792996866 , g=332728, *g=0, xd=0, *xd= arras.io:213:21
bigf 286, y=3711780, r=198, n=900716, *n+fa=523399932, fa=-1792096154, *n=-1979471210 , g=332728, *g=0, xd=0, *xd= arras.io:213:21
bigf 287, y=2284, r=280, n=900716, *n+fa=523399932, fa=-1792096154, *n=-1979471210 , g=332736, *g=3, xd=318160, *xd=-1818886144 arras.io:213:21
bigf 288, y=1, r=659, n=900716, *n+fa=523399932, fa=-1792096154, *n=-1979471210 , g=332744, *g=318552, xd=0, *xd= arras.io:213:21
bigf 289, y=1823, r=342, n=900720, *n+fa=1120696235, fa=-1792096154, *n=-1382174907 , g=332744, *g=318552, xd=0, *xd= arras.io:213:21
bigf 290, y=1, r=198, n=900720, *n+fa=1120696235, fa=-1792096154, *n=-1382174907 , g=332728, *g=0, xd=0, *xd= arras.io:213:21
bigf 291, y=3330284, r=360, n=900724, *n+fa=523165842, fa=-1792096154, *n=-1979705300 , g=332736, *g=318592, xd=318160, *xd=-1818886144 arras.io:213:21
bigf 292, y=2049, r=659, n=900724, *n+fa=523165842, fa=-1792096154, *n=-1979705300 , g=332744, *g=318552, xd=0, *xd= arras.io:213:21
bigf 293, y=2962573, r=342, n=900728, *n+fa=1012334649, fa=-1792096154, *n=-1490536493 , g=332744, *g=318552, xd=0, *xd= arras.io:213:21
bigf 294, y=1823, r=198, n=900728, *n+fa=1012334649, fa=-1792096154, *n=-1490536493 , g=332728, *g=0, xd=0, *xd= arras.io:213:21
bigf 295, y=1, r=198, n=900728, *n+fa=1012334649, fa=-1792096154, *n=-1490536493 , g=332736, *g=318584, xd=318160, *xd=-1818886144 arras.io:213:21
bigf 296, y=3263600, r=274, n=900732, *n+fa=-1634178111, fa=-1792096154, *n=157918043 , g=332744, *g=318552, xd=318160, *xd=-1818886144 arras.io:213:21
bigf 297, y=1, r=383, n=900732, *n+fa=-1634178111, fa=-1792096154, *n=157918043 , g=332744, *g=318552, xd=318760, *xd=63181 arras.io:213:21
bigf 298, y=3711812, r=26, n=900740, *n+fa=523399916, fa=-1634178111, *n=-2137389269 , g=332744, *g=318552, xd=318760, *xd=63181 arras.io:213:21
bigf 299, y=2284, r=312, n=900740, *n+fa=523399916, fa=-1634178111, *n=-2137389269 , g=332744, *g=318552, xd=4295030477, *xd=0 arras.io:213:21
bigf 300, y=1, r=659, n=900740, *n+fa=523399916, fa=-1634178111, *n=-2137389269 , g=332744, *g=318552, xd=4295030477, *xd=0 arras.io:213:21
bigf 301, y=1823, r=342, n=900744, *n+fa=1605945448, fa=-1634178111, *n=-1054843737 , g=332744, *g=318552, xd=4295030477, *xd=0 arras.io:213:21
bigf 302, y=1, r=198, n=900744, *n+fa=1605945448, fa=-1634178111, *n=-1054843737 , g=332728, *g=0, xd=0, *xd= arras.io:213:21
bigf 303, y=3628899, r=198, n=900748, *n+fa=1740615526, fa=-1634178111, *n=-920173659 , g=332736, *g=318576, xd=318160, *xd=-1818886144 arras.io:213:21
bigf 304, y=2233, r=274, n=900748, *n+fa=1740615526, fa=-1634178111, *n=-920173659 , g=332744, *g=318552, xd=318160, *xd=-1818886144 arras.io:213:21
bigf 305, y=3711773, r=26, n=900752, *n+fa=523399908, fa=-1634178111, *n=-2137389277 , g=332744, *g=318552, xd=318768, *xd=1551432 arras.io:213:21
bigf 306, y=2284, r=273, n=900752, *n+fa=523399908, fa=-1634178111, *n=-2137389277 , g=332744, *g=318552, xd=12886453320, *xd=3355185 arras.io:213:21
bigf 307, y=1, r=659, n=900752, *n+fa=523399908, fa=-1634178111, *n=-2137389277 , g=332744, *g=318552, xd=12886453320, *xd=3355185 arras.io:213:21
bigf 308, y=1823, r=342, n=900756, *n+fa=1067883411, fa=-1634178111, *n=-1592905774 , g=332744, *g=318552, xd=12886453320, *xd=3355185 arras.io:213:21
bigf 309, y=1, r=198, n=900756, *n+fa=1067883411, fa=-1634178111, *n=-1592905774 , g=332728, *g=0, xd=0, *xd= arras.io:213:21
bigf 310, y=3297784, r=36, n=900760, *n+fa=1888369298, fa=-1634178111, *n=-772419887 , g=332736, *g=318568, xd=318160, *xd=-1818886144 arras.io:213:21
bigf 311, y=2029, r=659, n=900760, *n+fa=1888369298, fa=-1634178111, *n=-772419887 , g=332744, *g=318552, xd=3, *xd=0 arras.io:213:21
bigf 312, y=3802698, r=673, n=900764, *n+fa=755869409, fa=-1634178111, *n=-1904919776 , g=332744, *g=318552, xd=3, *xd=0 arras.io:213:21
bigf 313, y=2340, r=198, n=900764, *n+fa=755869409, fa=-1634178111, *n=-1904919776 , g=332728, *g=0, xd=0, *xd= arras.io:213:21
bigf 314, y=1, r=715, n=900764, *n+fa=755869409, fa=-1634178111, *n=-1904919776 , g=332736, *g=318564, xd=318160, *xd=-1818886144 arras.io:213:21
bigf 315, y=3105775, r=659, n=900768, *n+fa=2087377873, fa=-1634178111, *n=-573411312 , g=332744, *g=318552, xd=14, *xd=0 arras.io:213:21
bigf 316, y=1, r=286, n=900768, *n+fa=2087377873, fa=-1634178111, *n=-573411312 , g=332744, *g=318552, xd=14, *xd=0 arras.io:213:21
bigf 317, y=3925165, r=373, n=900772, *n+fa=1235732, fa=-1634178111, *n=1635413843 , g=332744, *g=318552, xd=14, *xd=0 arras.io:213:21
bigf 318, y=3263198, r=123, n=1235736, *n+fa=-543438312, fa=-1634178111, *n=1090739799 , g=332744, *g=318552, xd=14, *xd=0 arras.io:213:21
bigf 319, y=2008, r=198, n=1235736, *n+fa=-543438312, fa=-1634178111, *n=1090739799 , g=332728, *g=0, xd=0, *xd= arras.io:213:21
bigf 320, y=1, r=383, n=1235736, *n+fa=-543438312, fa=-1634178111, *n=1090739799 , g=332736, *g=318560, xd=318160, *xd=-1818886144 arras.io:213:21
bigf 321, y=3299409, r=139, n=1235744, *n+fa=367368834, fa=-543438312, *n=910807146 , g=332736, *g=318560, xd=318160, *xd=-1818886144 arras.io:213:21
bigf 322, y=2030, r=659, n=1235744, *n+fa=367368834, fa=-543438312, *n=910807146 , g=332744, *g=318552, xd=0, *xd= arras.io:213:21
bigf 323, y=2866698, r=209, n=1235748, *n+fa=198073507, fa=-543438312, *n=741511819 , g=332744, *g=318552, xd=0, *xd= arras.io:213:21
bigf 324, y=1764, r=198, n=1235748, *n+fa=198073507, fa=-543438312, *n=741511819 , g=332728, *g=0, xd=0, *xd= arras.io:213:21
bigf 325, y=1, r=139, n=1235748, *n+fa=198073507, fa=-543438312, *n=741511819 , g=332736, *g=318565, xd=318160, *xd=-1818886144 arras.io:213:21
bigf 326, y=2762516, r=632, n=1235752, *n+fa=1777802659, fa=-543438312, *n=-1973726325 , g=332744, *g=318552, xd=0, *xd= arras.io:213:21
bigf 327, y=1, r=75, n=1235752, *n+fa=1777802659, fa=-543438312, *n=-1973726325 , g=332752, *g=-2147483599, xd=16, *xd=0 arras.io:213:21
bigf 328, y=3734657, r=659, n=1235756, *n+fa=1906661882, fa=-543438312, *n=-1844867102 , g=332744, *g=0, xd=0, *xd= arras.io:213:21
bigf 329, y=1, r=673, n=1235756, *n+fa=1906661882, fa=-543438312, *n=-1844867102 , g=332744, *g=0, xd=0, *xd= arras.io:213:21
bigf 330, y=3813955, r=632, n=1235760, *n+fa=723853746, fa=-543438312, *n=1267292058 , g=332728, *g=0, xd=0, *xd= arras.io:213:21
bigf 331, y=1, r=722, n=1235760, *n+fa=723853746, fa=-543438312, *n=1267292058 , g=332736, *g=318567, xd=80, *xd=0 arras.io:213:21
bigf 332, y=3086073, r=746, n=1235764, *n+fa=1235784, fa=-543438312, *n=544674096 , g=332736, *g=318567, xd=0, *xd= arras.io:213:21
bigf 333, y=1899, r=198, n=1235768, *n+fa=723853440, fa=-543438312, *n=1267291752 , g=332728, *g=0, xd=0, *xd= arras.io:213:21
bigf 334, y=1, r=274, n=1235768, *n+fa=723853440, fa=-543438312, *n=1267291752 , g=332736, *g=318567, xd=318160, *xd=-1818886144 arras.io:213:21
bigf 335, y=1899, r=198, n=1235772, *n+fa=212277520, fa=-543438312, *n=755715832 , g=332736, *g=318567, xd=318600, *xd=1637283 arras.io:213:21
bigf 336, y=1, r=274, n=1235772, *n+fa=212277520, fa=-543438312, *n=755715832 , g=332744, *g=0, xd=318160, *xd=-1818886144 arras.io:213:21
bigf 337, y=1705, r=632, n=1235776, *n+fa=755689004, fa=-543438312, *n=1299127316 , g=332744, *g=0, xd=318680, *xd=1637283 arras.io:213:21
bigf 338, y=3105664, r=629, n=1235780, *n+fa=45, fa=-543438312, *n=543438357 , g=332752, *g=-2147483599, xd=80, *xd=0 arras.io:213:21
bigf 339, y=1911, r=289, n=1235784, *n+fa=1670026282, fa=-543438312, *n=-2081502702 , g=332760, *g=9, xd=45, *xd=0 arras.io:213:21
call 5, 423(318600, 318680, 80) arras.io:213:21
bigf 340, y=1, r=286, n=1235784, *n+fa=1670026282, fa=-543438312, *n=-2081502702 , g=332728, *g=0, xd=0, *xd= arras.io:213:21
bigf 341, y=3668333, r=782, n=1235788, *n+fa=602979032, fa=-543438312, *n=1146417344 , g=332728, *g=0, xd=0, *xd= arras.io:213:21
bigf 342, y=2257, r=708, n=1235788, *n+fa=602979032, fa=-543438312, *n=1146417344 , g=332736, *g=318600, xd=4295030477, *xd=0 arras.io:213:21
bigf 343, y=1, r=632, n=1235788, *n+fa=602979032, fa=-543438312, *n=1146417344 , g=332736, *g=318600, xd=4295030477, *xd=0 arras.io:213:21
bigf 344, y=1853, r=564, n=1235792, *n+fa=-2139581252, fa=-543438312, *n=-1596142940 , g=332744, *g=318680, xd=32, *xd=0 arras.io:213:21
bigf 345, y=1, r=228, n=1235792, *n+fa=-2139581252, fa=-543438312, *n=-1596142940 , g=332736, *g=63181, xd=1, *xd=0 arras.io:213:21
bigf 346, y=3967016, r=669, n=1235796, *n+fa=1651026128, fa=-543438312, *n=-2100502856 , g=332736, *g=63181, xd=1, *xd=0 arras.io:213:21
bigf 347, y=2441, r=391, n=1235796, *n+fa=1651026128, fa=-543438312, *n=-2100502856 , g=332736, *g=63181, xd=1, *xd=0 arras.io:213:21
bigf 348, y=1, r=816, n=1235796, *n+fa=1651026128, fa=-543438312, *n=-2100502856 , g=332728, *g=0, xd=0, *xd= arras.io:213:21
bigf 349, y=3656641, r=128, n=1235800, *n+fa=1033260208, fa=-543438312, *n=1576698520 , g=332736, *g=63181, xd=4295030477, *xd=0 arras.io:213:21
bigf 350, y=2250, r=391, n=1235800, *n+fa=1033260208, fa=-543438312, *n=1576698520 , g=332736, *g=63181, xd=63181, *xd=0 arras.io:213:21
bigf 351, y=1, r=625, n=1235800, *n+fa=1033260208, fa=-543438312, *n=1576698520 , g=332728, *g=0, xd=0, *xd= arras.io:213:21
bigf 352, y=3276477, r=708, n=1235804, *n+fa=1046132948, fa=-543438312, *n=1589571260 , g=332736, *g=63181, xd=12886453320, *xd=3355185 arras.io:213:21
bigf 353, y=2016, r=477, n=1235804, *n+fa=1046132948, fa=-543438312, *n=1589571260 , g=332736, *g=63181, xd=12886453320, *xd=3355185 arras.io:213:21
bigf 354, y=1, r=391, n=1235804, *n+fa=1046132948, fa=-543438312, *n=1589571260 , g=332736, *g=63181, xd=1551432, *xd=3355185 arras.io:213:21
bigf 355, y=3284399, r=198, n=1235808, *n+fa=1907154418, fa=-543438312, *n=-1844374566 , g=332728, *g=0, xd=0, *xd= arras.io:213:21
bigf 356, y=2021, r=274, n=1235808, *n+fa=1907154418, fa=-543438312, *n=-1844374566 , g=332736, *g=63181, xd=318160, *xd=-1818886144 arras.io:213:21
bigf 357, y=3814258, r=793, n=1235812, *n+fa=-907888219, fa=-543438312, *n=-364449907 , g=332736, *g=63181, xd=318556, *xd=0 arras.io:213:21
bigf 358, y=2347, r=383, n=1235812, *n+fa=-907888219, fa=-543438312, *n=-364449907 , g=332736, *g=63181, xd=0, *xd= arras.io:213:21
bigf 359, y=1, r=722, n=1235816, *n+fa=930662621, fa=-907888219, *n=1838550840 , g=332736, *g=63181, xd=0, *xd= arras.io:213:21
bigf 360, y=3213340, r=746, n=1235820, *n+fa=326564, fa=-907888219, *n=908214783 , g=332736, *g=63181, xd=1, *xd=0 arras.io:213:21
bigf 361, y=3297399, r=198, n=326568, *n+fa=1011781043, fa=-907888219, *n=1919669262 , g=332728, *g=0, xd=0, *xd= arras.io:213:21
bigf 362, y=2029, r=274, n=326568, *n+fa=1011781043, fa=-907888219, *n=1919669262 , g=332736, *g=63181, xd=318160, *xd=-1818886144 arras.io:213:21
bigf 363, y=3263259, r=793, n=326572, *n+fa=358484616, fa=-907888219, *n=1266372835 , g=332736, *g=63181, xd=318564, *xd=3 arras.io:213:21
bigf 364, y=2008, r=259, n=326572, *n+fa=358484616, fa=-907888219, *n=1266372835 , g=332736, *g=63181, xd=3, *xd=0 arras.io:213:21
bigf 365, y=1, r=383, n=326572, *n+fa=358484616, fa=-907888219, *n=1266372835 , g=332736, *g=63181, xd=3, *xd=0 arras.io:213:21
bigf 366, y=2771257, r=391, n=326580, *n+fa=755684222, fa=358484616, *n=397199606 , g=332736, *g=63181, xd=3, *xd=0 arras.io:213:21
bigf 367, y=1705, r=632, n=326580, *n+fa=755684222, fa=358484616, *n=397199606 , g=332728, *g=0, xd=0, *xd= arras.io:213:21
bigf 368, y=3105661, r=722, n=326584, *n+fa=723853746, fa=358484616, *n=365369130 , g=332736, *g=63181, xd=80, *xd=0 arras.io:213:21
bigf 369, y=1911, r=286, n=326584, *n+fa=723853746, fa=358484616, *n=365369130 , g=332736, *g=63181, xd=0, *xd= arras.io:213:21
bigf 370, y=1, r=286, n=326584, *n+fa=723853746, fa=358484616, *n=365369130 , g=332736, *g=63181, xd=0, *xd= arras.io:213:21
bigf 371, y=3086073, r=746, n=326588, *n+fa=326608, fa=358484616, *n=-358158008 , g=332736, *g=63181, xd=0, *xd= arras.io:213:21
bigf 372, y=1899, r=198, n=326592, *n+fa=723853024, fa=358484616, *n=365368408 , g=332728, *g=0, xd=0, *xd= arras.io:213:21
bigf 373, y=1, r=274, n=326592, *n+fa=723853024, fa=358484616, *n=365368408 , g=332736, *g=63181, xd=318160, *xd=-1818886144 arras.io:213:21
bigf 374, y=1899, r=198, n=326596, *n+fa=212277520, fa=358484616, *n=-146207096 , g=332736, *g=63181, xd=318184, *xd=1637283 arras.io:213:21
bigf 375, y=1, r=274, n=326596, *n+fa=212277520, fa=358484616, *n=-146207096 , g=332744, *g=318680, xd=318160, *xd=-1818886144 arras.io:213:21
bigf 376, y=1705, r=632, n=326600, *n+fa=755689004, fa=358484616, *n=397204388 , g=332744, *g=318680, xd=318680, *xd=1637283 arras.io:213:21
bigf 377, y=3105664, r=629, n=326604, *n+fa=45, fa=358484616, *n=-358484571 , g=332752, *g=80, xd=80, *xd=0 arras.io:213:21
bigf 378, y=1911, r=289, n=326608, *n+fa=85527816, fa=358484616, *n=-272956800 , g=332760, *g=9, xd=45, *xd=0 arras.io:213:21
call 6, 423(318184, 318680, 80) arras.io:213:21
bigf 379, y=1, r=286, n=326608, *n+fa=85527816, fa=358484616, *n=-272956800 , g=332728, *g=0, xd=0, *xd= arras.io:213:21
bigf 380, y=2693257, r=816, n=326612, *n+fa=1033703689, fa=358484616, *n=675219073 , g=332728, *g=0, xd=0, *xd= arras.io:213:21
bigf 381, y=1657, r=632, n=326612, *n+fa=1033703689, fa=358484616, *n=675219073 , g=332736, *g=318184, xd=12886453320, *xd=3355185 arras.io:213:21
bigf 382, y=3276750, r=564, n=326616, *n+fa=1563822715, fa=358484616, *n=1205338099 , g=332744, *g=318680, xd=32, *xd=0 arras.io:213:21
bigf 383, y=2016, r=750, n=326616, *n+fa=1563822715, fa=358484616, *n=1205338099 , g=332736, *g=1551432, xd=3, *xd=0 arras.io:213:21
bigf 384, y=1, r=391, n=326616, *n+fa=1563822715, fa=358484616, *n=1205338099 , g=332736, *g=1551432, xd=3, *xd=0 arras.io:213:21
bigf 385, y=3602977, r=715, n=326620, *n+fa=-4, fa=358484616, *n=-358484620 , g=332728, *g=0, xd=0, *xd= arras.io:213:21
bigf 386, y=2217, r=352, n=326620, *n+fa=-4, fa=358484616, *n=-358484620 , g=332736, *g=1551432, xd=14, *xd=0 arras.io:213:21
bigf 387, y=1, r=592, n=326624, *n+fa=1011377882, fa=358484616, *n=652893266 , g=332736, *g=1551432, xd=4294967306, *xd=0 arras.io:213:21
bigf 388, y=3263011, r=632, n=326628, *n+fa=-1920167152, fa=358484616, *n=2016315528 , g=332736, *g=1551432, xd=10, *xd=0 arras.io:213:21
bigf 389, y=1, r=383, n=326628, *n+fa=-1920167152, fa=358484616, *n=2016315528 , g=332744, *g=318680, xd=11, *xd=0 arras.io:213:21
bigf 390, y=2670507, r=139, n=326636, *n+fa=755926053, fa=-1920167152, *n=-1618874091 , g=332744, *g=318680, xd=11, *xd=0 arras.io:213:21
bigf 391, y=1643, r=632, n=326636, *n+fa=755926053, fa=-1920167152, *n=-1618874091 , g=332752, *g=80, xd=10, *xd=0 arras.io:213:21
bigf 392, y=3105810, r=428, n=326640, *n+fa=2086123780, fa=-1920167152, *n=-288676364 , g=332760, *g=9, xd=18, *xd=0 arras.io:213:21
bigf 393, y=1911, r=435, n=326640, *n+fa=2086123780, fa=-1920167152, *n=-288676364 , g=332752, *g=10, xd=1, *xd=0 arras.io:213:21
bigf 394, y=1, r=286, n=326640, *n+fa=2086123780, fa=-1920167152, *n=-288676364 , g=332736, *g=10, xd=10, *xd=0 arras.io:213:21
bigf 395, y=3924393, r=780, n=326644, *n+fa=777936, fa=-1920167152, *n=1920945088 , g=332736, *g=10, xd=10, *xd=0 arras.io:213:21
bigf 396, y=2683227, r=308, n=869768, *n+fa=2664, fa=-1920167152, *n=1920169816 , g=332728, *g=0, xd=0, *xd= arras.io:213:21
bigf 397, y=1651, r=352, n=869768, *n+fa=2664, fa=-1920167152, *n=1920169816 , g=332736, *g=10, xd=1669624, *xd=0 arras.io:213:21
bigf 398, y=1, r=26, n=869772, *n+fa=69228558, fa=-1920167152, *n=1989395710 , g=332736, *g=10, xd=1672288, *xd=1098084 arras.io:213:21
bigf 399, y=2683227, r=308, n=869776, *n+fa=2672, fa=-1920167152, *n=1920169824 , g=332736, *g=10, xd=1098084, *xd=1632462947 arras.io:213:21
bigf 400, y=1651, r=352, n=869776, *n+fa=2672, fa=-1920167152, *n=1920169824 , g=332744, *g=11, xd=1669624, *xd=0 arras.io:213:21
bigf 401, y=1, r=26, n=869780, *n+fa=846022773, fa=-1920167152, *n=-1528777371 , g=332744, *g=11, xd=1672296, *xd=1394200 arras.io:213:21
bigf 402, y=3161254, r=648, n=869784, *n+fa=277, fa=-1920167152, *n=1920167429 , g=332744, *g=11, xd=1394200, *xd=-1073741824 arras.io:213:21
bigf 403, y=1945, r=629, n=869784, *n+fa=277, fa=-1920167152, *n=1920167429 , g=332752, *g=10, xd=63181, *xd=0 arras.io:213:21
bigf 404, y=1, r=320, n=869788, *n+fa=67043240, fa=-1920167152, *n=1987210392 , g=332760, *g=9, xd=277, *xd=0 arras.io:213:21
call 7, 319(1098084, 1394200, 63181) arras.io:213:21
call 8, 470(655640, 655708, 4) arras.io:213:21
bigf 405, y=2681882, r=615, n=869792, *n+fa=88181189, fa=-1920167152, *n=2008348341 , g=332736, *g=1098084, xd=8841655932220891909, *xd= arras.io:213:21
bigf 406, y=1650, r=632, n=869792, *n+fa=88181189, fa=-1920167152, *n=2008348341 , g=332736, *g=1098084, xd=8841655932220891909, *xd= arras.io:213:21
bigf 407, y=2694890, r=564, n=869796, *n+fa=1452550757, fa=-1920167152, *n=-922249387 , g=332744, *g=1394200, xd=25, *xd=0 arras.io:213:21
bigf 408, y=1658, r=640, n=869796, *n+fa=1452550757, fa=-1920167152, *n=-922249387 , g=332736, *g=-1438620923, xd=263501880533, *xd= arras.io:213:21
bigf 409, y=3534502, r=632, n=869800, *n+fa=1020359254, fa=-1920167152, *n=-1354440890 , g=332736, *g=-1438620923, xd=263501880533, *xd= arras.io:213:21
bigf 410, y=1, r=550, n=869800, *n+fa=1020359254, fa=-1920167152, *n=-1354440890 , g=332744, *g=1394200, xd=127, *xd=0 arras.io:213:21
bigf 411, y=3268538, r=629, n=869804, *n+fa=16843009, fa=-1920167152, *n=1937010161 , g=332736, *g=1508875477, xd=85, *xd=0 arras.io:213:21
bigf 412, y=2011, r=663, n=869808, *n+fa=16843009, fa=-1920167152, *n=1937010161 , g=332744, *g=1394200, xd=16843009, *xd=0 arras.io:213:21
bigf 413, y=1, r=386, n=869812, *n+fa=813948047, fa=-1920167152, *n=-1560852097 , g=332744, *g=1394200, xd=72340172838076673, *xd=0 arras.io:213:21
bigf 414, y=3141516, r=172, n=869816, *n+fa=539976477, fa=-1920167152, *n=-1834823667 , g=332736, *g=85, xd=6148914691236517205, *xd= arras.io:213:21
bigf 415, y=1933, r=391, n=869816, *n+fa=539976477, fa=-1920167152, *n=-1834823667 , g=332736, *g=85, xd=6148914691236517205, *xd= arras.io:213:21
bigf 416, y=1, r=308, n=869816, *n+fa=539976477, fa=-1920167152, *n=-1834823667 , g=332728, *g=0, xd=0, *xd= arras.io:213:21
bigf 417, y=2972918, r=352, n=869820, *n+fa=2648, fa=-1920167152, *n=1920169800 , g=332736, *g=85, xd=1669624, *xd=0 arras.io:213:21
bigf 418, y=1829, r=793, n=869824, *n+fa=1767150508, fa=-1920167152, *n=-607649636 , g=332736, *g=85, xd=1672272, *xd=689944 arras.io:213:21
bigf 419, y=1, r=204, n=869824, *n+fa=1767150508, fa=-1920167152, *n=-607649636 , g=332736, *g=85, xd=689944, *xd=-1 arras.io:213:21
bigf 420, y=3728102, r=383, n=869828, *n+fa=1376885358, fa=-1920167152, *n=-997914786 , g=332736, *g=85, xd=689944, *xd=-1 arras.io:213:21
bigf 421, y=2294, r=352, n=869832, *n+fa=-16, fa=1376885358, *n=-1376885374 , g=332736, *g=85, xd=689944, *xd=-1 arras.io:213:21
bigf 422, y=1, r=669, n=869836, *n+fa=1170741391, fa=1376885358, *n=-206143967 , g=332736, *g=85, xd=4295657224, *xd=-1983359006 arras.io:213:21
bigf 423, y=3361081, r=391, n=869840, *n+fa=930000891, fa=1376885358, *n=-446884467 , g=332736, *g=85, xd=689928, *xd=-1983359006 arras.io:213:21
bigf 424, y=2068, r=581, n=869840, *n+fa=930000891, fa=1376885358, *n=-446884467 , g=332728, *g=0, xd=0, *xd= arras.io:213:21
bigf 425, y=1, r=443, n=869840, *n+fa=930000891, fa=1376885358, *n=-446884467 , g=332736, *g=85, xd=0, *xd= arras.io:213:21
bigf 426, y=3212933, r=391, n=869844, *n+fa=2652, fa=1376885358, *n=-1376882706 , g=332736, *g=85, xd=0, *xd= arras.io:213:21
bigf 427, y=1977, r=308, n=869844, *n+fa=2652, fa=1376885358, *n=-1376882706 , g=332728, *g=0, xd=0, *xd= arras.io:213:21
bigf 428, y=1, r=352, n=869844, *n+fa=2652, fa=1376885358, *n=-1376882706 , g=332736, *g=85, xd=1669624, *xd=0 arras.io:213:21
bigf 429, y=2887796, r=793, n=869852, *n+fa=1260472346, fa=1376885358, *n=-116413012 , g=332736, *g=85, xd=1672276, *xd=0 arras.io:213:21
bigf 430, y=1777, r=171, n=869852, *n+fa=1260472346, fa=1376885358, *n=-116413012 , g=332736, *g=85, xd=0, *xd= arras.io:213:21
bigf 431, y=1, r=152, n=869852, *n+fa=1260472346, fa=1376885358, *n=-116413012 , g=332736, *g=85, xd=0, *xd= arras.io:213:21
bigf 432, y=3416300, r=471, n=869856, *n+fa=755854717, fa=1376885358, *n=-621030641 , g=332744, *g=1394200, xd=8841655932220891909, *xd= arras.io:213:21
bigf 433, y=2102, r=550, n=869856, *n+fa=755854717, fa=1376885358, *n=-621030641 , g=332744, *g=1394200, xd=2856346373, *xd= arras.io:213:21
bigf 434, y=1, r=477, n=869856, *n+fa=755854717, fa=1376885358, *n=-621030641 , g=332736, *g=0, xd=0, *xd= arras.io:213:21
bigf 435, y=3105766, r=592, n=869860, *n+fa=2087378138, fa=1376885358, *n=710492780 , g=332736, *g=0, xd=0, *xd= arras.io:213:21
bigf 436, y=1911, r=391, n=869860, *n+fa=2087378138, fa=1376885358, *n=710492780 , g=332736, *g=0, xd=0, *xd= arras.io:213:21
bigf 437, y=1, r=286, n=869860, *n+fa=2087378138, fa=1376885358, *n=710492780 , g=332728, *g=0, xd=0, *xd= arras.io:213:21
bigf 438, y=3925165, r=638, n=869864, *n+fa=1078400, fa=1376885358, *n=-1375806958 , g=332728, *g=0, xd=0, *xd= arras.io:213:21
bigf 439, y=3213008, r=308, n=1293564, *n+fa=-1534704791, fa=1376885358, *n=1383377147 , g=332728, *g=0, xd=0, *xd= arras.io:213:21
bigf 440, y=1977, r=383, n=1293564, *n+fa=-1534704791, fa=1376885358, *n=1383377147 , g=332736, *g=0, xd=1669624, *xd=0 arras.io:213:21
bigf 441, y=1, r=352, n=1293568, *n+fa=2656, fa=-1534704791, *n=1534707447 , g=332736, *g=0, xd=1669624, *xd=0 arras.io:213:21
bigf 442, y=3105661, r=793, n=1293576, *n+fa=930001246, fa=-1534704791, *n=-1830261259 , g=332736, *g=0, xd=1672280, *xd=0 arras.io:213:21
bigf 443, y=1911, r=286, n=1293576, *n+fa=930001246, fa=-1534704791, *n=-1830261259 , g=332736, *g=0, xd=0, *xd= arras.io:213:21
bigf 444, y=1, r=286, n=1293576, *n+fa=930001246, fa=-1534704791, *n=-1830261259 , g=332736, *g=0, xd=0, *xd= arras.io:213:21
bigf 445, y=3212933, r=746, n=1293580, *n+fa=1212008, fa=-1534704791, *n=1535916799 , g=332736, *g=0, xd=0, *xd= arras.io:213:21
bigf 446, y=1977, r=308, n=1293584, *n+fa=2648, fa=-1534704791, *n=1534707439 , g=332728, *g=0, xd=0, *xd= arras.io:213:21
bigf 447, y=1, r=352, n=1293584, *n+fa=2648, fa=-1534704791, *n=1534707439 , g=332736, *g=0, xd=1669624, *xd=0 arras.io:213:21
bigf 448, y=3848352, r=308, n=1293592, *n+fa=2664, fa=-1534704791, *n=1534707455 , g=332736, *g=0, xd=1672272, *xd=689944 arras.io:213:21
bigf 449, y=2368, r=352, n=1293592, *n+fa=2664, fa=-1534704791, *n=1534707455 , g=332744, *g=1394200, xd=1669624, *xd=0 arras.io:213:21
bigf 450, y=1, r=743, n=1293596, *n+fa=66638391, fa=-1534704791, *n=1601343182 , g=332744, *g=1394200, xd=1672288, *xd=1098084 arras.io:213:21
bigf 451, y=2681633, r=391, n=1293600, *n+fa=-1920167152, fa=-1534704791, *n=-385462361 , g=332744, *g=1394200, xd=1672288, *xd=1098084 arras.io:213:21
bigf 452, y=1650, r=383, n=1293600, *n+fa=-1920167152, fa=-1534704791, *n=-385462361 , g=332736, *g=1672272, xd=1672272, *xd=689944 arras.io:213:21
bigf 453, y=1, r=25, n=1293604, *n+fa=1033506958, fa=-1920167152, *n=-1341293186 , g=332736, *g=1672272, xd=1672272, *xd=689944 arras.io:213:21
bigf 454, y=2016, r=629, n=1293608, *n+fa=648656, fa=-1920167152, *n=1920815808 , g=332728, *g=0, xd=0, *xd= arras.io:213:21
bigf 455, y=1, r=391, n=1293612, *n+fa=724276217, fa=-1920167152, *n=-1650523927 , g=332736, *g=1672272, xd=648656, *xd=175817167 arras.io:213:21
bigf 456, y=3086333, r=717, n=1293616, *n+fa=1865569887, fa=-1920167152, *n=-509230257 , g=332728, *g=0, xd=0, *xd= arras.io:213:21
bigf 457, y=1, r=274, n=1293616, *n+fa=1865569887, fa=-1920167152, *n=-509230257 , g=332736, *g=1672272, xd=1672272, *xd=689944 arras.io:213:21
bigf 458, y=2331, r=793, n=1293620, *n+fa=1236589458, fa=-1920167152, *n=-1138210686 , g=332736, *g=1672272, xd=1672284, *xd=0 arras.io:213:21
bigf 459, y=1, r=706, n=1293620, *n+fa=1236589458, fa=-1920167152, *n=-1138210686 , g=332736, *g=1672272, xd=0, *xd= arras.io:213:21
bigf 460, y=2093, r=478, n=1293624, *n+fa=550415871, fa=-1920167152, *n=-1824384273 , g=332736, *g=1672272, xd=0, *xd= arras.io:213:21
bigf 461, y=1, r=468, n=1293624, *n+fa=550415871, fa=-1920167152, *n=-1824384273 , g=332744, *g=1394200, xd=4294967295, *xd= arras.io:213:21
bigf 462, y=2979342, r=746, n=1293628, *n+fa=-1109839834, fa=-1920167152, *n=810327318 , g=332736, *g=0, xd=0, *xd= arras.io:213:21
bigf 463, y=1833, r=717, n=1293632, *n+fa=724276217, fa=-1920167152, *n=-1650523927 , g=332728, *g=0, xd=0, *xd= arras.io:213:21
bigf 464, y=3086333, r=717, n=1293636, *n+fa=1057538629, fa=-1920167152, *n=-1317261515 , g=332736, *g=0, xd=0, *xd= arras.io:213:21
bigf 465, y=1, r=274, n=1293636, *n+fa=1057538629, fa=-1920167152, *n=-1317261515 , g=332744, *g=1394200, xd=1672272, *xd=689944 arras.io:213:21
bigf 466, y=2025, r=793, n=1293640, *n+fa=1631981472, fa=-1920167152, *n=-742818672 , g=332744, *g=1394200, xd=1672276, *xd=0 arras.io:213:21
bigf 467, y=1, r=400, n=1293640, *n+fa=1631981472, fa=-1920167152, *n=-742818672 , g=332744, *g=1394200, xd=0, *xd= arras.io:213:21
bigf 468, y=3644921, r=472, n=1293644, *n+fa=198783812, fa=-1920167152, *n=2118950964 , g=332744, *g=1394200, xd=0, *xd= arras.io:213:21
bigf 469, y=2243, r=46, n=1293644, *n+fa=198783812, fa=-1920167152, *n=2118950964 , g=332752, *g=63181, xd=0, *xd= arras.io:213:21
bigf 470, y=1, r=618, n=1293644, *n+fa=198783812, fa=-1920167152, *n=2118950964 , g=332760, *g=9, xd=1, *xd=0 arras.io:213:21
bigf 471, y=2762953, r=812, n=1293648, *n+fa=19511502, fa=-1920167152, *n=1939678654 , g=332752, *g=0, xd=1, *xd=0 arras.io:213:21
bigf 472, y=1700, r=453, n=1293648, *n+fa=19511502, fa=-1920167152, *n=1939678654 , g=332752, *g=0, xd=1, *xd=0 arras.io:213:21
bigf 473, y=1, r=75, n=1293648, *n+fa=19511502, fa=-1920167152, *n=1939678654 , g=332760, *g=9, xd=3, *xd=0 arras.io:213:21
bigf 474, y=2652632, r=127, n=1293652, *n+fa=1247488511, fa=-1920167152, *n=-1127311633 , g=332752, *g=1, xd=0, *xd= arras.io:213:21
bigf 475, y=1632, r=632, n=1293652, *n+fa=1247488511, fa=-1920167152, *n=-1127311633 , g=332752, *g=1, xd=0, *xd= arras.io:213:21
bigf 476, y=3408310, r=386, n=1293656, *n+fa=1149367976, fa=-1920167152, *n=-1225432168 , g=332760, *g=9, xd=7, *xd=0 arras.io:213:21
bigf 477, y=2097, r=685, n=1293656, *n+fa=1149367976, fa=-1920167152, *n=-1225432168 , g=332752, *g=0, xd=0, *xd= arras.io:213:21
bigf 478, y=1, r=472, n=1293656, *n+fa=1149367976, fa=-1920167152, *n=-1225432168 , g=332752, *g=0, xd=0, *xd= arras.io:213:21
bigf 479, y=3347928, r=601, n=1293660, *n+fa=122091136, fa=-1920167152, *n=2042258288 , g=332760, *g=9, xd=0, *xd= arras.io:213:21
bigf 480, y=2060, r=428, n=1293660, *n+fa=122091136, fa=-1920167152, *n=2042258288 , g=332768, *g=0, xd=8, *xd=0 arras.io:213:21
bigf 481, y=1, r=435, n=1293660, *n+fa=122091136, fa=-1920167152, *n=2042258288 , g=332760, *g=0, xd=1, *xd=0 arras.io:213:21
bigf 482, y=2715758, r=11, n=1293664, *n+fa=1637543522, fa=-1920167152, *n=-737256622 , g=332744, *g=0, xd=0, *xd= arras.io:213:21
bigf 483, y=1671, r=383, n=1293664, *n+fa=1637543522, fa=-1920167152, *n=-737256622 , g=332744, *g=0, xd=0, *xd= arras.io:213:21
bigf 484, y=1, r=46, n=1293668, *n+fa=755914325, fa=1637543522, *n=-881629197 , g=332744, *g=0, xd=0, *xd= arras.io:213:21
bigf 485, y=3105803, r=75, n=1293672, *n+fa=1894162496, fa=1637543522, *n=256618974 , g=332752, *g=0, xd=1, *xd=0 arras.io:213:21
bigf 486, y=1911, r=428, n=1293672, *n+fa=1894162496, fa=1637543522, *n=256618974 , g=332744, *g=0, xd=0, *xd= arras.io:213:21
bigf 487, y=1, r=286, n=1293672, *n+fa=1894162496, fa=1637543522, *n=256618974 , g=332736, *g=0, xd=0, *xd= arras.io:213:21
bigf 488, y=3806263, r=746, n=1293676, *n+fa=1209008, fa=1637543522, *n=-1636334514 , g=332736, *g=0, xd=0, *xd= arras.io:213:21
bigf 489, y=2342, r=513, n=1293680, *n+fa=1894161958, fa=1637543522, *n=256618436 , g=332728, *g=0, xd=0, *xd= arras.io:213:21
bigf 490, y=1, r=717, n=1293680, *n+fa=1894161958, fa=1637543522, *n=256618436 , g=332736, *g=0, xd=0, *xd= arras.io:213:21
bigf 491, y=2342, r=513, n=1293684, *n+fa=1149705583, fa=1637543522, *n=-487837939 , g=332744, *g=0, xd=0, *xd= arras.io:213:21
bigf 492, y=1, r=717, n=1293684, *n+fa=1149705583, fa=1637543522, *n=-487837939 , g=332752, *g=0, xd=0, *xd= arras.io:213:21
bigf 493, y=2060, r=636, n=1293688, *n+fa=1668893258, fa=1637543522, *n=31349736 , g=332760, *g=0, xd=0, *xd= arras.io:213:21
bigf 494, y=1, r=435, n=1293688, *n+fa=1668893258, fa=1637543522, *n=31349736 , g=332752, *g=0, xd=0, *xd= arras.io:213:21
bigf 495, y=3667636, r=383, n=1293692, *n+fa=-518255912, fa=1637543522, *n=2139167862 , g=332736, *g=0, xd=0, *xd= arras.io:213:21
bigf 496, y=2257, r=11, n=1293696, *n+fa=755914264, fa=-518255912, *n=1274170176 , g=332736, *g=0, xd=0, *xd= arras.io:213:21
bigf 497, y=1, r=632, n=1293696, *n+fa=755914264, fa=-518255912, *n=1274170176 , g=332736, *g=0, xd=0, *xd= arras.io:213:21
bigf 498, y=1911, r=428, n=1293700, *n+fa=1355263746, fa=-518255912, *n=1873519658 , g=332744, *g=0, xd=14, *xd=0 arras.io:213:21
bigf 499, y=1, r=286, n=1293700, *n+fa=1355263746, fa=-518255912, *n=1873519658 , g=332736, *g=0, xd=1, *xd=0 arras.io:213:21
WHAT THE SIGMA 4 arras.io:494:17
WHAT THE SIGMA 4 arras.io:494:17
WHAT THE SIGMA 2 arras.io:494:17
