wasmthing.export_chacha_enable("M".charCodeAt(0))
Array [ 77 ]
undefined
WHAT THE SIGMA 2 arras.io:465:17
Array(16) [ 77, 240, 70, 64, 202, 49, 50, 51, 52, 53, … ]
Array [ 16 ]
Array(6) [ 0, 307, 332728, 0, 11111111, 0 ]
Array(7) [ 1, 294, 332736, 1969, 11111111, 1426624, 0 ]
Array(6) [ 2, 46, 332744, 16, 11111111, 1969 ]
Array(6) [ 3, 618, 332752, 719032, 11111111, 1 ]
Array(6) [ 4, 589, 332744, 1969, 11111111, 1970 ]
Array(6) [ 5, 383, 332744, 1969, 11111111, 1970 ]
Array(6) [ 6, 342, 332744, 1969, 11111111, 1970 ]
Array(6) [ 7, 747, 332728, 0, 11111111, 0 ]
Array(8) [ 8, 352, 332736, 1428624, 1970, 11111111, 718272, 531157731 ]
Array(8) [ 9, 793, 332736, 1428624, 1970, 11111111, 723632, 56 ]
Array(7) [ 10, 211, 332736, 1428624, 1970, 11111111, 56 ]
Array(7) [ 11, 629, 332736, 1428624, 1970, 11111111, 56 ]
Array(5) [ 12, 468, 332744, 1969, 11111111 ]
Array(6) [ 13, 286, 332736, 56, 11111111, 0 ]
Array(6) [ 14, 286, 332736, 56, 11111111, 0 ]
Array(6) [ 15, 746, 332736, 56, 11111111, 0 ]
Array(6) [ 16, 512, 332728, 0, 11111111, 0 ]
Array(7) [ 17, 632, 332736, 56, 11111111, 1588848, 1078390861 ]
Array(6) [ 18, 550, 332744, 1969, 11111111, 255 ]
Array(7) [ 19, 335, 332736, 1588848, 1078390861, 11111111, 112 ]
Array(7) [ 20, 391, 332736, 1588848, 1078390861, 11111111, 112 ]
Array(6) [ 21, 512, 332728, 0, 11111111, 0 ]
Array(8) [ 22, 383, 332736, 1588848, 1078390861, 11111111, 1588848, 1078390861 ]
Array(8) [ 23, 629, 332736, 1588848, 1078390861, 11111111, 1588848, 1078390861 ]
Array(5) [ 24, 550, 332744, 1969, 11111111 ]
Array(8) [ 25, 249, 332736, 1588848, 1078390861, 11111111, 1588736, 4609 ]
Array(8) [ 26, 391, 332736, 1588848, 1078390861, 11111111, 1588736, 4609 ]
Array(6) [ 27, 114, 332728, 0, 11111111, 0 ]
Array(7) [ 28, 482, 332736, 1588848, 1078390861, 11111111, 56 ]
Array(7) [ 29, 391, 332736, 1588848, 1078390861, 11111111, 56 ]
Array(6) [ 30, 286, 332728, 0, 11111111, 0 ]
Array(6) [ 31, 286, 332728, 0, 11111111, 0 ]
Array(6) [ 32, 373, 332728, 0, 11111111, 0 ]
Array(6) [ 33, 717, 332728, 0, 11111111, 0 ]
Array(6) [ 34, 629, 332736, 1588848, 1078390861, 11111111 ]
Array(5) [ 35, 468, 332744, 1969, 11111111 ]
Array(5) [ 36, 383, 332736, 11111111, 1 ]
Array(5) [ 37, 286, 332736, 11111111, 1 ]
Array(5) [ 38, 746, 332736, 11111111, 1 ]
Array(6) [ 39, 429, 332728, 0, 11111111, 0 ]
Array(5) [ 40, 383, 332736, 11111111, 56 ]
Array(5) [ 41, 629, 332736, 11111111, 56 ]
Array(5) [ 42, 468, 332744, 1969, 11111111 ]
Array(6) [ 43, 286, 332736, 56, 11111111, 0 ]
Array(6) [ 44, 286, 332736, 56, 11111111, 0 ]
Array(6) [ 45, 746, 332736, 56, 11111111, 0 ]
Array(6) [ 46, 383, 332728, 0, 11111111, 0 ]
Array(6) [ 47, 429, 332728, 0, 11111111, 0 ]
Array(6) [ 48, 629, 332736, 56, 11111111, 56 ]
Array(5) [ 49, 501, 332744, 1969, 11111111 ]
Array(6) [ 50, 286, 332736, 56, 11111111, 1 ]
Array(6) [ 51, 746, 332736, 56, 11111111, 1 ]
Array(6) [ 52, 41, 332728, 0, 11111111, 0 ]
Array(6) [ 53, 512, 332736, 56, 11111111, 112 ]
Array(7) [ 54, 548, 332744, 1969, 11111111, 1588736, 4609 ]
Array(7) [ 55, 488, 332736, 112, 11111111, 1588848, 1078390861 ]
Array(7) [ 56, 391, 332736, 112, 11111111, 1588848, 1078390861 ]
Array(6) [ 57, 429, 332728, 0, 11111111, 0 ]
Array(6) [ 58, 629, 332736, 112, 11111111, 56 ]
Array(5) [ 59, 222, 332744, 1969, 11111111 ]
Array(5) [ 60, 211, 332736, 56, 11111111 ]
Array(5) [ 61, 22, 332736, 56, 11111111 ]
Array(6) [ 62, 114, 332744, 1969, 11111111, 2 ]
Array(5) [ 63, 791, 332752, 719032, 11111111 ]
Array(6) [ 64, 383, 332760, 16, 11111111, 4 ]
Array(6) [ 65, 428, 332760, 16, 11111111, 4 ]
Array(5) [ 66, 435, 332752, 11111111, 0 ]
Array(5) [ 67, 780, 332736, 11111111, 2 ]
Array(6) [ 68, 307, 332728, 0, 11111111, 0 ]
Array(6) [ 69, 410, 332736, 11111111, 1426624, 0 ]
Array(7) [ 70, 104, 332744, 2, 11111111, 1588848, 1078390861 ]
Array(5) [ 71, 204, 332752, 11111111, 16 ]
Array(5) [ 72, 383, 332752, 11111111, 16 ]
Array(5) [ 73, 391, 332752, 11111111, 16 ]
Array(8) [ 74, 592, 332744, 1588848, 1078390861, 11111111, 1588848, 1078390861 ]
Array(8) [ 75, 391, 332744, 1588848, 1078390861, 11111111, 1588848, 1078390861 ]
Array(8) [ 76, 394, 332736, 1426624, 0, 11111111, 1426624, 0 ]
Array(8) [ 77, 391, 332736, 1426624, 0, 11111111, 1426624, 0 ]
Array(6) [ 78, 629, 332728, 0, 11111111, 0 ]
Array(7) [ 79, 535, 332736, 1426624, 0, 11111111, 318160 ]
Array(7) [ 80, 391, 332736, 1426624, 0, 11111111, 318160 ]
Array(6) [ 81, 715, 332728, 0, 11111111, 0 ]
Array(7) [ 82, 722, 332736, 1426624, 0, 11111111, 16 ]
Array(7) [ 83, 746, 332736, 1426624, 0, 11111111, 0 ]
Array(6) [ 84, 198, 332728, 0, 11111111, 0 ]
Array(7) [ 85, 715, 332736, 1426624, 0, 11111111, 318160 ]
Array(7) [ 86, 478, 332744, 1588848, 1078390861, 11111111, 16 ]
Array(4) [ 87, 618, 332752, 11111111 ]
Array(6) [ 88, 128, 332744, 16, 11111111, 15 ]
Array(6) [ 89, 659, 332744, 16, 11111111, 15 ]
Array(6) [ 90, 123, 332744, 16, 11111111, 15 ]
Array(6) [ 91, 198, 332728, 0, 11111111, 0 ]
Array(7) [ 92, 139, 332736, 318556, 15, 11111111, 318160 ]
Array(7) [ 93, 46, 332744, 16, 11111111, 1588848, 1078390861 ]
Array(5) [ 94, 618, 332752, 11111111, 1 ]
Array(7) [ 95, 477, 332744, 1588848, 1078390861, 11111111, 1588849 ]
Array(7) [ 96, 659, 332744, 1588848, 1078390861, 11111111, 1588849 ]
Array(7) [ 97, 383, 332744, 1588848, 1078390861, 11111111, 1588849 ]
Array(7) [ 98, 123, 332744, 1588848, 1078390861, 11111111, 1588849 ]
Array(6) [ 99, 139, 332728, 0, 11111111, 0 ]
Array(8) [ 100, 207, 332736, 318552, 1588849, 11111111, 1588848, 1078390861 ]
Array(7) [ 101, 171, 332736, 318552, 1588849, 11111111, 77 ]
Array(7) [ 102, 632, 332736, 318552, 1588849, 11111111, 77 ]
Array(7) [ 103, 132, 332744, 1588848, 1078390861, 11111111, 24 ]
Array(6) [ 104, 478, 332736, 77, 11111111, 1291845632 ]
Array(6) [ 105, 222, 332744, 1588848, 1078390861, 11111111 ]
Array(5) [ 106, 117, 332736, 1291845632, 11111111 ]
Array(6) [ 107, 669, 332736, 1291845632, 11111111, 0 ]
Array(6) [ 108, 286, 332736, 1291845632, 11111111, 0 ]
Array(6) [ 109, 286, 332736, 1291845632, 11111111, 0 ]
Array(6) [ 110, 780, 332736, 1291845632, 11111111, 0 ]
Array(6) [ 111, 791, 332728, 0, 11111111, 0 ]
Array(6) [ 112, 204, 332736, 1291845632, 11111111, 4 ]
Array(6) [ 113, 391, 332736, 1291845632, 11111111, 4 ]
Array(6) [ 114, 359, 332728, 0, 11111111, 0 ]
Array(6) [ 115, 383, 332736, 1291845632, 11111111, 77 ]
Array(6) [ 116, 632, 332736, 1291845632, 11111111, 77 ]
Array(7) [ 117, 550, 332744, 1588848, 1078390861, 11111111, 255 ]
Array(6) [ 118, 352, 332736, 77, 11111111, 77 ]
Array(6) [ 119, 780, 332736, 77, 11111111, 10 ]
Array(6) [ 120, 648, 332728, 0, 11111111, 0 ]
Array(6) [ 121, 722, 332736, 77, 11111111, 15 ]
Array(6) [ 122, 286, 332736, 77, 11111111, 0 ]
Array(6) [ 123, 746, 332736, 77, 11111111, 0 ]
Array(6) [ 124, 198, 332728, 0, 11111111, 0 ]
Array(6) [ 125, 648, 332736, 77, 11111111, 318160 ]
Array(7) [ 126, 478, 332744, 1588848, 1078390861, 11111111, 15 ]
Array(4) [ 127, 618, 332752, 11111111 ]
Array(6) [ 128, 171, 332744, 15, 11111111, 14 ]
Array(6) [ 129, 659, 332744, 15, 11111111, 14 ]
Array(6) [ 130, 383, 332744, 15, 11111111, 14 ]
Array(6) [ 131, 123, 332744, 15, 11111111, 14 ]
Array(6) [ 132, 198, 332728, 0, 11111111, 0 ]
Array(7) [ 133, 36, 332736, 318556, 14, 11111111, 318160 ]
Array(6) [ 134, 46, 332744, 15, 11111111, 1588849 ]
Array(5) [ 135, 618, 332752, 11111111, 1 ]
Array(7) [ 136, 592, 332744, 1588849, 11111111, 1588850, 835338310 ]
Array(7) [ 137, 659, 332744, 1588849, 11111111, 1588850, 835338310 ]
Array(7) [ 138, 123, 332744, 1588849, 11111111, 1588850, 835338310 ]
Array(6) [ 139, 36, 332728, 0, 11111111, 0 ]
Array(7) [ 140, 207, 332736, 318552, 1588850, 11111111, 1588849 ]
Array(7) [ 141, 204, 332736, 318552, 1588850, 11111111, 240 ]
Array(7) [ 142, 632, 332736, 318552, 1588850, 11111111, 240 ]
Array(6) [ 143, 132, 332744, 1588849, 11111111, 24 ]
Array(5) [ 144, 478, 332736, 240, 11111111 ]
Array(5) [ 145, 222, 332744, 1588849, 11111111 ]
Array(5) [ 146, 117, 332736, 11111111, 268435455 ]
Array(5) [ 147, 669, 332736, 11111111, 4 ]
Array(5) [ 148, 286, 332736, 11111111, 4 ]
Array(5) [ 149, 286, 332736, 11111111, 4 ]
Array(5) [ 150, 780, 332736, 11111111, 4 ]
Array(6) [ 151, 715, 332728, 0, 11111111, 0 ]
Array(5) [ 152, 274, 332736, 11111111, 240 ]
Array(5) [ 153, 632, 332736, 11111111, 272 ]
Array(6) [ 154, 383, 332744, 1588849, 11111111, 255 ]
Array(6) [ 155, 550, 332744, 1588849, 11111111, 255 ]
Array(6) [ 156, 632, 332736, 272, 11111111, 16 ]
Array(6) [ 157, 315, 332744, 1588849, 11111111, 30 ]
Array(6) [ 158, 286, 332736, 16, 11111111, 0 ]
Array(6) [ 159, 286, 332736, 16, 11111111, 0 ]
Array(6) [ 160, 746, 332736, 16, 11111111, 0 ]
Array(6) [ 161, 359, 332728, 0, 11111111, 0 ]
Array(6) [ 162, 180, 332736, 16, 11111111, 14 ]
Array(6) [ 163, 352, 332744, 1588849, 11111111, 4 ]
Array(6) [ 164, 477, 332744, 1588849, 11111111, 2 ]
Array(6) [ 165, 428, 332744, 1588849, 11111111, 2 ]
Array(6) [ 166, 746, 332736, 14, 11111111, 0 ]
Array(6) [ 167, 198, 332728, 0, 11111111, 0 ]
Array(6) [ 168, 359, 332736, 14, 11111111, 318160 ]
Array(6) [ 169, 36, 332744, 1588849, 11111111, 14 ]
Array(5) [ 170, 776, 332752, 11111111, 2 ]
Array(6) [ 171, 659, 332744, 14, 11111111, 12 ]
Array(6) [ 172, 123, 332744, 14, 11111111, 12 ]
Array(6) [ 173, 198, 332728, 0, 11111111, 0 ]
Array(7) [ 174, 139, 332736, 318556, 12, 11111111, 318160 ]
Array(7) [ 175, 36, 332744, 14, 11111111, 1588850, 835338310 ]
Array(5) [ 176, 618, 332752, 11111111, 2 ]
Array(8) [ 177, 128, 332744, 1588850, 835338310, 11111111, 1588852, 858927562 ]
Array(8) [ 178, 659, 332744, 1588850, 835338310, 11111111, 1588852, 858927562 ]
Array(8) [ 179, 123, 332744, 1588850, 835338310, 11111111, 1588852, 858927562 ]
Array(6) [ 180, 715, 332728, 0, 11111111, 0 ]
Array(7) [ 181, 180, 332736, 318552, 1588852, 11111111, 240 ]
Array(7) [ 182, 274, 332744, 1588850, 835338310, 11111111, 4 ]
Array(7) [ 183, 171, 332744, 1588850, 835338310, 11111111, 29 ]
Array(7) [ 184, 383, 332744, 1588850, 835338310, 11111111, 29 ]
Array(7) [ 185, 132, 332744, 1588850, 835338310, 11111111, 29 ]
Array(6) [ 186, 359, 332736, 240, 11111111, 0 ]
Array(7) [ 187, 552, 332744, 1588850, 835338310, 11111111, 29 ]
Array(6) [ 188, 204, 332736, 0, 11111111, 0 ]
Array(6) [ 189, 391, 332736, 0, 11111111, 0 ]
Array(6) [ 190, 36, 332728, 0, 11111111, 0 ]
Array(6) [ 191, 722, 332736, 0, 11111111, 2 ]
Array(6) [ 192, 286, 332736, 0, 11111111, 0 ]
Array(6) [ 193, 746, 332736, 0, 11111111, 0 ]
Array(6) [ 194, 36, 332728, 0, 11111111, 0 ]
Array(6) [ 195, 632, 332736, 0, 11111111, 2 ]
Array(7) [ 196, 550, 332744, 1588850, 835338310, 11111111, 7 ]
Array(6) [ 197, 477, 332736, 2, 11111111, 2 ]
Array(6) [ 198, 383, 332736, 2, 11111111, 2 ]
Array(6) [ 199, 286, 332736, 2, 11111111, 2 ]
Array(6) [ 200, 286, 332736, 2, 11111111, 2 ]
Array(6) [ 201, 746, 332736, 2, 11111111, 2 ]
Array(6) [ 202, 139, 332728, 0, 11111111, 0 ]
Array(7) [ 203, 171, 332736, 2, 11111111, 1588850, 835338310 ]
Array(7) [ 204, 391, 332736, 2, 11111111, 1588850, 835338310 ]
Array(6) [ 205, 383, 332728, 0, 11111111, 0 ]
Array(6) [ 206, 658, 332728, 0, 11111111, 0 ]
Array(6) [ 207, 286, 332728, 0, 11111111, 0 ]
Array(6) [ 208, 180, 332728, 0, 11111111, 0 ]
Array(6) [ 209, 383, 332736, 2, 11111111, 4 ]
Array(6) [ 210, 352, 332736, 2, 11111111, 4 ]
Array(6) [ 211, 632, 332736, 2, 11111111, 1 ]
Array(7) [ 212, 428, 332744, 1588850, 835338310, 11111111, 7 ]
Array(6) [ 213, 746, 332736, 1, 11111111, 1 ]
Array(6) [ 214, 198, 332728, 0, 11111111, 0 ]
Array(6) [ 215, 274, 332736, 1, 11111111, 318160 ]
Array(7) [ 216, 198, 332736, 1, 11111111, 318824, 1 ]
Array(7) [ 217, 274, 332744, 1588850, 835338310, 11111111, 318160 ]
Array(9) [ 218, 629, 332744, 1588850, 835338310, 11111111, 318552, 1588852, 858927562 ]
Array(5) [ 219, 195, 332752, 11111111, 150 ]
Array(4) [ 0, 371, 318824, 318552 ]
Array(5) [ 1, 531, 1244788, 1588853, 10 ]
Array(3) [ 2, 302, 10 ]
Array(5) [ 3, 423, 1531968, 1588853, 10 ]
Array(6) [ 220, 198, 332728, 0, 11111111, 0 ]
Array(7) [ 221, 274, 332736, 318824, 10, 11111111, 318160 ]
Array(8) [ 222, 793, 332736, 318824, 10, 11111111, 318824, 10 ]
Array(7) [ 223, 383, 332736, 318824, 10, 11111111, 10 ]
Array(7) [ 224, 477, 332736, 318824, 10, 11111111, 10 ]
Array(7) [ 225, 629, 332736, 318824, 10, 11111111, 10 ]
Array(6) [ 226, 468, 332744, 318552, 1588863, 11111111 ]
Array(6) [ 227, 286, 332736, 10, 11111111, 0 ]
Array(6) [ 228, 286, 332736, 10, 11111111, 0 ]
Array(6) [ 229, 746, 332736, 10, 11111111, 0 ]
Array(6) [ 230, 198, 332728, 0, 11111111, 0 ]
Array(6) [ 231, 274, 332736, 10, 11111111, 318160 ]
Array(8) [ 232, 793, 332736, 10, 11111111, 318828, 1531968, 875770417 ]
Array(7) [ 233, 592, 332736, 10, 11111111, 1531968, 875770417 ]
Array(7) [ 234, 391, 332736, 10, 11111111, 1531968, 875770417 ]
Array(6) [ 235, 198, 332728, 0, 11111111, 0 ]
Array(6) [ 236, 274, 332736, 10, 11111111, 318160 ]
Array(7) [ 237, 793, 332736, 10, 11111111, 318832, 10 ]
Array(6) [ 238, 171, 332736, 10, 11111111, 10 ]
Array(6) [ 239, 391, 332736, 10, 11111111, 10 ]
Array(6) [ 240, 198, 332728, 0, 11111111, 0 ]
Array(6) [ 241, 274, 332736, 10, 11111111, 318160 ]
Array(7) [ 242, 198, 332736, 10, 11111111, 318824, 10 ]
Array(7) [ 243, 274, 332744, 318552, 1588863, 11111111, 318160 ]
Array(9) [ 244, 629, 332744, 318552, 1588863, 11111111, 318552, 1588863, 397844481 ]
Array(5) [ 245, 195, 332752, 11111111, 51 ]
Array(4) [ 4, 455, 318824, 318552 ]
Array(6) [ 246, 198, 332728, 0, 11111111, 0 ]
Array(7) [ 247, 383, 332736, 318824, 0, 11111111, 318160 ]
Array(7) [ 248, 274, 332736, 318824, 0, 11111111, 318160 ]
Array(8) [ 249, 207, 332736, 318824, 0, 11111111, 318824, 0 ]
Array(7) [ 250, 46, 332736, 318824, 0, 11111111, 0 ]
Array(7) [ 251, 501, 332744, 318552, 1588864, 11111111, 1 ]
Array(6) [ 252, 286, 332736, 0, 11111111, 1 ]
Array(6) [ 253, 286, 332736, 0, 11111111, 1 ]
Array(6) [ 254, 746, 332736, 0, 11111111, 1 ]
Array(6) [ 255, 198, 332728, 0, 11111111, 0 ]
Array(6) [ 256, 274, 332736, 0, 11111111, 318160 ]
Array(7) [ 257, 793, 332736, 0, 11111111, 318828, 1 ]
Array(6) [ 258, 383, 332736, 0, 11111111, 1 ]
Array(6) [ 259, 128, 332736, 0, 11111111, 1 ]
Array(6) [ 260, 391, 332736, 0, 11111111, 1 ]
Array(6) [ 261, 198, 332728, 0, 11111111, 0 ]
Array(6) [ 262, 359, 332736, 0, 11111111, 318160 ]
Array(7) [ 263, 659, 332744, 318552, 1588864, 11111111, 10 ]
Array(7) [ 264, 123, 332744, 318552, 1588864, 11111111, 10 ]
Array(6) [ 265, 198, 332728, 0, 11111111, 0 ]
Array(7) [ 266, 139, 332736, 318772, 10, 11111111, 318160 ]
Array(8) [ 267, 659, 332744, 318552, 1588864, 11111111, 1531968, 875770417 ]
Array(8) [ 268, 123, 332744, 318552, 1588864, 11111111, 1531968, 875770417 ]
Array(6) [ 269, 198, 332728, 0, 11111111, 0 ]
Array(7) [ 270, 648, 332736, 318768, 1531968, 11111111, 318160 ]
Array(7) [ 271, 659, 332744, 318552, 1588864, 11111111, 1 ]
Array(7) [ 272, 123, 332744, 318552, 1588864, 11111111, 1 ]
Array(6) [ 273, 198, 332728, 0, 11111111, 0 ]
Array(7) [ 274, 715, 332736, 318764, 1, 11111111, 318160 ]
Array(8) [ 275, 659, 332744, 318552, 1588864, 11111111, 17984, 0 ]
Array(8) [ 276, 123, 332744, 318552, 1588864, 11111111, 17984, 0 ]
Array(6) [ 277, 36, 332728, 0, 11111111, 0 ]
Array(7) [ 278, 601, 332736, 318760, 17984, 11111111, 10 ]
Array(7) [ 279, 75, 332744, 318552, 1588864, 11111111, 8 ]
Array(6) [ 280, 592, 332736, 10, 11111111, 0 ]
Array(6) [ 281, 391, 332736, 10, 11111111, 0 ]
Array(6) [ 282, 632, 332728, 0, 11111111, 0 ]
Array(6) [ 283, 204, 332736, 10, 11111111, 14 ]
Array(6) [ 284, 391, 332736, 10, 11111111, 14 ]
Array(6) [ 285, 373, 332728, 0, 11111111, 0 ]
Array(6) [ 286, 198, 332728, 0, 11111111, 0 ]
Array(6) [ 287, 280, 332736, 10, 11111111, 318160 ]
Array(7) [ 288, 659, 332744, 318552, 1588864, 11111111, 0 ]
Array(7) [ 289, 342, 332744, 318552, 1588864, 11111111, 0 ]
Array(6) [ 290, 198, 332728, 0, 11111111, 0 ]
Array(7) [ 291, 360, 332736, 318592, 0, 11111111, 318160 ]
Array(7) [ 292, 659, 332744, 318552, 1588864, 11111111, 0 ]
Array(7) [ 293, 342, 332744, 318552, 1588864, 11111111, 0 ]
Array(6) [ 294, 198, 332728, 0, 11111111, 0 ]
Array(7) [ 295, 198, 332736, 318584, 0, 11111111, 318160 ]
Array(7) [ 296, 274, 332744, 318552, 1588864, 11111111, 318160 ]
Array(9) [ 297, 383, 332744, 318552, 1588864, 11111111, 318760, 17984, 0 ]
Array(9) [ 298, 26, 332744, 318552, 1588864, 11111111, 318760, 17984, 0 ]
Array(7) [ 299, 312, 332744, 318552, 1588864, 11111111, 17984 ]
Array(7) [ 300, 659, 332744, 318552, 1588864, 11111111, 17984 ]
Array(7) [ 301, 342, 332744, 318552, 1588864, 11111111, 17984 ]
Array(6) [ 302, 198, 332728, 0, 11111111, 0 ]
Array(7) [ 303, 198, 332736, 318576, 17984, 11111111, 318160 ]
Array(7) [ 304, 274, 332744, 318552, 1588864, 11111111, 318160 ]
Array(9) [ 305, 26, 332744, 318552, 1588864, 11111111, 318768, 1531968, 875770417 ]
Array(7) [ 306, 273, 332744, 318552, 1588864, 11111111, 1531968 ]
Array(7) [ 307, 659, 332744, 318552, 1588864, 11111111, 1531968 ]
Array(7) [ 308, 342, 332744, 318552, 1588864, 11111111, 1531968 ]
Array(6) [ 309, 198, 332728, 0, 11111111, 0 ]
Array(7) [ 310, 36, 332736, 318568, 1531968, 11111111, 318160 ]
Array(7) [ 311, 659, 332744, 318552, 1588864, 11111111, 10 ]
Array(7) [ 312, 673, 332744, 318552, 1588864, 11111111, 10 ]
Array(6) [ 313, 198, 332728, 0, 11111111, 0 ]
Array(7) [ 314, 715, 332736, 318564, 406745098, 11111111, 318160 ]
Array(7) [ 315, 659, 332744, 318552, 1588864, 11111111, 14 ]
Array(7) [ 316, 286, 332744, 318552, 1588864, 11111111, 14 ]
Array(7) [ 317, 373, 332744, 318552, 1588864, 11111111, 14 ]
Array(7) [ 318, 123, 332744, 318552, 1588864, 11111111, 14 ]
Array(6) [ 319, 198, 332728, 0, 11111111, 0 ]
Array(7) [ 320, 383, 332736, 318560, 14, 11111111, 318160 ]
Array(7) [ 321, 139, 332736, 318560, 14, 11111111, 318160 ]
Array(7) [ 322, 659, 332744, 318552, 1588864, 11111111, 0 ]
Array(7) [ 323, 209, 332744, 318552, 1588864, 11111111, 0 ]
Array(6) [ 324, 198, 332728, 0, 11111111, 0 ]
Array(7) [ 325, 139, 332736, 318565, 1075314688, 11111111, 318160 ]
Array(7) [ 326, 632, 332744, 318552, 1588864, 11111111, 0 ]
Array(5) [ 327, 75, 332752, 11111111, 16 ]
Array(6) [ 328, 659, 332744, 0, 11111111, 0 ]
Array(6) [ 329, 673, 332744, 0, 11111111, 0 ]
Array(6) [ 330, 632, 332728, 0, 11111111, 0 ]
Array(7) [ 331, 722, 332736, 318567, 392183808, 11111111, 80 ]
Array(7) [ 332, 746, 332736, 318567, 392183808, 11111111, 0 ]
Array(6) [ 333, 198, 332728, 0, 11111111, 0 ]
Array(7) [ 334, 274, 332736, 318567, 392183808, 11111111, 318160 ]
Array(9) [ 335, 198, 332736, 318567, 392183808, 11111111, 318600, 1590846, 5767168 ]
Array(6) [ 336, 274, 332744, 0, 11111111, 318160 ]
Array(8) [ 337, 632, 332744, 0, 11111111, 318680, 1590846, 5767168 ]
Array(5) [ 338, 629, 332752, 11111111, 80 ]
Array(6) [ 339, 289, 332760, 16, 11111111, 45 ]
Array(5) [ 5, 423, 318600, 318680, 80 ]
Array(6) [ 340, 286, 332728, 0, 11111111, 0 ]
Array(6) [ 341, 782, 332728, 0, 11111111, 0 ]
Array(7) [ 342, 708, 332736, 318600, 1590846, 11111111, 17984 ]
Array(7) [ 343, 632, 332736, 318600, 1590846, 11111111, 17984 ]
Array(7) [ 344, 564, 332744, 318680, 1590846, 11111111, 32 ]
Array(7) [ 345, 228, 332736, 17984, 0, 11111111, 1 ]
Array(7) [ 346, 669, 332736, 17984, 0, 11111111, 1 ]
Array(7) [ 347, 391, 332736, 17984, 0, 11111111, 1 ]
Array(6) [ 348, 816, 332728, 0, 11111111, 0 ]
Array(7) [ 349, 128, 332736, 17984, 0, 11111111, 17984 ]
Array(8) [ 350, 391, 332736, 17984, 0, 11111111, 17984, 0 ]
Array(6) [ 351, 625, 332728, 0, 11111111, 0 ]
Array(7) [ 352, 708, 332736, 17984, 0, 11111111, 1531968 ]
Array(7) [ 353, 477, 332736, 17984, 0, 11111111, 1531968 ]
Array(8) [ 354, 391, 332736, 17984, 0, 11111111, 1531968, 875770417 ]
Array(6) [ 355, 198, 332728, 0, 11111111, 0 ]
Array(7) [ 356, 274, 332736, 17984, 0, 11111111, 318160 ]
Array(8) [ 357, 793, 332736, 17984, 0, 11111111, 318556, 0 ]
Array(7) [ 358, 383, 332736, 17984, 0, 11111111, 0 ]
Array(7) [ 359, 722, 332736, 17984, 0, 11111111, 0 ]
Array(7) [ 360, 746, 332736, 17984, 0, 11111111, 1 ]
Array(6) [ 361, 198, 332728, 0, 11111111, 0 ]
Array(7) [ 362, 274, 332736, 17984, 0, 11111111, 318160 ]
Array(8) [ 363, 793, 332736, 17984, 0, 11111111, 318564, 10 ]
Array(7) [ 364, 259, 332736, 17984, 0, 11111111, 10 ]
Array(7) [ 365, 383, 332736, 17984, 0, 11111111, 10 ]
Array(7) [ 366, 391, 332736, 17984, 0, 11111111, 10 ]
Array(6) [ 367, 632, 332728, 0, 11111111, 0 ]
Array(7) [ 368, 722, 332736, 17984, 0, 11111111, 80 ]
Array(7) [ 369, 286, 332736, 17984, 0, 11111111, 0 ]
Array(7) [ 370, 286, 332736, 17984, 0, 11111111, 0 ]
Array(7) [ 371, 746, 332736, 17984, 0, 11111111, 0 ]
Array(6) [ 372, 198, 332728, 0, 11111111, 0 ]
Array(7) [ 373, 274, 332736, 17984, 0, 11111111, 318160 ]
Array(9) [ 374, 198, 332736, 17984, 0, 11111111, 318184, 1590846, 5767168 ]
Array(7) [ 375, 274, 332744, 318680, 1590846, 11111111, 318160 ]
Array(9) [ 376, 632, 332744, 318680, 1590846, 11111111, 318680, 1590846, 5767168 ]
Array(6) [ 377, 629, 332752, 80, 11111111, 80 ]
Array(6) [ 378, 289, 332760, 16, 11111111, 45 ]
Array(5) [ 6, 423, 318184, 318680, 80 ]
Array(6) [ 379, 286, 332728, 0, 11111111, 0 ]
Array(6) [ 380, 816, 332728, 0, 11111111, 0 ]
Array(7) [ 381, 632, 332736, 318184, 1590846, 11111111, 1531968 ]
Array(7) [ 382, 564, 332744, 318680, 1590846, 11111111, 32 ]
Array(7) [ 383, 750, 332736, 1531968, 875770417, 11111111, 10 ]
Array(7) [ 384, 391, 332736, 1531968, 875770417, 11111111, 10 ]
Array(6) [ 385, 715, 332728, 0, 11111111, 0 ]
Array(7) [ 386, 352, 332736, 1531968, 875770417, 11111111, 14 ]
Array(7) [ 387, 592, 332736, 1531968, 875770417, 11111111, 10 ]
Array(7) [ 388, 632, 332736, 1531968, 875770417, 11111111, 10 ]
Array(7) [ 389, 383, 332744, 318680, 1590846, 11111111, 11 ]
Array(7) [ 390, 139, 332744, 318680, 1590846, 11111111, 11 ]
Array(6) [ 391, 632, 332752, 80, 11111111, 10 ]
Array(6) [ 392, 428, 332760, 16, 11111111, 18 ]
Array(6) [ 393, 435, 332752, 10, 11111111, 1 ]
Array(6) [ 394, 286, 332736, 10, 11111111, 10 ]
Array(6) [ 395, 780, 332736, 10, 11111111, 10 ]
Array(6) [ 396, 308, 332728, 0, 11111111, 0 ]
Array(7) [ 397, 352, 332736, 10, 11111111, 1426624, 0 ]
Array(8) [ 398, 26, 332736, 10, 11111111, 1429288, 1098084, 1632462947 ]
Array(7) [ 399, 308, 332736, 10, 11111111, 1098084, 1632462947 ]
Array(7) [ 400, 352, 332744, 11, 11111111, 1426624, 0 ]
Array(7) [ 401, 26, 332744, 11, 11111111, 1429296, 1394200 ]
Array(6) [ 402, 648, 332744, 11, 11111111, 1394200 ]
Array(7) [ 403, 629, 332752, 10, 11111111, 17984, 0 ]
Array(6) [ 404, 320, 332760, 16, 11111111, 277 ]
Array(5) [ 7, 319, 1098084.3, 1394200.3, 17984 ]
Array(5) [ 8, 470, 655640, 655708, 4 ]
Array(6) [ 405, 615, 332736, 1098084, 1632462947, 11111111 ]
Array(6) [ 406, 632, 332736, 1098084, 1632462947, 11111111 ]
Array(6) [ 407, 564, 332744, 1394200, 11111111, 25 ]
Array(4) [ 408, 640, 332736, 11111111 ]
Array(4) [ 409, 632, 332736, 11111111 ]
Array(6) [ 410, 550, 332744, 1394200, 11111111, 127 ]
Array(5) [ 411, 629, 332736, 11111111, 93 ]
Array(7) [ 412, 663, 332744, 1394200, 11111111, 16843009, 0 ]
Array(6) [ 413, 386, 332744, 1394200, 11111111, 16843009 ]
Array(6) [ 414, 172, 332736, 93, 11111111, 1566399837 ]
Array(6) [ 415, 391, 332736, 93, 11111111, 1566399837 ]
Array(6) [ 416, 308, 332728, 0, 11111111, 0 ]
Array(7) [ 417, 352, 332736, 93, 11111111, 1426624, 0 ]
Array(7) [ 418, 793, 332736, 93, 11111111, 1429272, 689944 ]
Array(6) [ 419, 204, 332736, 93, 11111111, 689944 ]
Array(6) [ 420, 383, 332736, 93, 11111111, 689944 ]
Array(6) [ 421, 352, 332736, 93, 11111111, 689944 ]
Array(6) [ 422, 669, 332736, 93, 11111111, 689928 ]
Array(6) [ 423, 391, 332736, 93, 11111111, 689928 ]
Array(6) [ 424, 581, 332728, 0, 11111111, 0 ]
Array(6) [ 425, 443, 332736, 93, 11111111, 0 ]
Array(6) [ 426, 391, 332736, 93, 11111111, 0 ]
Array(6) [ 427, 308, 332728, 0, 11111111, 0 ]
Array(7) [ 428, 352, 332736, 93, 11111111, 1426624, 0 ]
Array(7) [ 429, 793, 332736, 93, 11111111, 1429276, 0 ]
Array(6) [ 430, 171, 332736, 93, 11111111, 0 ]
Array(6) [ 431, 152, 332736, 93, 11111111, 0 ]
Array(5) [ 432, 471, 332744, 1394200, 11111111 ]
Array(5) [ 433, 550, 332744, 1394200, 11111111 ]
Array(6) [ 434, 477, 332736, 0, 11111111, 0 ]
Array(6) [ 435, 592, 332736, 0, 11111111, 0 ]
Array(6) [ 436, 391, 332736, 0, 11111111, 0 ]
Array(6) [ 437, 286, 332728, 0, 11111111, 0 ]
Array(6) [ 438, 638, 332728, 0, 11111111, 0 ]
Array(6) [ 439, 308, 332728, 0, 11111111, 0 ]
Array(7) [ 440, 383, 332736, 0, 11111111, 1426624, 0 ]
Array(7) [ 441, 352, 332736, 0, 11111111, 1426624, 0 ]
Array(7) [ 442, 793, 332736, 0, 11111111, 1429280, 0 ]
Array(6) [ 443, 286, 332736, 0, 11111111, 0 ]
Array(6) [ 444, 286, 332736, 0, 11111111, 0 ]
Array(6) [ 445, 746, 332736, 0, 11111111, 0 ]
Array(6) [ 446, 308, 332728, 0, 11111111, 0 ]
Array(7) [ 447, 352, 332736, 0, 11111111, 1426624, 0 ]
Array(7) [ 448, 308, 332736, 0, 11111111, 1429272, 689944 ]
Array(7) [ 449, 352, 332744, 1394200, 11111111, 1426624, 0 ]
Array(8) [ 450, 743, 332744, 1394200, 11111111, 1429288, 1098084, 1632462947 ]
Array(8) [ 451, 391, 332744, 1394200, 11111111, 1429288, 1098084, 1632462947 ]
Array(8) [ 452, 383, 332736, 1429272, 689944, 11111111, 1429272, 689944 ]
Array(8) [ 453, 25, 332736, 1429272, 689944, 11111111, 1429272, 689944 ]
Array(6) [ 454, 629, 332728, 0, 11111111, 0 ]
Array(8) [ 455, 391, 332736, 1429272, 689944, 11111111, 648656, 175817167 ]
Array(6) [ 456, 717, 332728, 0, 11111111, 0 ]
Array(8) [ 457, 274, 332736, 1429272, 689944, 11111111, 1429272, 689944 ]
Array(8) [ 458, 793, 332736, 1429272, 689944, 11111111, 1429284, 0 ]
Array(7) [ 459, 706, 332736, 1429272, 689944, 11111111, 0 ]
Array(7) [ 460, 478, 332736, 1429272, 689944, 11111111, 0 ]
Array(5) [ 461, 468, 332744, 1394200, 11111111 ]
Array(6) [ 462, 746, 332736, 0, 11111111, 0 ]
Array(6) [ 463, 717, 332728, 0, 11111111, 0 ]
Array(6) [ 464, 717, 332736, 0, 11111111, 0 ]
Array(7) [ 465, 274, 332744, 1394200, 11111111, 1429272, 689944 ]
Array(7) [ 466, 793, 332744, 1394200, 11111111, 1429276, 0 ]
Array(6) [ 467, 400, 332744, 1394200, 11111111, 0 ]
Array(6) [ 468, 472, 332744, 1394200, 11111111, 0 ]
Array(7) [ 469, 46, 332752, 17984, 0, 11111111, 0 ]
Array(6) [ 470, 618, 332760, 16, 11111111, 1 ]
Array(6) [ 471, 812, 332752, 0, 11111111, 1 ]
Array(6) [ 472, 453, 332752, 0, 11111111, 1 ]
Array(6) [ 473, 75, 332760, 16, 11111111, 3 ]
Array(6) [ 474, 127, 332752, 1, 11111111, 0 ]
Array(6) [ 475, 632, 332752, 1, 11111111, 0 ]
Array(6) [ 476, 386, 332760, 16, 11111111, 7 ]
Array(6) [ 477, 685, 332752, 0, 11111111, 0 ]
Array(6) [ 478, 472, 332752, 0, 11111111, 0 ]
Array(6) [ 479, 601, 332760, 16, 11111111, 0 ]
Array(6) [ 480, 428, 332768, 0, 11111111, 8 ]
Array(6) [ 481, 435, 332760, 0, 11111111, 1 ]
Array(6) [ 482, 11, 332744, 0, 11111111, 0 ]
Array(6) [ 483, 383, 332744, 0, 11111111, 0 ]
Array(6) [ 484, 46, 332744, 0, 11111111, 0 ]
Array(6) [ 485, 75, 332752, 0, 11111111, 1 ]
Array(6) [ 486, 428, 332744, 0, 11111111, 0 ]
Array(6) [ 487, 286, 332736, 0, 11111111, 0 ]
Array(6) [ 488, 746, 332736, 0, 11111111, 0 ]
Array(6) [ 489, 513, 332728, 0, 11111111, 0 ]
Array(6) [ 490, 717, 332736, 0, 11111111, 0 ]
Array(6) [ 491, 513, 332744, 0, 11111111, 0 ]
Array(6) [ 492, 717, 332752, 0, 11111111, 0 ]
Array(6) [ 493, 636, 332760, 0, 11111111, 0 ]
Array(6) [ 494, 435, 332752, 0, 11111111, 0 ]
Array(6) [ 495, 383, 332736, 0, 11111111, 0 ]
Array(6) [ 496, 11, 332736, 0, 11111111, 0 ]
Array(6) [ 497, 632, 332736, 0, 11111111, 0 ]
Array(6) [ 498, 428, 332744, 0, 11111111, 14 ]
Array(6) [ 499, 286, 332736, 0, 11111111, 1 ]
