WHAT THE SIGMA 2 arras.io:465:17
wasmthing.export_chacha_enable("m".charCodeAt(0))
Array [ 109 ]
undefined
Array(19) [ 109, 209, 65, 117, 116, 111, 102, 105, 114, 101, … ]
Array [ 19 ]
Array(6) [ 0, 307, 332728, 0, 11111111, 0 ]
Array(7) [ 1, 294, 332736, 212, 11111111, 1404080, 0 ]
Array(6) [ 2, 46, 332744, 19, 11111111, 212 ]
Array(6) [ 3, 618, 332752, 719032, 11111111, 1 ]
Array(6) [ 4, 589, 332744, 212, 11111111, 213 ]
Array(6) [ 5, 383, 332744, 212, 11111111, 213 ]
Array(6) [ 6, 342, 332744, 212, 11111111, 213 ]
Array(6) [ 7, 747, 332728, 0, 11111111, 0 ]
Array(8) [ 8, 352, 332736, 1406080, 213, 11111111, 718272, 531157731 ]
Array(8) [ 9, 793, 332736, 1406080, 213, 11111111, 723632, 59 ]
Array(7) [ 10, 211, 332736, 1406080, 213, 11111111, 59 ]
Array(7) [ 11, 629, 332736, 1406080, 213, 11111111, 59 ]
Array(5) [ 12, 468, 332744, 212, 11111111 ]
Array(6) [ 13, 286, 332736, 59, 11111111, 0 ]
Array(6) [ 14, 286, 332736, 59, 11111111, 0 ]
Array(6) [ 15, 746, 332736, 59, 11111111, 0 ]
Array(6) [ 16, 512, 332728, 0, 11111111, 0 ]
Array(7) [ 17, 632, 332736, 59, 11111111, 1399080, 1967247725 ]
Array(6) [ 18, 550, 332744, 212, 11111111, 255 ]
Array(7) [ 19, 335, 332736, 1399080, 1967247725, 11111111, 40 ]
Array(7) [ 20, 391, 332736, 1399080, 1967247725, 11111111, 40 ]
Array(6) [ 21, 512, 332728, 0, 11111111, 0 ]
Array(8) [ 22, 383, 332736, 1399080, 1967247725, 11111111, 1399080, 1967247725 ]
Array(8) [ 23, 629, 332736, 1399080, 1967247725, 11111111, 1399080, 1967247725 ]
Array(5) [ 24, 550, 332744, 212, 11111111 ]
Array(8) [ 25, 249, 332736, 1399080, 1967247725, 11111111, 1399040, 2036490604 ]
Array(8) [ 26, 391, 332736, 1399080, 1967247725, 11111111, 1399040, 2036490604 ]
Array(6) [ 27, 114, 332728, 0, 11111111, 0 ]
Array(7) [ 28, 482, 332736, 1399080, 1967247725, 11111111, 59 ]
Array(7) [ 29, 391, 332736, 1399080, 1967247725, 11111111, 59 ]
Array(6) [ 30, 286, 332728, 0, 11111111, 0 ]
Array(6) [ 31, 286, 332728, 0, 11111111, 0 ]
Array(6) [ 32, 373, 332728, 0, 11111111, 0 ]
Array(6) [ 33, 717, 332728, 0, 11111111, 0 ]
Array(6) [ 34, 629, 332736, 1399080, 1967247725, 11111111 ]
Array(5) [ 35, 468, 332744, 212, 11111111 ]
Array(5) [ 36, 383, 332736, 11111111, 1 ]
Array(5) [ 37, 286, 332736, 11111111, 1 ]
Array(5) [ 38, 746, 332736, 11111111, 1 ]
Array(6) [ 39, 429, 332728, 0, 11111111, 0 ]
Array(5) [ 40, 383, 332736, 11111111, 59 ]
Array(5) [ 41, 629, 332736, 11111111, 59 ]
Array(5) [ 42, 468, 332744, 212, 11111111 ]
Array(6) [ 43, 286, 332736, 59, 11111111, 0 ]
Array(6) [ 44, 286, 332736, 59, 11111111, 0 ]
Array(6) [ 45, 746, 332736, 59, 11111111, 0 ]
Array(6) [ 46, 383, 332728, 0, 11111111, 0 ]
Array(6) [ 47, 429, 332728, 0, 11111111, 0 ]
Array(6) [ 48, 629, 332736, 59, 11111111, 59 ]
Array(5) [ 49, 501, 332744, 212, 11111111 ]
Array(6) [ 50, 286, 332736, 59, 11111111, 1 ]
Array(6) [ 51, 746, 332736, 59, 11111111, 1 ]
Array(6) [ 52, 41, 332728, 0, 11111111, 0 ]
Array(6) [ 53, 512, 332736, 59, 11111111, 40 ]
Array(7) [ 54, 548, 332744, 212, 11111111, 1399040, 2036490604 ]
Array(7) [ 55, 488, 332736, 40, 11111111, 1399080, 1967247725 ]
Array(7) [ 56, 391, 332736, 40, 11111111, 1399080, 1967247725 ]
Array(6) [ 57, 429, 332728, 0, 11111111, 0 ]
Array(6) [ 58, 629, 332736, 40, 11111111, 59 ]
Array(5) [ 59, 222, 332744, 212, 11111111 ]
Array(5) [ 60, 211, 332736, 59, 11111111 ]
Array(5) [ 61, 22, 332736, 59, 11111111 ]
Array(6) [ 62, 114, 332744, 212, 11111111, 2 ]
Array(5) [ 63, 791, 332752, 719032, 11111111 ]
Array(6) [ 64, 383, 332760, 19, 11111111, 4 ]
Array(6) [ 65, 428, 332760, 19, 11111111, 4 ]
Array(5) [ 66, 435, 332752, 11111111, 0 ]
Array(5) [ 67, 780, 332736, 11111111, 2 ]
Array(6) [ 68, 307, 332728, 0, 11111111, 0 ]
Array(6) [ 69, 410, 332736, 11111111, 1404080, 0 ]
Array(7) [ 70, 104, 332744, 2, 11111111, 1399080, 1967247725 ]
Array(5) [ 71, 204, 332752, 11111111, 19 ]
Array(5) [ 72, 383, 332752, 11111111, 19 ]
Array(5) [ 73, 391, 332752, 11111111, 19 ]
Array(8) [ 74, 592, 332744, 1399080, 1967247725, 11111111, 1399080, 1967247725 ]
Array(8) [ 75, 391, 332744, 1399080, 1967247725, 11111111, 1399080, 1967247725 ]
Array(8) [ 76, 394, 332736, 1404080, 0, 11111111, 1404080, 0 ]
Array(8) [ 77, 391, 332736, 1404080, 0, 11111111, 1404080, 0 ]
Array(6) [ 78, 629, 332728, 0, 11111111, 0 ]
Array(7) [ 79, 535, 332736, 1404080, 0, 11111111, 318160 ]
Array(7) [ 80, 391, 332736, 1404080, 0, 11111111, 318160 ]
Array(6) [ 81, 715, 332728, 0, 11111111, 0 ]
Array(7) [ 82, 722, 332736, 1404080, 0, 11111111, 19 ]
Array(7) [ 83, 746, 332736, 1404080, 0, 11111111, 0 ]
Array(6) [ 84, 198, 332728, 0, 11111111, 0 ]
Array(7) [ 85, 715, 332736, 1404080, 0, 11111111, 318160 ]
Array(7) [ 86, 478, 332744, 1399080, 1967247725, 11111111, 19 ]
Array(4) [ 87, 618, 332752, 11111111 ]
Array(6) [ 88, 128, 332744, 19, 11111111, 18 ]
Array(6) [ 89, 659, 332744, 19, 11111111, 18 ]
Array(6) [ 90, 123, 332744, 19, 11111111, 18 ]
Array(6) [ 91, 198, 332728, 0, 11111111, 0 ]
Array(7) [ 92, 139, 332736, 318556, 18, 11111111, 318160 ]
Array(7) [ 93, 46, 332744, 19, 11111111, 1399080, 1967247725 ]
Array(5) [ 94, 618, 332752, 11111111, 1 ]
Array(8) [ 95, 477, 332744, 1399080, 1967247725, 11111111, 1399081, 1953841617 ]
Array(8) [ 96, 659, 332744, 1399080, 1967247725, 11111111, 1399081, 1953841617 ]
Array(8) [ 97, 383, 332744, 1399080, 1967247725, 11111111, 1399081, 1953841617 ]
Array(8) [ 98, 123, 332744, 1399080, 1967247725, 11111111, 1399081, 1953841617 ]
Array(6) [ 99, 139, 332728, 0, 11111111, 0 ]
Array(8) [ 100, 207, 332736, 318552, 1399081, 11111111, 1399080, 1967247725 ]
Array(7) [ 101, 171, 332736, 318552, 1399081, 11111111, 109 ]
Array(7) [ 102, 632, 332736, 318552, 1399081, 11111111, 109 ]
Array(7) [ 103, 132, 332744, 1399080, 1967247725, 11111111, 24 ]
Array(6) [ 104, 478, 332736, 109, 11111111, 1828716544 ]
Array(6) [ 105, 222, 332744, 1399080, 1967247725, 11111111 ]
Array(5) [ 106, 117, 332736, 1828716544, 11111111 ]
Array(6) [ 107, 669, 332736, 1828716544, 11111111, 0 ]
Array(6) [ 108, 286, 332736, 1828716544, 11111111, 0 ]
Array(6) [ 109, 286, 332736, 1828716544, 11111111, 0 ]
Array(6) [ 110, 780, 332736, 1828716544, 11111111, 0 ]
Array(6) [ 111, 791, 332728, 0, 11111111, 0 ]
Array(6) [ 112, 204, 332736, 1828716544, 11111111, 4 ]
Array(6) [ 113, 391, 332736, 1828716544, 11111111, 4 ]
Array(6) [ 114, 359, 332728, 0, 11111111, 0 ]
Array(6) [ 115, 383, 332736, 1828716544, 11111111, 109 ]
Array(6) [ 116, 632, 332736, 1828716544, 11111111, 109 ]
Array(7) [ 117, 550, 332744, 1399080, 1967247725, 11111111, 255 ]
Array(6) [ 118, 352, 332736, 109, 11111111, 109 ]
Array(6) [ 119, 780, 332736, 109, 11111111, 42 ]
Array(6) [ 120, 198, 332728, 0, 11111111, 0 ]
Array(6) [ 121, 274, 332736, 109, 11111111, 318160 ]
Array(7) [ 122, 198, 332736, 109, 11111111, 318824, 1 ]
Array(7) [ 123, 274, 332744, 1399080, 1967247725, 11111111, 318160 ]
Array(9) [ 124, 629, 332744, 1399080, 1967247725, 11111111, 318552, 1399081, 1953841617 ]
Array(5) [ 125, 195, 332752, 11111111, 150 ]
Array(4) [ 0, 371, 318824, 318552 ]
Array(5) [ 1, 531, 1244788, 1399082, 17 ]
Array(3) [ 2, 302, 17 ]
Array(5) [ 3, 423, 1596336, 1399082, 17 ]
Array(6) [ 126, 198, 332728, 0, 11111111, 0 ]
Array(7) [ 127, 274, 332736, 318824, 17, 11111111, 318160 ]
Array(8) [ 128, 793, 332736, 318824, 17, 11111111, 318824, 17 ]
Array(7) [ 129, 477, 332736, 318824, 17, 11111111, 17 ]
Array(7) [ 130, 629, 332736, 318824, 17, 11111111, 17 ]
Array(6) [ 131, 468, 332744, 318552, 1399099, 11111111 ]
Array(6) [ 132, 746, 332736, 17, 11111111, 0 ]
Array(6) [ 133, 198, 332728, 0, 11111111, 0 ]
Array(6) [ 134, 198, 332736, 17, 11111111, 318160 ]
Array(7) [ 135, 274, 332744, 318552, 1399099, 11111111, 318160 ]
Array(8) [ 136, 241, 332744, 318552, 1399099, 11111111, 318829, 285218907 ]
Array(7) [ 137, 659, 332744, 318552, 1399099, 11111111, 285218907 ]
Array(7) [ 138, 511, 332744, 318552, 1399099, 11111111, 285218907 ]
Array(6) [ 139, 198, 332728, 0, 11111111, 0 ]
Array(7) [ 140, 198, 332736, 318769, 285218907, 11111111, 318160 ]
Array(7) [ 141, 274, 332744, 318552, 1399099, 11111111, 318160 ]
Array(8) [ 142, 274, 332744, 318552, 1399099, 11111111, 318824, 17 ]
Array(8) [ 143, 241, 332744, 318552, 1399099, 11111111, 318832, 17 ]
Array(7) [ 144, 659, 332744, 318552, 1399099, 11111111, 17 ]
Array(7) [ 145, 511, 332744, 318552, 1399099, 11111111, 17 ]
Array(6) [ 146, 198, 332728, 0, 11111111, 0 ]
Array(7) [ 147, 198, 332736, 318772, 17, 11111111, 318160 ]
Array(7) [ 148, 274, 332744, 318552, 1399099, 11111111, 318160 ]
Array(9) [ 149, 207, 332744, 318552, 1399099, 11111111, 318828, 1596336, 1869903169 ]
Array(7) [ 150, 659, 332744, 318552, 1399099, 11111111, 176 ]
Array(7) [ 151, 673, 332744, 318552, 1399099, 11111111, 176 ]
Array(6) [ 152, 36, 332728, 0, 11111111, 0 ]
Array(7) [ 153, 601, 332736, 318768, 1596336, 11111111, 17 ]
Array(7) [ 154, 75, 332744, 318552, 1399099, 11111111, 8 ]
Array(6) [ 155, 592, 332736, 17, 11111111, 0 ]
Array(6) [ 156, 391, 332736, 17, 11111111, 0 ]
Array(6) [ 157, 632, 332728, 0, 11111111, 0 ]
Array(6) [ 158, 204, 332736, 17, 11111111, 13 ]
Array(6) [ 159, 391, 332736, 17, 11111111, 13 ]
Array(6) [ 160, 373, 332728, 0, 11111111, 0 ]
Array(6) [ 161, 198, 332728, 0, 11111111, 0 ]
Array(6) [ 162, 280, 332736, 17, 11111111, 318160 ]
Array(7) [ 163, 659, 332744, 318552, 1399099, 11111111, 0 ]
Array(7) [ 164, 342, 332744, 318552, 1399099, 11111111, 0 ]
Array(6) [ 165, 198, 332728, 0, 11111111, 0 ]
Array(7) [ 166, 360, 332736, 318592, 0, 11111111, 318160 ]
Array(7) [ 167, 659, 332744, 318552, 1399099, 11111111, 0 ]
Array(7) [ 168, 342, 332744, 318552, 1399099, 11111111, 0 ]
Array(6) [ 169, 198, 332728, 0, 11111111, 0 ]
Array(7) [ 170, 198, 332736, 318584, 0, 11111111, 318160 ]
Array(7) [ 171, 274, 332744, 318552, 1399099, 11111111, 318160 ]
Array(8) [ 172, 383, 332744, 318552, 1399099, 11111111, 318760, 536870912 ]
Array(8) [ 173, 26, 332744, 318552, 1399099, 11111111, 318760, 536870912 ]
Array(7) [ 174, 312, 332744, 318552, 1399099, 11111111, 536870912 ]
Array(7) [ 175, 659, 332744, 318552, 1399099, 11111111, 536870912 ]
Array(7) [ 176, 342, 332744, 318552, 1399099, 11111111, 536870912 ]
Array(6) [ 177, 198, 332728, 0, 11111111, 0 ]
Array(7) [ 178, 198, 332736, 318576, 536870912, 11111111, 318160 ]
Array(7) [ 179, 274, 332744, 318552, 1399099, 11111111, 318160 ]
Array(9) [ 180, 26, 332744, 318552, 1399099, 11111111, 318768, 1596336, 1869903169 ]
Array(7) [ 181, 273, 332744, 318552, 1399099, 11111111, 1596336 ]
Array(7) [ 182, 659, 332744, 318552, 1399099, 11111111, 1596336 ]
Array(7) [ 183, 342, 332744, 318552, 1399099, 11111111, 1596336 ]
Array(6) [ 184, 198, 332728, 0, 11111111, 0 ]
Array(7) [ 185, 36, 332736, 318568, 1596336, 11111111, 318160 ]
Array(7) [ 186, 659, 332744, 318552, 1399099, 11111111, 17 ]
Array(7) [ 187, 673, 332744, 318552, 1399099, 11111111, 17 ]
Array(6) [ 188, 198, 332728, 0, 11111111, 0 ]
Array(7) [ 189, 715, 332736, 318564, 408631313, 11111111, 318160 ]
Array(7) [ 190, 659, 332744, 318552, 1399099, 11111111, 13 ]
Array(7) [ 191, 286, 332744, 318552, 1399099, 11111111, 13 ]
Array(7) [ 192, 373, 332744, 318552, 1399099, 11111111, 13 ]
Array(7) [ 193, 123, 332744, 318552, 1399099, 11111111, 13 ]
Array(6) [ 194, 198, 332728, 0, 11111111, 0 ]
Array(7) [ 195, 383, 332736, 318560, 13, 11111111, 318160 ]
Array(7) [ 196, 139, 332736, 318560, 13, 11111111, 318160 ]
Array(7) [ 197, 659, 332744, 318552, 1399099, 11111111, 0 ]
Array(7) [ 198, 209, 332744, 318552, 1399099, 11111111, 0 ]
Array(6) [ 199, 198, 332728, 0, 11111111, 0 ]
Array(6) [ 200, 139, 332736, 318565, 11111111, 318160 ]
Array(7) [ 201, 632, 332744, 318552, 1399099, 11111111, 0 ]
Array(5) [ 202, 75, 332752, 11111111, 16 ]
Array(6) [ 203, 659, 332744, 0, 11111111, 0 ]
Array(6) [ 204, 673, 332744, 0, 11111111, 0 ]
Array(6) [ 205, 632, 332728, 0, 11111111, 0 ]
Array(7) [ 206, 722, 332736, 318567, 408662016, 11111111, 80 ]
Array(7) [ 207, 746, 332736, 318567, 408662016, 11111111, 0 ]
Array(6) [ 208, 198, 332728, 0, 11111111, 0 ]
Array(7) [ 209, 274, 332736, 318567, 408662016, 11111111, 318160 ]
Array(9) [ 210, 198, 332736, 318567, 408662016, 11111111, 318600, 1590846, 5767168 ]
Array(6) [ 211, 274, 332744, 0, 11111111, 318160 ]
Array(8) [ 212, 632, 332744, 0, 11111111, 318680, 1590846, 5767168 ]
Array(5) [ 213, 629, 332752, 11111111, 80 ]
Array(6) [ 214, 289, 332760, 19, 11111111, 45 ]
Array(5) [ 4, 423, 318600, 318680, 80 ]
Array(6) [ 215, 286, 332728, 0, 11111111, 0 ]
Array(6) [ 216, 782, 332728, 0, 11111111, 0 ]
Array(7) [ 217, 708, 332736, 318600, 1590846, 11111111, 536870912 ]
Array(7) [ 218, 632, 332736, 318600, 1590846, 11111111, 536870912 ]
Array(7) [ 219, 564, 332744, 318680, 1590846, 11111111, 32 ]
Array(5) [ 220, 228, 332736, 536870912, 11111111 ]
Array(5) [ 221, 669, 332736, 536870912, 11111111 ]
Array(5) [ 222, 391, 332736, 536870912, 11111111 ]
Array(6) [ 223, 816, 332728, 0, 11111111, 0 ]
Array(6) [ 224, 128, 332736, 536870912, 11111111, 536870912 ]
Array(6) [ 225, 391, 332736, 536870912, 11111111, 536870912 ]
Array(6) [ 226, 625, 332728, 0, 11111111, 0 ]
Array(6) [ 227, 708, 332736, 536870912, 11111111, 1596336 ]
Array(6) [ 228, 477, 332736, 536870912, 11111111, 1596336 ]
Array(7) [ 229, 391, 332736, 536870912, 11111111, 1596336, 1869903169 ]
Array(6) [ 230, 198, 332728, 0, 11111111, 0 ]
Array(6) [ 231, 274, 332736, 536870912, 11111111, 318160 ]
Array(7) [ 232, 793, 332736, 536870912, 11111111, 318556, 0 ]
Array(6) [ 233, 383, 332736, 536870912, 11111111, 0 ]
Array(6) [ 234, 722, 332736, 536870912, 11111111, 0 ]
Array(6) [ 235, 746, 332736, 536870912, 11111111, 1 ]
Array(6) [ 236, 198, 332728, 0, 11111111, 0 ]
Array(6) [ 237, 274, 332736, 536870912, 11111111, 318160 ]
Array(7) [ 238, 793, 332736, 536870912, 11111111, 318564, 17 ]
Array(6) [ 239, 259, 332736, 536870912, 11111111, 17 ]
Array(6) [ 240, 383, 332736, 536870912, 11111111, 17 ]
Array(6) [ 241, 391, 332736, 536870912, 11111111, 17 ]
Array(6) [ 242, 632, 332728, 0, 11111111, 0 ]
Array(6) [ 243, 722, 332736, 536870912, 11111111, 80 ]
Array(6) [ 244, 286, 332736, 536870912, 11111111, 0 ]
Array(6) [ 245, 286, 332736, 536870912, 11111111, 0 ]
Array(6) [ 246, 746, 332736, 536870912, 11111111, 0 ]
Array(6) [ 247, 198, 332728, 0, 11111111, 0 ]
Array(6) [ 248, 274, 332736, 536870912, 11111111, 318160 ]
Array(8) [ 249, 198, 332736, 536870912, 11111111, 318184, 1590846, 5767168 ]
Array(7) [ 250, 274, 332744, 318680, 1590846, 11111111, 318160 ]
Array(9) [ 251, 632, 332744, 318680, 1590846, 11111111, 318680, 1590846, 5767168 ]
Array(6) [ 252, 629, 332752, 80, 11111111, 80 ]
Array(6) [ 253, 289, 332760, 19, 11111111, 45 ]
Array(5) [ 5, 423, 318184, 318680, 80 ]
Array(6) [ 254, 286, 332728, 0, 11111111, 0 ]
Array(6) [ 255, 816, 332728, 0, 11111111, 0 ]
Array(7) [ 256, 632, 332736, 318184, 1590846, 11111111, 1596336 ]
Array(7) [ 257, 564, 332744, 318680, 1590846, 11111111, 32 ]
Array(7) [ 258, 750, 332736, 1596336, 1869903169, 11111111, 17 ]
Array(7) [ 259, 391, 332736, 1596336, 1869903169, 11111111, 17 ]
Array(6) [ 260, 715, 332728, 0, 11111111, 0 ]
Array(7) [ 261, 352, 332736, 1596336, 1869903169, 11111111, 13 ]
Array(7) [ 262, 592, 332736, 1596336, 1869903169, 11111111, 9 ]
Array(7) [ 263, 632, 332736, 1596336, 1869903169, 11111111, 9 ]
Array(7) [ 264, 383, 332744, 318680, 1590846, 11111111, 11 ]
Array(7) [ 265, 139, 332744, 318680, 1590846, 11111111, 11 ]
Array(6) [ 266, 632, 332752, 80, 11111111, 9 ]
Array(6) [ 267, 428, 332760, 19, 11111111, 18 ]
Array(6) [ 268, 435, 332752, 9, 11111111, 1 ]
Array(6) [ 269, 286, 332736, 9, 11111111, 9 ]
Array(6) [ 270, 780, 332736, 9, 11111111, 9 ]
Array(6) [ 271, 198, 332728, 0, 11111111, 0 ]
Array(6) [ 272, 816, 332736, 9, 11111111, 318160 ]
Array(6) [ 273, 659, 332744, 11, 11111111, 1596336 ]
Array(6) [ 274, 342, 332744, 11, 11111111, 1596336 ]
Array(6) [ 275, 198, 332728, 0, 11111111, 0 ]
Array(7) [ 276, 340, 332736, 318336, 1596336, 11111111, 318160 ]
Array(6) [ 277, 659, 332744, 11, 11111111, 17 ]
Array(6) [ 278, 123, 332744, 11, 11111111, 17 ]
Array(6) [ 279, 308, 332728, 0, 11111111, 0 ]
Array(8) [ 280, 352, 332736, 318332, 17, 11111111, 1404080, 0 ]
Array(8) [ 281, 198, 332736, 318332, 17, 11111111, 1407496, 4 ]
Array(6) [ 282, 274, 332744, 11, 11111111, 318160 ]
Array(7) [ 283, 629, 332744, 11, 11111111, 318332, 17 ]
Array(7) [ 284, 629, 332752, 9, 11111111, 10000000, 0 ]
Array(6) [ 285, 771, 332760, 19, 11111111, 182 ]
Array(5) [ 6, 562, 1407496, 318332, 10000000.3 ]
Array(3) [ 7, 310, 1407496 ]
Array(6) [ 8, 486, 603048, 8, 256, 603060 ]
Array(6) [ 9, 208, 1400104, 128, 8, 256 ]
Array(4) [ 10, 260, 1400232, 488 ]
Array(4) [ 11, 311, 1400360, 360 ]
Array(6) [ 286, 373, 332728, 0, 11111111, 0 ]
Array(6) [ 287, 429, 332728, 0, 11111111, 0 ]
Array(7) [ 288, 722, 332736, 1407496, 8, 11111111, 59 ]
Array(7) [ 289, 383, 332736, 1407496, 8, 11111111, 0 ]
Array(7) [ 290, 746, 332736, 1407496, 8, 11111111, 0 ]
Array(6) [ 291, 410, 332728, 0, 11111111, 0 ]
Array(8) [ 292, 429, 332736, 1407496, 8, 11111111, 1399080, 1967247725 ]
Array(7) [ 293, 46, 332744, 318332, 17, 11111111, 59 ]
Array(7) [ 294, 629, 332752, 10000000, 0, 11111111, 1 ]
Array(6) [ 295, 289, 332760, 19, 11111111, 44 ]
Array(5) [ 12, 331, 1399080, 59, 1 ]
Array(3) [ 13, 405, 1399080 ]
Array(6) [ 296, 373, 332728, 0, 11111111, 0 ]
Array(6) [ 297, 307, 332728, 0, 11111111, 0 ]
Array(8) [ 298, 46, 332736, 1399080, 1543008, 11111111, 1404080, 0 ]
Array(6) [ 299, 659, 332744, 59, 11111111, 1 ]
Array(6) [ 300, 342, 332744, 59, 11111111, 1 ]
Array(6) [ 301, 307, 332728, 0, 11111111, 0 ]
Array(8) [ 302, 581, 332736, 1405552, 1, 11111111, 1404080, 0 ]
Array(6) [ 303, 663, 332744, 59, 11111111, 0 ]
Array(6) [ 304, 581, 332744, 59, 11111111, 0 ]
Array(6) [ 305, 663, 332752, 1, 11111111, 0 ]
Array(6) [ 306, 581, 332752, 1, 11111111, 0 ]
Array(6) [ 307, 352, 332760, 19, 11111111, 0 ]
Array(7) [ 308, 207, 332760, 19, 11111111, 454425, 513 ]
Array(6) [ 309, 435, 332760, 19, 11111111, 1 ]
Array(6) [ 310, 659, 332744, 0, 11111111, 0 ]
Array(6) [ 311, 342, 332744, 0, 11111111, 0 ]
Array(6) [ 312, 307, 332728, 0, 11111111, 0 ]
Array(8) [ 313, 629, 332736, 1405008, 0, 11111111, 1404080, 0 ]
Array(7) [ 314, 581, 332744, 0, 11111111, 66048, 903267881 ]
Array(6) [ 315, 383, 332752, 0, 11111111, 0 ]
Array(6) [ 316, 373, 332752, 0, 11111111, 0 ]
Array(6) [ 317, 352, 332752, 0, 11111111, 0 ]
Array(7) [ 318, 207, 332752, 0, 11111111, 454426, 2 ]
Array(6) [ 319, 211, 332752, 0, 11111111, 2 ]
Array(6) [ 320, 453, 332752, 0, 11111111, 2 ]
Array(6) [ 321, 132, 332760, 19, 11111111, 3 ]
Array(6) [ 322, 75, 332752, 2, 11111111, 16 ]
Array(7) [ 323, 453, 332744, 66048, 903267881, 11111111, 1 ]
Array(6) [ 324, 114, 332752, 2, 11111111, 3 ]
Array(6) [ 325, 453, 332760, 19, 11111111, 2 ]
Array(7) [ 326, 428, 332768, 1634320, 560645, 11111111, 3 ]
Array(6) [ 327, 435, 332760, 2, 11111111, 1 ]
Array(6) [ 328, 659, 332744, 1, 11111111, 1 ]
Array(6) [ 329, 673, 332744, 1, 11111111, 1 ]
Array(6) [ 330, 581, 332728, 0, 11111111, 0 ]
Array(6) [ 331, 352, 332736, 1405100, 11111111, 0 ]
Array(7) [ 332, 207, 332736, 1405100, 11111111, 454360, 0 ]
Array(6) [ 333, 581, 332736, 1405100, 11111111, 0 ]
Array(6) [ 334, 352, 332744, 1, 11111111, 0 ]
Array(7) [ 335, 207, 332744, 1, 11111111, 454363, 0 ]
Array(6) [ 336, 383, 332744, 1, 11111111, 0 ]
Array(6) [ 337, 550, 332744, 1, 11111111, 0 ]
Array(6) [ 338, 211, 332736, 0, 11111111, 0 ]
Array(6) [ 339, 46, 332736, 0, 11111111, 0 ]
Array(6) [ 340, 550, 332744, 1, 11111111, 1 ]
Array(6) [ 341, 249, 332736, 0, 11111111, 0 ]
Array(6) [ 342, 307, 332736, 0, 11111111, 0 ]
Array(7) [ 343, 274, 332744, 1, 11111111, 1404080, 0 ]
Array(6) [ 344, 207, 332744, 1, 11111111, 1405516 ]
Array(6) [ 345, 468, 332744, 1, 11111111, 0 ]
Array(6) [ 346, 286, 332736, 0, 11111111, 1 ]
Array(6) [ 347, 286, 332736, 0, 11111111, 1 ]
Array(6) [ 348, 746, 332736, 0, 11111111, 1 ]
Array(6) [ 349, 581, 332728, 0, 11111111, 0 ]
Array(6) [ 350, 383, 332736, 0, 11111111, 0 ]
Array(6) [ 351, 352, 332736, 0, 11111111, 0 ]
Array(7) [ 352, 793, 332736, 0, 11111111, 1009140, 32 ]
Array(6) [ 353, 211, 332736, 0, 11111111, 32 ]
Array(6) [ 354, 286, 332736, 0, 11111111, 32 ]
Array(6) [ 355, 746, 332736, 0, 11111111, 32 ]
Array(6) [ 356, 114, 332728, 0, 11111111, 0 ]
Array(6) [ 357, 307, 332736, 0, 11111111, 32 ]
Array(7) [ 358, 274, 332744, 1, 11111111, 1404080, 0 ]
Array(7) [ 359, 793, 332744, 1, 11111111, 1405512, 22 ]
Array(6) [ 360, 629, 332744, 1, 11111111, 22 ]
Array(6) [ 361, 383, 332752, 3, 11111111, 127 ]
Array(6) [ 362, 417, 332752, 3, 11111111, 127 ]
Array(6) [ 363, 722, 332736, 32, 11111111, 0 ]
Array(6) [ 364, 746, 332736, 32, 11111111, 1 ]
Array(6) [ 365, 581, 332728, 0, 11111111, 0 ]
Array(6) [ 366, 352, 332736, 32, 11111111, 0 ]
Array(7) [ 367, 383, 332736, 32, 11111111, 297988, 34 ]
Array(7) [ 368, 793, 332736, 32, 11111111, 297988, 34 ]
Array(6) [ 369, 211, 332736, 32, 11111111, 34 ]
Array(6) [ 370, 286, 332736, 32, 11111111, 34 ]
Array(6) [ 371, 746, 332736, 32, 11111111, 34 ]
Array(6) [ 372, 307, 332728, 0, 11111111, 0 ]
Array(7) [ 373, 274, 332736, 32, 11111111, 1404080, 0 ]
Array(7) [ 374, 793, 332736, 32, 11111111, 1405644, 20 ]
Array(6) [ 375, 249, 332736, 32, 11111111, 20 ]
Array(6) [ 376, 391, 332736, 32, 11111111, 20 ]
Array(6) [ 377, 747, 332728, 0, 11111111, 0 ]
Array(7) [ 378, 581, 332736, 32, 11111111, 718272, 531157731 ]
Array(6) [ 379, 659, 332744, 22, 11111111, 0 ]
Array(6) [ 380, 342, 332744, 22, 11111111, 0 ]
Array(6) [ 381, 747, 332728, 0, 11111111, 0 ]
Array(8) [ 382, 274, 332736, 719232, 0, 11111111, 718272, 531157731 ]
Array(8) [ 383, 114, 332736, 719232, 0, 11111111, 719232, 0 ]
Array(6) [ 384, 512, 332744, 22, 11111111, 34 ]
Array(6) [ 385, 629, 332752, 3, 11111111, 20 ]
Array(6) [ 386, 289, 332760, 2, 11111111, 238 ]
Array(4) [ 14, 401, 0, 8 ]
Array(6) [ 387, 747, 332728, 0, 11111111, 0 ]
Array(8) [ 388, 274, 332736, 719232, 8, 11111111, 718272, 531157731 ]
Array(8) [ 389, 383, 332736, 719232, 8, 11111111, 719236, 0 ]
Array(8) [ 390, 793, 332736, 719232, 8, 11111111, 719236, 0 ]
Array(7) [ 391, 211, 332736, 719232, 8, 11111111, 0 ]
Array(7) [ 392, 722, 332736, 719232, 8, 11111111, 0 ]
Array(7) [ 393, 286, 332736, 719232, 8, 11111111, 1 ]
Array(7) [ 394, 286, 332736, 719232, 8, 11111111, 1 ]
Array(7) [ 395, 746, 332736, 719232, 8, 11111111, 1 ]
Array(6) [ 396, 307, 332728, 0, 11111111, 0 ]
Array(8) [ 397, 274, 332736, 719232, 8, 11111111, 1404080, 0 ]
Array(8) [ 398, 793, 332736, 719232, 8, 11111111, 1405648, 24 ]
Array(7) [ 399, 383, 332736, 719232, 8, 11111111, 24 ]
Array(7) [ 400, 259, 332736, 719232, 8, 11111111, 24 ]
Array(7) [ 401, 391, 332736, 719232, 8, 11111111, 24 ]
Array(6) [ 402, 581, 332728, 0, 11111111, 0 ]
Array(7) [ 403, 352, 332736, 719232, 8, 11111111, 0 ]
Array(8) [ 404, 793, 332736, 719232, 8, 11111111, 555600, 1 ]
Array(7) [ 405, 286, 332736, 719232, 8, 11111111, 1 ]
Array(7) [ 406, 286, 332736, 719232, 8, 11111111, 1 ]
Array(7) [ 407, 746, 332736, 719232, 8, 11111111, 1 ]
Array(6) [ 408, 581, 332728, 0, 11111111, 0 ]
Array(7) [ 409, 352, 332736, 719232, 8, 11111111, 0 ]
Array(8) [ 410, 793, 332736, 719232, 8, 11111111, 896072, 0 ]
Array(7) [ 411, 383, 332736, 719232, 8, 11111111, 0 ]
Array(7) [ 412, 286, 332736, 719232, 8, 11111111, 0 ]
Array(7) [ 413, 286, 332736, 719232, 8, 11111111, 0 ]
Array(7) [ 414, 746, 332736, 719232, 8, 11111111, 0 ]
Array(6) [ 415, 581, 332728, 0, 11111111, 0 ]
Array(7) [ 416, 478, 332736, 719232, 8, 11111111, 0 ]
Array(5) [ 417, 589, 332744, 34, 11111111 ]
Array(5) [ 418, 123, 332744, 34, 11111111 ]
Array(6) [ 419, 581, 332728, 0, 11111111, 0 ]
Array(4) [ 420, 352, 332736, 896072 ]
Array(4) [ 421, 793, 332736, 896072 ]
Array(4) [ 422, 211, 332736, 896072 ]
Array(4) [ 423, 383, 332736, 896072 ]
Array(4) [ 424, 722, 332736, 896072 ]
Array(4) [ 425, 286, 332736, 896072 ]
Array(4) [ 426, 746, 332736, 896072 ]
Array(6) [ 427, 581, 332728, 0, 11111111, 0 ]
Array(4) [ 428, 581, 332736, 896072 ]
Array(6) [ 429, 352, 332744, 34, 11111111, 0 ]
Array(6) [ 430, 793, 332744, 34, 11111111, 896072 ]
Array(5) [ 431, 46, 332744, 34, 11111111 ]
Array(6) [ 432, 618, 332752, 20, 11111111, 1 ]
Array(3) [ 433, 589, 332744 ]
Array(3) [ 434, 383, 332744 ]
Array(3) [ 435, 123, 332744 ]
Array(6) [ 436, 340, 332728, 0, 11111111, 0 ]
Array(7) [ 437, 629, 332736, 896072, 0, 11111111, 24 ]
Array(3) [ 438, 579, 332744 ]
Array(6) [ 439, 211, 332736, 24, 11111111, 0 ]
Array(6) [ 440, 286, 332736, 24, 11111111, 0 ]
Array(6) [ 441, 286, 332736, 24, 11111111, 0 ]
Array(6) [ 442, 746, 332736, 24, 11111111, 0 ]
Array(6) [ 443, 632, 332728, 0, 11111111, 0 ]
Array(6) [ 444, 249, 332736, 24, 11111111, 10 ]
Array(6) [ 445, 383, 332736, 24, 11111111, 10 ]
Array(6) [ 446, 391, 332736, 24, 11111111, 10 ]
Array(6) [ 447, 373, 332728, 0, 11111111, 0 ]
Array(6) [ 448, 307, 332728, 0, 11111111, 0 ]
Array(7) [ 449, 114, 332736, 24, 11111111, 1404080, 0 ]
Array(3) [ 450, 659, 332744 ]
Array(3) [ 451, 209, 332744 ]
Array(6) [ 452, 307, 332728, 0, 11111111, 0 ]
Array(8) [ 453, 572, 332736, 1405524, 0, 11111111, 1404080, 0 ]
Array(3) [ 454, 659, 332744 ]
Array(3) [ 455, 342, 332744 ]
Array(6) [ 456, 307, 332728, 0, 11111111, 0 ]
Array(8) [ 457, 113, 332736, 1405544, 0, 11111111, 1404080, 0 ]
Array(3) [ 458, 659, 332744 ]
Array(3) [ 459, 342, 332744 ]
Array(6) [ 460, 307, 332728, 0, 11111111, 0 ]
Array(8) [ 461, 2, 332736, 1405536, 0, 11111111, 1404080, 0 ]
Array(3) [ 462, 659, 332744 ]
Array(3) [ 463, 342, 332744 ]
Array(6) [ 464, 307, 332728, 0, 11111111, 0 ]
Array(8) [ 465, 104, 332736, 1405528, 0, 11111111, 1404080, 0 ]
Array(3) [ 466, 659, 332744 ]
Array(3) [ 467, 673, 332744 ]
Array(6) [ 468, 307, 332728, 0, 11111111, 0 ]
Array(8) [ 469, 41, 332736, 1405527, 19, 11111111, 1404080, 0 ]
Array(3) [ 470, 659, 332744 ]
Array(3) [ 471, 673, 332744 ]
Array(6) [ 472, 307, 332728, 0, 11111111, 0 ]
Array(8) [ 473, 410, 332736, 1405523, 40, 11111111, 1404080, 0 ]
Array(3) [ 474, 659, 332744 ]
Array(3) [ 475, 673, 332744 ]
Array(6) [ 476, 307, 332728, 0, 11111111, 0 ]
Array(8) [ 477, 429, 332736, 1405522, 10280, 11111111, 1404080, 0 ]
Array(3) [ 478, 659, 332744 ]
Array(3) [ 479, 673, 332744 ]
Array(6) [ 480, 307, 332728, 0, 11111111, 0 ]
Array(8) [ 481, 512, 332736, 1405521, 2631739, 11111111, 1404080, 0 ]
Array(3) [ 482, 659, 332744 ]
Array(3) [ 483, 673, 332744 ]
Array(6) [ 484, 307, 332728, 0, 11111111, 0 ]
Array(8) [ 485, 581, 332736, 1405520, 673725194, 11111111, 1404080, 0 ]
Array(3) [ 486, 659, 332744 ]
Array(3) [ 487, 209, 332744 ]
Array(6) [ 488, 307, 332728, 0, 11111111, 0 ]
Array(8) [ 489, 114, 332736, 1405208, 349569024, 11111111, 1404080, 0 ]
Array(3) [ 490, 632, 332744 ]
Array(6) [ 491, 75, 332752, 20, 11111111, 16 ]
Array(6) [ 492, 659, 332744, 0, 11111111, 0 ]
Array(6) [ 493, 673, 332744, 0, 11111111, 0 ]
Array(6) [ 494, 307, 332728, 0, 11111111, 0 ]
Array(8) [ 495, 274, 332736, 1405526, 4864, 11111111, 1404080, 0 ]
Array(8) [ 496, 383, 332736, 1405526, 4864, 11111111, 1405520, 673725194 ]
Array(8) [ 497, 319, 332736, 1405526, 4864, 11111111, 1405520, 673725194 ]
Array(8) [ 498, 391, 332736, 1405526, 4864, 11111111, 1405520, 673725194 ]
Array(6) [ 499, 307, 332728, 0, 11111111, 0 ]
