747
274
793
250
391
629
25
747
274
793
211
329
391
373
629
482
391
46
335
391
581
249
391
717
629
222
488
22
383
410
791
428
435
706
286
286
780
307
383
352
207
286
286
746
747
307
352
637
659
342
747
307
352
637
659
342
747
307
352
637
659
342
747
307
352
637
383
659
342
747
721
589
123
747
726
589
123
721
249
391
726
488
391
114
632
428
286
746
721
114
352
488
618
249
274
727
527
383
391
512
241
479
391
721
249
391
726
497
391
726
410
776
632
636
286
746
581
383
391
114
274
497
581
79
286
286
746
581
249
391
383
726
722
746
747
726
659
123
747
721
659
123
46
249
391
286
747
512
659
123
747
352
46
796
747
274
629
757
# call 486
# call 208
# call 302
# call 423
# call 405
747
352
793
46
501
383
286
746
747
747
352
793
249
589
123
383
747
796
589
123
101
294
632
132
548
479
391
512
410
618
395
747
274
26
507
104
747
274
274
26
659
507
104
383
747
274
286
373
274
26
659
507
104
747
274
274
26
659
507
747
114
383
274
211
589
123
307
352
26
527
391
796
114
776
632
636
286
746
512
114
618
294
507
747
274
512
114
601
618
211
629
289
# call 480
# call 423
# call 229
101
478
663
550
747
274
793
383
747
274
373
727
383
632
132
548
350
286
286
746
512
410
114
410
114
428
435
395
747
383
274
294
735
392
391
743
391
576
391
629
31
391
753
722
746
651
632
564
48
391
208
274
128
391
208
383
274
256
391
651
373
105
391
208
274
173
391
581
455
383
391
614
# call 271
307
294
46
618
589
383
342
747
352
793
211
629
468
286
286
746
512
632
550
335
391
512
383
629
550
249
391
114
482
391
286
286
373
717
629
468
383
286
746
429
383
629
468
286
286
746
383
429
629
501
286
746
41
512
548
488
391
429
629
222
211
22
114
791
383
428
435
780
307
410
104
204
383
391
592
391
394
391
629
535
391
715
722
746
198
715
478
618
128
659
123
198
139
46
618
477
659
383
123
139
207
171
632
132
478
222
117
669
286
286
780
791
204
391
359
383
632
550
352
780
198
280
659
342
198
360
659
342
198
198
274
383
26
312
659
342
198
198
274
26
273
659
342
198
36
659
673
198
715
659
286
373
123
198
383
139
659
209
198
139
632
75
659
673
632
722
746
198
274
198
274
632
629
289
# call 423
286
782
708
632
564
228
669
391
816
128
391
625
708
477
391
198
274
793
383
722
746
198
274
793
259
383
391
632
722
286
286
746
198
274
198
274
632
629
289
# call 423
286
816
632
564
750
391
715
352
592
632
383
139
632
428
435
286
780
308
352
25
717
717
274
727
46
618
706
659
209
717
629
550
383
632
501
286
746
717
581
659
209
717
383
274
727
706
601
315
286
746
581
352
26
640
46
651
46
806
435
735
717
717
383
453
132
618
706
26
640
150
286
286
746
717
26
640
383
150
286
286
746
717
651
383
342
717
581
717
274
727
46
618
706
717
629
550
601
468
435
659
209
286
286
373
198
629
659
123
308
352
207
22
468
383
286
746
308
352
394
391
383
198
581
659
123
198
581
663
659
342
198
274
632
629
195
# call 558
# call 508
# call 486
# call 442
# call 302
198
274
793
204
352
780
715
383
629
636
286
286
746
198
274
198
274
629
195
# call 416
# call 302
# call 405
308
198
383
274
793
204
198
274
793
629
289
# call 274
# call 302
# call 423
# call 271
# call 486
# call 208
# call 302
# call 423
# call 405
# call 480
# call 423
# call 229
