app.wasm:1 747
app.wasm:1 274
app.wasm:1 793
app.wasm:1 250
app.wasm:1 391
app.wasm:1 629
app.wasm:1 25
app.wasm:1 747
app.wasm:1 274
app.wasm:1 793
app.wasm:1 211
app.wasm:1 329
app.wasm:1 391
app.wasm:1 373
app.wasm:1 629
app.wasm:1 482
app.wasm:1 391
app.wasm:1 46
app.wasm:1 335
app.wasm:1 391
app.wasm:1 581
app.wasm:1 249
app.wasm:1 391
app.wasm:1 717
app.wasm:1 629
app.wasm:1 222
app.wasm:1 488
app.wasm:1 22
app.wasm:1 383
app.wasm:1 410
app.wasm:1 791
app.wasm:1 428
app.wasm:1 435
app.wasm:1 706
app.wasm:1 286
app.wasm:1 286
app.wasm:1 780
app.wasm:1 307
app.wasm:1 383
app.wasm:1 352
app.wasm:1 207
app.wasm:1 286
app.wasm:1 286
app.wasm:1 746
app.wasm:1 747
app.wasm:1 307
app.wasm:1 352
app.wasm:1 637
app.wasm:1 659
app.wasm:1 342
app.wasm:1 747
app.wasm:1 307
app.wasm:1 352
app.wasm:1 637
app.wasm:1 659
app.wasm:1 342
app.wasm:1 747
app.wasm:1 307
app.wasm:1 352
app.wasm:1 637
app.wasm:1 659
app.wasm:1 342
app.wasm:1 747
app.wasm:1 307
app.wasm:1 352
app.wasm:1 637
app.wasm:1 383
app.wasm:1 659
app.wasm:1 342
app.wasm:1 747
app.wasm:1 721
app.wasm:1 589
app.wasm:1 123
app.wasm:1 747
app.wasm:1 726
app.wasm:1 589
app.wasm:1 123
app.wasm:1 721
app.wasm:1 249
app.wasm:1 391
app.wasm:1 726
app.wasm:1 488
app.wasm:1 391
app.wasm:1 114
app.wasm:1 632
app.wasm:0x714d7 428
app.wasm:0x714d7 286
app.wasm:0x714d7 746
app.wasm:1 721
app.wasm:1 114
app.wasm:1 352
app.wasm:1 488
app.wasm:1 618
app.wasm:1 249
app.wasm:1 274
app.wasm:1 727
app.wasm:1 527
app.wasm:1 383
app.wasm:1 391
app.wasm:1 512
app.wasm:1 241
app.wasm:1 479
app.wasm:1 391
app.wasm:1 721
app.wasm:1 249
app.wasm:1 391
app.wasm:1 726
app.wasm:1 497
app.wasm:1 391
app.wasm:1 726
app.wasm:1 410
app.wasm:1 776
app.wasm:1 632
app.wasm:1 636
app.wasm:1 286
app.wasm:1 746
app.wasm:1 581
app.wasm:1 383
app.wasm:1 391
app.wasm:1 114
app.wasm:1 274
app.wasm:1 497
app.wasm:1 581
app.wasm:1 79
app.wasm:1 286
app.wasm:1 286
app.wasm:1 746
app.wasm:1 581
app.wasm:1 249
app.wasm:1 391
app.wasm:1 383
app.wasm:1 726
app.wasm:1 722
app.wasm:1 746
app.wasm:1 747
app.wasm:1 726
app.wasm:1 659
app.wasm:1 123
app.wasm:1 747
app.wasm:1 721
app.wasm:1 659
app.wasm:1 123
app.wasm:1 46
app.wasm:1 249
app.wasm:1 391
app.wasm:1 286
app.wasm:1 747
app.wasm:1 512
app.wasm:1 659
app.wasm:1 123
app.wasm:1 747
app.wasm:1 352
app.wasm:1 46
app.wasm:1 796
app.wasm:1 747
app.wasm:1 274
app.wasm:1 629
app.wasm:1 757
app.wasm:1 747
app.wasm:1 352
app.wasm:1 793
app.wasm:1 46
app.wasm:1 501
app.wasm:1 383
app.wasm:1 286
app.wasm:1 746
app.wasm:1 747
app.wasm:1 747
app.wasm:1 352
app.wasm:1 793
app.wasm:1 249
app.wasm:1 589
app.wasm:1 123
app.wasm:1 383
app.wasm:1 747
app.wasm:1 796
app.wasm:1 589
app.wasm:1 123
app.wasm:1 101
app.wasm:1 294
app.wasm:1 632
app.wasm:1 132
app.wasm:1 548
app.wasm:1 479
app.wasm:1 391
app.wasm:1 512
app.wasm:1 410
app.wasm:1 618
app.wasm:1 395
app.wasm:1 747
app.wasm:1 274
app.wasm:1 26
app.wasm:1 507
app.wasm:1 104
app.wasm:1 747
app.wasm:1 274
app.wasm:1 274
app.wasm:1 26
app.wasm:1 659
app.wasm:1 507
app.wasm:1 104
app.wasm:1 383
app.wasm:1 747
app.wasm:1 274
app.wasm:1 286
app.wasm:1 373
app.wasm:1 274
app.wasm:1 26
app.wasm:1 659
app.wasm:1 507
app.wasm:1 104
app.wasm:1 747
app.wasm:1 274
app.wasm:1 274
app.wasm:1 26
app.wasm:1 659
app.wasm:1 507
app.wasm:1 747
app.wasm:1 114
app.wasm:1 383
app.wasm:1 274
app.wasm:1 211
app.wasm:1 589
app.wasm:1 123
app.wasm:1 307
app.wasm:1 352
app.wasm:1 26
app.wasm:1 527
app.wasm:1 391
app.wasm:1 796
app.wasm:1 114
app.wasm:1 776
app.wasm:1 632
app.wasm:1 636
app.wasm:1 286
app.wasm:1 746
app.wasm:1 512
app.wasm:1 114
app.wasm:1 618
app.wasm:1 294
app.wasm:1 507
app.wasm:1 747
app.wasm:1 274
app.wasm:1 512
app.wasm:1 114
app.wasm:1 601
app.wasm:1 618
app.wasm:1 211
app.wasm:1 629
app.wasm:1 289
app.wasm:1 101
app.wasm:1 478
app.wasm:1 663
app.wasm:1 550
app.wasm:1 747
app.wasm:1 274
app.wasm:1 793
app.wasm:1 383
app.wasm:1 747
app.wasm:1 274
app.wasm:1 373
app.wasm:1 727
app.wasm:1 383
app.wasm:1 632
app.wasm:1 132
app.wasm:1 548
app.wasm:1 350
app.wasm:1 286
app.wasm:1 286
app.wasm:1 746
app.wasm:1 512
app.wasm:1 410
app.wasm:1 114
app.wasm:1 410
app.wasm:1 114
app.wasm:1 428
app.wasm:1 435
app.wasm:1 395
app.wasm:1 747
app.wasm:1 383
app.wasm:1 274
app.wasm:1 294
app.wasm:1 735
app.wasm:1 392
app.wasm:1 391
app.wasm:1 743
app.wasm:1 391
app.wasm:1 576
app.wasm:1 391
app.wasm:1 629
app.wasm:1 31
app.wasm:1 391
app.wasm:1 753
app.wasm:1 722
app.wasm:1 746
app.wasm:1 651
app.wasm:1 632
app.wasm:1 564
app.wasm:1 48
app.wasm:1 391
app.wasm:1 208
app.wasm:1 274
app.wasm:1 128
app.wasm:1 391
app.wasm:1 208
app.wasm:1 383
app.wasm:1 274
app.wasm:1 256
app.wasm:1 391
app.wasm:1 651
app.wasm:1 373
app.wasm:1 105
app.wasm:1 391
app.wasm:1 208
app.wasm:1 274
app.wasm:1 173
app.wasm:1 391
app.wasm:1 581
app.wasm:1 455
app.wasm:1 383
app.wasm:1 391
app.wasm:1 614
app.wasm:1 307
app.wasm:1 294
app.wasm:1 46
app.wasm:1 618
app.wasm:1 589
app.wasm:1 383
app.wasm:1 342
app.wasm:1 747
app.wasm:1 352
app.wasm:1 793
app.wasm:1 211
app.wasm:1 629
app.wasm:1 468
app.wasm:1 286
app.wasm:1 286
app.wasm:1 746
app.wasm:1 512
app.wasm:1 632
app.wasm:1 550
app.wasm:1 335
app.wasm:1 391
app.wasm:1 512
app.wasm:1 383
app.wasm:1 629
app.wasm:1 550
app.wasm:1 249
app.wasm:1 391
app.wasm:1 114
app.wasm:1 482
app.wasm:1 391
app.wasm:1 286
app.wasm:1 286
app.wasm:1 373
app.wasm:1 717
app.wasm:1 629
app.wasm:1 468
app.wasm:1 383
app.wasm:1 286
app.wasm:1 746
app.wasm:1 429
app.wasm:1 383
app.wasm:1 629
app.wasm:1 468
app.wasm:1 286
app.wasm:1 286
app.wasm:1 746
app.wasm:1 383
app.wasm:1 429
app.wasm:1 629
app.wasm:1 501
app.wasm:1 286
app.wasm:1 746
app.wasm:1 41
app.wasm:1 512
app.wasm:1 548
app.wasm:1 488
app.wasm:1 391
app.wasm:1 429
app.wasm:1 629
app.wasm:1 222
app.wasm:1 211
app.wasm:1 22
app.wasm:1 114
app.wasm:1 791
app.wasm:1 383
app.wasm:1 428
app.wasm:1 435
app.wasm:1 780
app.wasm:1 307
app.wasm:1 410
app.wasm:1 104
app.wasm:1 204
app.wasm:1 383
app.wasm:1 391
app.wasm:1 592
app.wasm:1 391
app.wasm:1 394
app.wasm:1 391
app.wasm:1 629
app.wasm:1 535
app.wasm:1 391
app.wasm:1 715
app.wasm:1 722
app.wasm:1 746
app.wasm:1 198
app.wasm:1 715
app.wasm:1 478
app.wasm:1 618
app.wasm:1 128
app.wasm:1 659
app.wasm:1 123
app.wasm:1 198
app.wasm:1 139
app.wasm:1 46
app.wasm:1 618
app.wasm:1 477
app.wasm:1 659
app.wasm:1 383
app.wasm:1 123
app.wasm:1 139
app.wasm:1 207
app.wasm:1 171
app.wasm:1 632
app.wasm:1 132
app.wasm:1 478
app.wasm:1 222
app.wasm:1 117
app.wasm:1 669
app.wasm:1 286
app.wasm:1 286
app.wasm:1 780
app.wasm:1 791
app.wasm:1 204
app.wasm:1 391
app.wasm:1 359
app.wasm:1 383
app.wasm:1 632
app.wasm:1 550
app.wasm:1 352
app.wasm:1 780
app.wasm:1 198
app.wasm:1 280
app.wasm:1 659
app.wasm:1 342
app.wasm:1 198
app.wasm:1 360
app.wasm:1 659
app.wasm:1 342
app.wasm:1 198
app.wasm:1 198
app.wasm:1 274
app.wasm:1 383
app.wasm:1 26
app.wasm:1 312
app.wasm:1 659
app.wasm:1 342
app.wasm:1 198
app.wasm:1 198
app.wasm:1 274
app.wasm:1 26
app.wasm:1 273
app.wasm:1 659
app.wasm:1 342
app.wasm:1 198
app.wasm:1 36
app.wasm:1 659
app.wasm:1 673
app.wasm:1 198
app.wasm:1 715
app.wasm:1 659
app.wasm:1 286
app.wasm:1 373
app.wasm:1 123
app.wasm:1 198
app.wasm:1 383
app.wasm:1 139
app.wasm:1 659
app.wasm:1 209
app.wasm:1 198
app.wasm:1 139
app.wasm:1 632
app.wasm:1 75
app.wasm:1 659
app.wasm:1 673
app.wasm:1 632
app.wasm:1 722
app.wasm:1 746
app.wasm:1 198
app.wasm:1 274
app.wasm:1 198
app.wasm:1 274
app.wasm:1 632
app.wasm:1 629
app.wasm:1 289
app.wasm:1 286
app.wasm:0x714d7 782
app.wasm:0x714d7 708
app.wasm:0x714d7 632
app.wasm:0x714d7 564
app.wasm:0x714d7 228
app.wasm:0x714d7 669
app.wasm:0x714d7 391
app.wasm:0x714d7 816
app.wasm:0x714d7 128
app.wasm:0x714d7 391
app.wasm:0x714d7 625
app.wasm:0x714d7 708
app.wasm:0x714d7 477
app.wasm:0x714d7 391
app.wasm:0x714d7 198
app.wasm:0x714d7 274
app.wasm:0x714d7 793
app.wasm:0x714d7 383
app.wasm:0x714d7 722
app.wasm:0x714d7 746
app.wasm:0x714d7 198
app.wasm:0x714d7 274
app.wasm:0x714d7 793
app.wasm:0x714d7 259
app.wasm:0x714d7 383
app.wasm:0x714d7 391
app.wasm:0x714d7 632
app.wasm:0x714d7 722
app.wasm:0x714d7 286
app.wasm:0x714d7 286
app.wasm:0x714d7 746
app.wasm:0x714d7 198
app.wasm:0x714d7 274
app.wasm:0x714d7 198
app.wasm:0x714d7 274
app.wasm:0x714d7 632
app.wasm:0x714d7 629
app.wasm:0x714d7 289
app.wasm:0x714d7 286
app.wasm:0x714d7 816
app.wasm:0x714d7 632
app.wasm:0x714d7 564
app.wasm:0x714d7 750
app.wasm:0x714d7 391
app.wasm:0x714d7 715
app.wasm:0x714d7 352
app.wasm:0x714d7 592
app.wasm:0x714d7 632
app.wasm:0x714d7 383
app.wasm:0x714d7 139
app.wasm:0x714d7 632
app.wasm:0x714d7 428
app.wasm:0x714d7 435
app.wasm:0x714d7 286
app.wasm:0x714d7 780
app.wasm:0x714d7 308
app.wasm:0x714d7 352
app.wasm:0x714d7 25
app.wasm:0x714d7 717
app.wasm:0x714d7 717
app.wasm:0x714d7 274
app.wasm:0x714d7 727
app.wasm:0x714d7 46
app.wasm:0x714d7 618
app.wasm:0x714d7 706
app.wasm:0x714d7 659
app.wasm:0x714d7 209
app.wasm:0x714d7 717
app.wasm:0x714d7 629
app.wasm:0x714d7 550
app.wasm:0x714d7 383
app.wasm:0x714d7 632
app.wasm:0x714d7 501
app.wasm:0x714d7 286
app.wasm:0x714d7 746
app.wasm:0x714d7 373
app.wasm:0x714d7 198
app.wasm:0x714d7 629
app.wasm:0x714d7 659
app.wasm:0x714d7 123
app.wasm:0x714d7 308
app.wasm:0x714d7 352
app.wasm:0x714d7 207
app.wasm:0x714d7 22
app.wasm:0x714d7 468
app.wasm:0x714d7 383
app.wasm:0x714d7 286
app.wasm:0x714d7 746
app.wasm:0x714d7 308
app.wasm:0x714d7 352
app.wasm:0x714d7 394
app.wasm:0x714d7 391
app.wasm:0x714d7 383
app.wasm:0x714d7 198
app.wasm:0x714d7 581
app.wasm:0x714d7 659
app.wasm:0x714d7 123
app.wasm:0x714d7 198
app.wasm:0x714d7 581
app.wasm:0x714d7 663
app.wasm:0x714d7 659
app.wasm:0x714d7 342
app.wasm:0x714d7 198
app.wasm:0x714d7 274
app.wasm:0x714d7 632
app.wasm:0x714d7 629
app.wasm:0x714d7 195
app.wasm:0x714d7 198
app.wasm:0x714d7 274
app.wasm:0x714d7 793
app.wasm:0x714d7 204
app.wasm:0x714d7 352
app.wasm:0x714d7 780
app.wasm:0x714d7 715
app.wasm:0x714d7 383
app.wasm:0x714d7 629
app.wasm:0x714d7 636
app.wasm:0x714d7 286
app.wasm:0x714d7 286
app.wasm:0x714d7 746
app.wasm:0x714d7 198
app.wasm:0x714d7 274
app.wasm:0x714d7 198
app.wasm:0x714d7 274
app.wasm:0x714d7 629
app.wasm:0x714d7 195
app.wasm:0x714d7 308
app.wasm:0x714d7 198
app.wasm:0x714d7 383
app.wasm:0x714d7 274
app.wasm:0x714d7 793
app.wasm:0x714d7 204
app.wasm:0x714d7 198
app.wasm:0x714d7 274
app.wasm:0x714d7 793
app.wasm:0x714d7 629
app.wasm:0x714d7 289
